Component: Arm Compiler for Embedded 6.21 Tool: armlink [5ec1fa00]

==============================================================================

Section Cross References

    main.o(.text.main) refers to spi_for_bme.o(.text.SPI1_Master_init) for SPI1_Master_init
    main.o(.text.main) refers to th02.o(.text.I2C_for_TH_init) for I2C_for_TH_init
    main.o(.text.main) refers to ds18b20.o(.text.init_DS18B20) for init_DS18B20
    main.o(.text.main) refers to uart.o(.text.init_USART) for init_USART
    main.o(.text.main) refers to common.o(.text.reset_output_data) for reset_output_data
    main.o(.text.main) refers to common.o(.bss.program_state) for program_state
    main.o(.text.main) refers to ds18b20.o(.text.DS18B20_measure_temperature) for DS18B20_measure_temperature
    main.o(.text.main) refers to th02.o(.text.TH_measure_temperature) for TH_measure_temperature
    main.o(.ARM.exidx.text.main) refers to main.o(.text.main) for [Anonymous Symbol]
    main.o(.text.__io_putchar) refers to uart.o(.text.UART_send_data) for UART_send_data
    main.o(.ARM.exidx.text.__io_putchar) refers to main.o(.text.__io_putchar) for [Anonymous Symbol]
    common.o(.text.reset_output_data) refers to common.o(.bss.output_data) for output_data
    common.o(.text.reset_output_data) refers to common.o(.rodata.str1.1) for .L.str
    common.o(.text.reset_output_data) refers to strcpy.o(.text) for strcpy
    common.o(.text.reset_output_data) refers to common.o(.bss.program_state) for program_state
    common.o(.ARM.exidx.text.reset_output_data) refers to common.o(.text.reset_output_data) for [Anonymous Symbol]
    ds18b20.o(.text.TIM2_IRQHandler) refers to common.o(.bss.program_state) for program_state
    ds18b20.o(.text.TIM2_IRQHandler) refers to ds18b20.o(.bss.ds18b20_cmd) for ds18b20_cmd
    ds18b20.o(.ARM.exidx.text.TIM2_IRQHandler) refers to ds18b20.o(.text.TIM2_IRQHandler) for [Anonymous Symbol]
    ds18b20.o(.ARM.exidx.text.init_Gpio_for_ds) refers to ds18b20.o(.text.init_Gpio_for_ds) for [Anonymous Symbol]
    ds18b20.o(.ARM.exidx.text.init_tim3_for_us) refers to ds18b20.o(.text.init_tim3_for_us) for [Anonymous Symbol]
    ds18b20.o(.text.init_tim2_for_delay) refers to ds18b20.o(.text.__NVIC_EnableIRQ) for __NVIC_EnableIRQ
    ds18b20.o(.text.init_tim2_for_delay) refers to ds18b20.o(.text.__NVIC_SetPriority) for __NVIC_SetPriority
    ds18b20.o(.ARM.exidx.text.init_tim2_for_delay) refers to ds18b20.o(.text.init_tim2_for_delay) for [Anonymous Symbol]
    ds18b20.o(.ARM.exidx.text.__NVIC_EnableIRQ) refers to ds18b20.o(.text.__NVIC_EnableIRQ) for [Anonymous Symbol]
    ds18b20.o(.ARM.exidx.text.__NVIC_SetPriority) refers to ds18b20.o(.text.__NVIC_SetPriority) for [Anonymous Symbol]
    ds18b20.o(.text.ds_reset_pulse) refers to ds18b20.o(.bss.ds18b20_cmd) for ds18b20_cmd
    ds18b20.o(.ARM.exidx.text.ds_reset_pulse) refers to ds18b20.o(.text.ds_reset_pulse) for [Anonymous Symbol]
    ds18b20.o(.ARM.exidx.text.ds_write_bit) refers to ds18b20.o(.text.ds_write_bit) for [Anonymous Symbol]
    ds18b20.o(.text.ds_write_byte) refers to ds18b20.o(.text.ds_write_bit) for ds_write_bit
    ds18b20.o(.ARM.exidx.text.ds_write_byte) refers to ds18b20.o(.text.ds_write_byte) for [Anonymous Symbol]
    ds18b20.o(.ARM.exidx.text.ds_read_bit) refers to ds18b20.o(.text.ds_read_bit) for [Anonymous Symbol]
    ds18b20.o(.text.ds_read_byte) refers to ds18b20.o(.text.ds_read_bit) for ds_read_bit
    ds18b20.o(.ARM.exidx.text.ds_read_byte) refers to ds18b20.o(.text.ds_read_byte) for [Anonymous Symbol]
    ds18b20.o(.ARM.exidx.text.TIM_delay_on) refers to ds18b20.o(.text.TIM_delay_on) for [Anonymous Symbol]
    ds18b20.o(.text.temperature_measurment_start) refers to ds18b20.o(.text.ds_reset_pulse) for ds_reset_pulse
    ds18b20.o(.text.temperature_measurment_start) refers to ds18b20.o(.bss.ds18b20_cmd) for ds18b20_cmd
    ds18b20.o(.text.temperature_measurment_start) refers to ds18b20.o(.text.ds_write_byte) for ds_write_byte
    ds18b20.o(.text.temperature_measurment_start) refers to ds18b20.o(.text.TIM_delay_on) for TIM_delay_on
    ds18b20.o(.ARM.exidx.text.temperature_measurment_start) refers to ds18b20.o(.text.temperature_measurment_start) for [Anonymous Symbol]
    ds18b20.o(.text.temprepature_measurment_read) refers to ds18b20.o(.text.ds_reset_pulse) for ds_reset_pulse
    ds18b20.o(.text.temprepature_measurment_read) refers to ds18b20.o(.bss.ds18b20_cmd) for ds18b20_cmd
    ds18b20.o(.text.temprepature_measurment_read) refers to ds18b20.o(.text.ds_write_byte) for ds_write_byte
    ds18b20.o(.text.temprepature_measurment_read) refers to ds18b20.o(.text.ds_read_byte) for ds_read_byte
    ds18b20.o(.text.temprepature_measurment_read) refers to ds18b20.o(.bss.ds_buff) for ds_buff
    ds18b20.o(.text.temprepature_measurment_read) refers to ds18b20.o(.bss.temp) for temp
    ds18b20.o(.text.temprepature_measurment_read) refers to fflt_clz.o(x$fpl$ffltu) for __aeabi_ui2f
    ds18b20.o(.text.temprepature_measurment_read) refers to f2d.o(x$fpl$f2d) for __aeabi_f2d
    ds18b20.o(.text.temprepature_measurment_read) refers to dmul.o(x$fpl$dmul) for __aeabi_dmul
    ds18b20.o(.text.temprepature_measurment_read) refers to d2f.o(x$fpl$d2f) for __aeabi_d2f
    ds18b20.o(.text.temprepature_measurment_read) refers to common.o(.bss.output_data) for output_data
    ds18b20.o(.ARM.exidx.text.temprepature_measurment_read) refers to ds18b20.o(.text.temprepature_measurment_read) for [Anonymous Symbol]
    ds18b20.o(.text.init_DS18B20) refers to ds18b20.o(.text.init_Gpio_for_ds) for init_Gpio_for_ds
    ds18b20.o(.text.init_DS18B20) refers to ds18b20.o(.text.init_tim3_for_us) for init_tim3_for_us
    ds18b20.o(.text.init_DS18B20) refers to ds18b20.o(.text.init_tim2_for_delay) for init_tim2_for_delay
    ds18b20.o(.ARM.exidx.text.init_DS18B20) refers to ds18b20.o(.text.init_DS18B20) for [Anonymous Symbol]
    ds18b20.o(.text.DS18B20_measure_temperature) refers to ds18b20.o(.bss.ds18b20_cmd) for ds18b20_cmd
    ds18b20.o(.text.DS18B20_measure_temperature) refers to ds18b20.o(.text.temperature_measurment_start) for temperature_measurment_start
    ds18b20.o(.text.DS18B20_measure_temperature) refers to ds18b20.o(.text.temprepature_measurment_read) for temprepature_measurment_read
    ds18b20.o(.ARM.exidx.text.DS18B20_measure_temperature) refers to ds18b20.o(.text.DS18B20_measure_temperature) for [Anonymous Symbol]
    th02.o(.ARM.exidx.text.init_GPIO_for_I2C) refers to th02.o(.text.init_GPIO_for_I2C) for [Anonymous Symbol]
    th02.o(.text.I2C_for_TH_init) refers to th02.o(.text.init_GPIO_for_I2C) for init_GPIO_for_I2C
    th02.o(.ARM.exidx.text.I2C_for_TH_init) refers to th02.o(.text.I2C_for_TH_init) for [Anonymous Symbol]
    th02.o(.ARM.exidx.text.I2C_TH_SendByte) refers to th02.o(.text.I2C_TH_SendByte) for [Anonymous Symbol]
    th02.o(.ARM.exidx.text.I2C_TH_Send_NBytes) refers to th02.o(.text.I2C_TH_Send_NBytes) for [Anonymous Symbol]
    th02.o(.ARM.exidx.text.I2C_Get_Data) refers to th02.o(.text.I2C_Get_Data) for [Anonymous Symbol]
    th02.o(.text.TH_measure_temperature) refers to th02.o(.bss.start_state) for start_state
    th02.o(.text.TH_measure_temperature) refers to th02.o(.text.I2C_TH_Send_NBytes) for I2C_TH_Send_NBytes
    th02.o(.text.TH_measure_temperature) refers to th02.o(.text.I2C_Get_Data) for I2C_Get_Data
    th02.o(.text.TH_measure_temperature) refers to fflt_clz.o(x$fpl$ffltu) for __aeabi_ui2f
    th02.o(.text.TH_measure_temperature) refers to f2d.o(x$fpl$f2d) for __aeabi_f2d
    th02.o(.text.TH_measure_temperature) refers to dmul.o(x$fpl$dmul) for __aeabi_dmul
    th02.o(.text.TH_measure_temperature) refers to ddiv.o(x$fpl$ddiv) for __aeabi_ddiv
    th02.o(.text.TH_measure_temperature) refers to d2f.o(x$fpl$d2f) for __aeabi_d2f
    th02.o(.text.TH_measure_temperature) refers to daddsub_clz.o(x$fpl$dadd) for __aeabi_dadd
    th02.o(.text.TH_measure_temperature) refers to common.o(.bss.output_data) for output_data
    th02.o(.ARM.exidx.text.TH_measure_temperature) refers to th02.o(.text.TH_measure_temperature) for [Anonymous Symbol]
    spi_for_bme.o(.text.DMA1_Channel2_IRQHandler) refers to spi_for_bme.o(.text.SPI_cs_set) for SPI_cs_set
    spi_for_bme.o(.ARM.exidx.text.DMA1_Channel2_IRQHandler) refers to spi_for_bme.o(.text.DMA1_Channel2_IRQHandler) for [Anonymous Symbol]
    spi_for_bme.o(.ARM.exidx.text.SPI_cs_set) refers to spi_for_bme.o(.text.SPI_cs_set) for [Anonymous Symbol]
    spi_for_bme.o(.text.DMA1_Channel3_IRQHandler) refers to spi_for_bme.o(.text.SPI_cs_set) for SPI_cs_set
    spi_for_bme.o(.ARM.exidx.text.DMA1_Channel3_IRQHandler) refers to spi_for_bme.o(.text.DMA1_Channel3_IRQHandler) for [Anonymous Symbol]
    spi_for_bme.o(.text.init_GPIO_for_SPI) refers to spi_for_bme.o(.text.SPI_cs_set) for SPI_cs_set
    spi_for_bme.o(.ARM.exidx.text.init_GPIO_for_SPI) refers to spi_for_bme.o(.text.init_GPIO_for_SPI) for [Anonymous Symbol]
    spi_for_bme.o(.text.SPI1_Master_init) refers to spi_for_bme.o(.text.init_GPIO_for_SPI) for init_GPIO_for_SPI
    spi_for_bme.o(.text.SPI1_Master_init) refers to spi_for_bme.o(.text.DMA_for_SPI_init) for DMA_for_SPI_init
    spi_for_bme.o(.ARM.exidx.text.SPI1_Master_init) refers to spi_for_bme.o(.text.SPI1_Master_init) for [Anonymous Symbol]
    spi_for_bme.o(.text.DMA_for_SPI_init) refers to spi_for_bme.o(.bss.buffer_SPI_RX) for buffer_SPI_RX
    spi_for_bme.o(.text.DMA_for_SPI_init) refers to spi_for_bme.o(.bss.buffer_SPI_TX) for buffer_SPI_TX
    spi_for_bme.o(.text.DMA_for_SPI_init) refers to spi_for_bme.o(.text.__NVIC_EnableIRQ) for __NVIC_EnableIRQ
    spi_for_bme.o(.text.DMA_for_SPI_init) refers to spi_for_bme.o(.text.__NVIC_SetPriority) for __NVIC_SetPriority
    spi_for_bme.o(.ARM.exidx.text.DMA_for_SPI_init) refers to spi_for_bme.o(.text.DMA_for_SPI_init) for [Anonymous Symbol]
    spi_for_bme.o(.ARM.exidx.text.SPI_cs_clear) refers to spi_for_bme.o(.text.SPI_cs_clear) for [Anonymous Symbol]
    spi_for_bme.o(.ARM.exidx.text.__NVIC_EnableIRQ) refers to spi_for_bme.o(.text.__NVIC_EnableIRQ) for [Anonymous Symbol]
    spi_for_bme.o(.ARM.exidx.text.__NVIC_SetPriority) refers to spi_for_bme.o(.text.__NVIC_SetPriority) for [Anonymous Symbol]
    spi_for_bme.o(.text.SPI1_SendData_BME) refers to spi_for_bme.o(.text.SPI_cs_clear) for SPI_cs_clear
    spi_for_bme.o(.ARM.exidx.text.SPI1_SendData_BME) refers to spi_for_bme.o(.text.SPI1_SendData_BME) for [Anonymous Symbol]
    spi_for_bme.o(.text.SPI1_GetData_BME) refers to spi_for_bme.o(.text.SPI_cs_clear) for SPI_cs_clear
    spi_for_bme.o(.ARM.exidx.text.SPI1_GetData_BME) refers to spi_for_bme.o(.text.SPI1_GetData_BME) for [Anonymous Symbol]
    spi_for_bme.o(.text.BME_init) refers to spi_for_bme.o(.bss.buffer_SPI_TX) for buffer_SPI_TX
    spi_for_bme.o(.text.BME_init) refers to spi_for_bme.o(.text.SPI1_SendData_BME) for SPI1_SendData_BME
    spi_for_bme.o(.text.BME_init) refers to spi_for_bme.o(.text.SPI1_GetData_BME) for SPI1_GetData_BME
    spi_for_bme.o(.ARM.exidx.text.BME_init) refers to spi_for_bme.o(.text.BME_init) for [Anonymous Symbol]
    uart.o(.ARM.exidx.text.DMA1_Channel4_IRQHandler) refers to uart.o(.text.DMA1_Channel4_IRQHandler) for [Anonymous Symbol]
    uart.o(.ARM.exidx.text.init_GPIO_for_USART) refers to uart.o(.text.init_GPIO_for_USART) for [Anonymous Symbol]
    uart.o(.text.init_USART) refers to uart.o(.text.init_GPIO_for_USART) for init_GPIO_for_USART
    uart.o(.text.init_USART) refers to uart.o(.text.init_DMA_for_USART) for init_DMA_for_USART
    uart.o(.text.init_USART) refers to system_stm32f10x.o(.data.SystemCoreClock) for SystemCoreClock
    uart.o(.ARM.exidx.text.init_USART) refers to uart.o(.text.init_USART) for [Anonymous Symbol]
    uart.o(.text.init_DMA_for_USART) refers to common.o(.bss.output_data) for output_data
    uart.o(.text.init_DMA_for_USART) refers to uart.o(.text.__NVIC_EnableIRQ) for __NVIC_EnableIRQ
    uart.o(.text.init_DMA_for_USART) refers to uart.o(.text.__NVIC_SetPriority) for __NVIC_SetPriority
    uart.o(.ARM.exidx.text.init_DMA_for_USART) refers to uart.o(.text.init_DMA_for_USART) for [Anonymous Symbol]
    uart.o(.ARM.exidx.text.__NVIC_EnableIRQ) refers to uart.o(.text.__NVIC_EnableIRQ) for [Anonymous Symbol]
    uart.o(.ARM.exidx.text.__NVIC_SetPriority) refers to uart.o(.text.__NVIC_SetPriority) for [Anonymous Symbol]
    uart.o(.ARM.exidx.text.UART_send_data) refers to uart.o(.text.UART_send_data) for [Anonymous Symbol]
    startup_stm32f10x_md_vl.o(STACK) refers (Special) to heapauxi.o(.text) for __use_two_region_memory
    startup_stm32f10x_md_vl.o(HEAP) refers (Special) to heapauxi.o(.text) for __use_two_region_memory
    startup_stm32f10x_md_vl.o(RESET) refers (Special) to heapauxi.o(.text) for __use_two_region_memory
    startup_stm32f10x_md_vl.o(RESET) refers to startup_stm32f10x_md_vl.o(STACK) for __initial_sp
    startup_stm32f10x_md_vl.o(RESET) refers to startup_stm32f10x_md_vl.o(.text) for Reset_Handler
    startup_stm32f10x_md_vl.o(RESET) refers to spi_for_bme.o(.text.DMA1_Channel2_IRQHandler) for DMA1_Channel2_IRQHandler
    startup_stm32f10x_md_vl.o(RESET) refers to spi_for_bme.o(.text.DMA1_Channel3_IRQHandler) for DMA1_Channel3_IRQHandler
    startup_stm32f10x_md_vl.o(RESET) refers to uart.o(.text.DMA1_Channel4_IRQHandler) for DMA1_Channel4_IRQHandler
    startup_stm32f10x_md_vl.o(RESET) refers to ds18b20.o(.text.TIM2_IRQHandler) for TIM2_IRQHandler
    startup_stm32f10x_md_vl.o(.text) refers (Special) to heapauxi.o(.text) for __use_two_region_memory
    startup_stm32f10x_md_vl.o(.text) refers to system_stm32f10x.o(.text.SystemInit) for SystemInit
    startup_stm32f10x_md_vl.o(.text) refers to __main.o(!!!main) for __main
    startup_stm32f10x_md_vl.o(.text) refers to startup_stm32f10x_md_vl.o(HEAP) for Heap_Mem
    startup_stm32f10x_md_vl.o(.text) refers to startup_stm32f10x_md_vl.o(STACK) for Stack_Mem
    system_stm32f10x.o(.text.SystemInit) refers to system_stm32f10x.o(.text.SetSysClock) for SetSysClock
    system_stm32f10x.o(.ARM.exidx.text.SystemInit) refers to system_stm32f10x.o(.text.SystemInit) for [Anonymous Symbol]
    system_stm32f10x.o(.text.SetSysClock) refers to system_stm32f10x.o(.text.SetSysClockTo24) for SetSysClockTo24
    system_stm32f10x.o(.ARM.exidx.text.SetSysClock) refers to system_stm32f10x.o(.text.SetSysClock) for [Anonymous Symbol]
    system_stm32f10x.o(.text.SystemCoreClockUpdate) refers to system_stm32f10x.o(.data.SystemCoreClock) for SystemCoreClock
    system_stm32f10x.o(.text.SystemCoreClockUpdate) refers to system_stm32f10x.o(.rodata.AHBPrescTable) for AHBPrescTable
    system_stm32f10x.o(.ARM.exidx.text.SystemCoreClockUpdate) refers to system_stm32f10x.o(.text.SystemCoreClockUpdate) for [Anonymous Symbol]
    system_stm32f10x.o(.ARM.exidx.text.SetSysClockTo24) refers to system_stm32f10x.o(.text.SetSysClockTo24) for [Anonymous Symbol]
    __main.o(!!!main) refers to __rtentry.o(.ARM.Collect$$rtentry$$00000000) for __rt_entry
    d2f.o(x$fpl$d2f) refers (Special) to usenofp.o(x$fpl$usenofp) for __I$use$fp
    d2f.o(x$fpl$d2f) refers to fretinf.o(x$fpl$fretinf) for __fpl_fretinf
    d2f.o(x$fpl$d2f) refers to dnaninf.o(x$fpl$dnaninf) for __fpl_dnaninf
    daddsub_clz.o(x$fpl$dadd) refers (Special) to usenofp.o(x$fpl$usenofp) for __I$use$fp
    daddsub_clz.o(x$fpl$dadd) refers to daddsub_clz.o(x$fpl$dsub) for _dsub1
    daddsub_clz.o(x$fpl$dadd) refers to dretinf.o(x$fpl$dretinf) for __fpl_dretinf
    daddsub_clz.o(x$fpl$dadd) refers to dnaninf.o(x$fpl$dnaninf) for __fpl_dnaninf
    daddsub_clz.o(x$fpl$drsb) refers (Special) to usenofp.o(x$fpl$usenofp) for __I$use$fp
    daddsub_clz.o(x$fpl$drsb) refers to daddsub_clz.o(x$fpl$dadd) for _dadd1
    daddsub_clz.o(x$fpl$drsb) refers to daddsub_clz.o(x$fpl$dsub) for _dsub1
    daddsub_clz.o(x$fpl$dsub) refers (Special) to usenofp.o(x$fpl$usenofp) for __I$use$fp
    daddsub_clz.o(x$fpl$dsub) refers to daddsub_clz.o(x$fpl$dadd) for _dadd1
    daddsub_clz.o(x$fpl$dsub) refers to dnaninf.o(x$fpl$dnaninf) for __fpl_dnaninf
    ddiv.o(x$fpl$drdiv) refers (Special) to usenofp.o(x$fpl$usenofp) for __I$use$fp
    ddiv.o(x$fpl$drdiv) refers to ddiv.o(x$fpl$ddiv) for ddiv_entry
    ddiv.o(x$fpl$ddiv) refers (Special) to usenofp.o(x$fpl$usenofp) for __I$use$fp
    ddiv.o(x$fpl$ddiv) refers to dretinf.o(x$fpl$dretinf) for __fpl_dretinf
    ddiv.o(x$fpl$ddiv) refers to dnaninf.o(x$fpl$dnaninf) for __fpl_dnaninf
    dmul.o(x$fpl$dmul) refers (Special) to usenofp.o(x$fpl$usenofp) for __I$use$fp
    dmul.o(x$fpl$dmul) refers to dretinf.o(x$fpl$dretinf) for __fpl_dretinf
    dmul.o(x$fpl$dmul) refers to dnaninf.o(x$fpl$dnaninf) for __fpl_dnaninf
    f2d.o(x$fpl$f2d) refers (Special) to usenofp.o(x$fpl$usenofp) for __I$use$fp
    f2d.o(x$fpl$f2d) refers to fnaninf.o(x$fpl$fnaninf) for __fpl_fnaninf
    f2d.o(x$fpl$f2d) refers to dretinf.o(x$fpl$dretinf) for __fpl_dretinf
    fflt_clz.o(x$fpl$ffltu) refers (Special) to usenofp.o(x$fpl$usenofp) for __I$use$fp
    fflt_clz.o(x$fpl$fflt) refers (Special) to usenofp.o(x$fpl$usenofp) for __I$use$fp
    fflt_clz.o(x$fpl$ffltn) refers (Special) to usenofp.o(x$fpl$usenofp) for __I$use$fp
    __rtentry.o(.ARM.Collect$$rtentry$$00000000) refers (Special) to __rtentry2.o(.ARM.Collect$$rtentry$$0000000A) for __rt_entry_li
    __rtentry.o(.ARM.Collect$$rtentry$$00000000) refers (Special) to __rtentry2.o(.ARM.Collect$$rtentry$$0000000D) for __rt_entry_main
    __rtentry.o(.ARM.Collect$$rtentry$$00000000) refers (Special) to __rtentry2.o(.ARM.Collect$$rtentry$$0000000C) for __rt_entry_postli_1
    __rtentry.o(.ARM.Collect$$rtentry$$00000000) refers (Special) to __rtentry2.o(.ARM.Collect$$rtentry$$00000009) for __rt_entry_postsh_1
    __rtentry.o(.ARM.Collect$$rtentry$$00000000) refers (Special) to __rtentry2.o(.ARM.Collect$$rtentry$$00000002) for __rt_entry_presh_1
    __rtentry.o(.ARM.Collect$$rtentry$$00000000) refers (Special) to __rtentry4.o(.ARM.Collect$$rtentry$$00000004) for __rt_entry_sh
    dnaninf.o(x$fpl$dnaninf) refers (Special) to usenofp.o(x$fpl$usenofp) for __I$use$fp
    dretinf.o(x$fpl$dretinf) refers (Special) to usenofp.o(x$fpl$usenofp) for __I$use$fp
    fnaninf.o(x$fpl$fnaninf) refers (Special) to usenofp.o(x$fpl$usenofp) for __I$use$fp
    fretinf.o(x$fpl$fretinf) refers (Special) to usenofp.o(x$fpl$usenofp) for __I$use$fp
    __rtentry2.o(.ARM.Collect$$rtentry$$00000008) refers to boardinit2.o(.text) for _platform_post_stackheap_init
    __rtentry2.o(.ARM.Collect$$rtentry$$0000000A) refers to libinit.o(.ARM.Collect$$libinit$$00000000) for __rt_lib_init
    __rtentry2.o(.ARM.Collect$$rtentry$$0000000B) refers to boardinit3.o(.text) for _platform_post_lib_init
    __rtentry2.o(.ARM.Collect$$rtentry$$0000000D) refers to main.o(.text.main) for main
    __rtentry2.o(.ARM.Collect$$rtentry$$0000000D) refers to exit.o(.text) for exit
    __rtentry2.o(.ARM.exidx) refers to __rtentry2.o(.ARM.Collect$$rtentry$$00000001) for .ARM.Collect$$rtentry$$00000001
    __rtentry2.o(.ARM.exidx) refers to __rtentry2.o(.ARM.Collect$$rtentry$$00000008) for .ARM.Collect$$rtentry$$00000008
    __rtentry2.o(.ARM.exidx) refers to __rtentry2.o(.ARM.Collect$$rtentry$$0000000A) for .ARM.Collect$$rtentry$$0000000A
    __rtentry2.o(.ARM.exidx) refers to __rtentry2.o(.ARM.Collect$$rtentry$$0000000B) for .ARM.Collect$$rtentry$$0000000B
    __rtentry2.o(.ARM.exidx) refers to __rtentry2.o(.ARM.Collect$$rtentry$$0000000D) for .ARM.Collect$$rtentry$$0000000D
    __rtentry4.o(.ARM.Collect$$rtentry$$00000004) refers to sys_stackheap_outer.o(.text) for __user_setup_stackheap
    __rtentry4.o(.ARM.exidx) refers to __rtentry4.o(.ARM.Collect$$rtentry$$00000004) for .ARM.Collect$$rtentry$$00000004
    sys_stackheap_outer.o(.text) refers to libspace.o(.text) for __user_perproc_libspace
    sys_stackheap_outer.o(.text) refers to startup_stm32f10x_md_vl.o(.text) for __user_initial_stackheap
    exit.o(.text) refers to rtexit.o(.ARM.Collect$$rtexit$$00000000) for __rt_exit
    libinit.o(.ARM.Collect$$libinit$$00000000) refers (Special) to libinit2.o(.ARM.Collect$$libinit$$00000030) for __rt_lib_init_alloca_1
    libinit.o(.ARM.Collect$$libinit$$00000000) refers (Special) to libinit2.o(.ARM.Collect$$libinit$$0000002E) for __rt_lib_init_argv_1
    libinit.o(.ARM.Collect$$libinit$$00000000) refers (Special) to libinit2.o(.ARM.Collect$$libinit$$0000001D) for __rt_lib_init_atexit_1
    libinit.o(.ARM.Collect$$libinit$$00000000) refers (Special) to libinit2.o(.ARM.Collect$$libinit$$00000023) for __rt_lib_init_clock_1
    libinit.o(.ARM.Collect$$libinit$$00000000) refers (Special) to libinit2.o(.ARM.Collect$$libinit$$00000034) for __rt_lib_init_cpp_1
    libinit.o(.ARM.Collect$$libinit$$00000000) refers (Special) to libinit2.o(.ARM.Collect$$libinit$$00000032) for __rt_lib_init_exceptions_1
    libinit.o(.ARM.Collect$$libinit$$00000000) refers (Special) to libinit2.o(.ARM.Collect$$libinit$$00000002) for __rt_lib_init_fp_1
    libinit.o(.ARM.Collect$$libinit$$00000000) refers (Special) to libinit2.o(.ARM.Collect$$libinit$$00000021) for __rt_lib_init_fp_trap_1
    libinit.o(.ARM.Collect$$libinit$$00000000) refers (Special) to libinit2.o(.ARM.Collect$$libinit$$00000025) for __rt_lib_init_getenv_1
    libinit.o(.ARM.Collect$$libinit$$00000000) refers (Special) to libinit2.o(.ARM.Collect$$libinit$$0000000C) for __rt_lib_init_heap_1
    libinit.o(.ARM.Collect$$libinit$$00000000) refers (Special) to libinit2.o(.ARM.Collect$$libinit$$00000013) for __rt_lib_init_lc_collate_1
    libinit.o(.ARM.Collect$$libinit$$00000000) refers (Special) to libinit2.o(.ARM.Collect$$libinit$$00000015) for __rt_lib_init_lc_ctype_1
    libinit.o(.ARM.Collect$$libinit$$00000000) refers (Special) to libinit2.o(.ARM.Collect$$libinit$$00000017) for __rt_lib_init_lc_monetary_1
    libinit.o(.ARM.Collect$$libinit$$00000000) refers (Special) to libinit2.o(.ARM.Collect$$libinit$$00000019) for __rt_lib_init_lc_numeric_1
    libinit.o(.ARM.Collect$$libinit$$00000000) refers (Special) to libinit2.o(.ARM.Collect$$libinit$$0000001B) for __rt_lib_init_lc_time_1
    libinit.o(.ARM.Collect$$libinit$$00000000) refers (Special) to libinit2.o(.ARM.Collect$$libinit$$00000006) for __rt_lib_init_preinit_1
    libinit.o(.ARM.Collect$$libinit$$00000000) refers (Special) to libinit2.o(.ARM.Collect$$libinit$$00000010) for __rt_lib_init_rand_1
    libinit.o(.ARM.Collect$$libinit$$00000000) refers (Special) to libinit2.o(.ARM.Collect$$libinit$$00000004) for __rt_lib_init_relocate_pie_1
    libinit.o(.ARM.Collect$$libinit$$00000000) refers (Special) to libinit2.o(.ARM.Collect$$libinit$$00000035) for __rt_lib_init_return
    libinit.o(.ARM.Collect$$libinit$$00000000) refers (Special) to libinit2.o(.ARM.Collect$$libinit$$0000001F) for __rt_lib_init_signal_1
    libinit.o(.ARM.Collect$$libinit$$00000000) refers (Special) to libinit2.o(.ARM.Collect$$libinit$$00000027) for __rt_lib_init_stdio_1
    libinit.o(.ARM.Collect$$libinit$$00000000) refers (Special) to libinit2.o(.ARM.Collect$$libinit$$0000000E) for __rt_lib_init_user_alloc_1
    libspace.o(.text) refers to libspace.o(.bss) for __libspace_start
    rtexit.o(.ARM.Collect$$rtexit$$00000000) refers (Special) to rtexit2.o(.ARM.Collect$$rtexit$$00000004) for __rt_exit_exit
    rtexit.o(.ARM.Collect$$rtexit$$00000000) refers (Special) to rtexit2.o(.ARM.Collect$$rtexit$$00000003) for __rt_exit_ls
    rtexit.o(.ARM.Collect$$rtexit$$00000000) refers (Special) to rtexit2.o(.ARM.Collect$$rtexit$$00000002) for __rt_exit_prels_1
    rtexit.o(.ARM.exidx) refers (Special) to rtexit2.o(.ARM.Collect$$rtexit$$00000004) for __rt_exit_exit
    rtexit.o(.ARM.exidx) refers (Special) to rtexit2.o(.ARM.Collect$$rtexit$$00000003) for __rt_exit_ls
    rtexit.o(.ARM.exidx) refers (Special) to rtexit2.o(.ARM.Collect$$rtexit$$00000002) for __rt_exit_prels_1
    rtexit.o(.ARM.exidx) refers to rtexit.o(.ARM.Collect$$rtexit$$00000000) for .ARM.Collect$$rtexit$$00000000
    libinit2.o(.ARM.Collect$$libinit$$00000012) refers to libinit2.o(.ARM.Collect$$libinit$$00000011) for .ARM.Collect$$libinit$$00000011
    libinit2.o(.ARM.Collect$$libinit$$00000014) refers to libinit2.o(.ARM.Collect$$libinit$$00000011) for .ARM.Collect$$libinit$$00000011
    libinit2.o(.ARM.Collect$$libinit$$00000016) refers to libinit2.o(.ARM.Collect$$libinit$$00000011) for .ARM.Collect$$libinit$$00000011
    libinit2.o(.ARM.Collect$$libinit$$00000018) refers to libinit2.o(.ARM.Collect$$libinit$$00000011) for .ARM.Collect$$libinit$$00000011
    libinit2.o(.ARM.Collect$$libinit$$0000001A) refers to libinit2.o(.ARM.Collect$$libinit$$00000011) for .ARM.Collect$$libinit$$00000011
    libinit2.o(.ARM.Collect$$libinit$$00000028) refers to argv_veneer.o(.emb_text) for __ARM_argv_veneer
    libinit2.o(.ARM.Collect$$libinit$$00000029) refers to argv_veneer.o(.emb_text) for __ARM_argv_veneer
    rtexit2.o(.ARM.Collect$$rtexit$$00000003) refers to libshutdown.o(.ARM.Collect$$libshutdown$$00000000) for __rt_lib_shutdown
    rtexit2.o(.ARM.Collect$$rtexit$$00000004) refers to sys_exit.o(.text) for _sys_exit
    rtexit2.o(.ARM.exidx) refers to rtexit2.o(.ARM.Collect$$rtexit$$00000001) for .ARM.Collect$$rtexit$$00000001
    rtexit2.o(.ARM.exidx) refers to rtexit2.o(.ARM.Collect$$rtexit$$00000003) for .ARM.Collect$$rtexit$$00000003
    rtexit2.o(.ARM.exidx) refers to rtexit2.o(.ARM.Collect$$rtexit$$00000004) for .ARM.Collect$$rtexit$$00000004
    argv_veneer.o(.emb_text) refers to no_argv.o(.text) for __ARM_get_argv
    sys_exit.o(.text) refers (Special) to use_no_semi.o(.text) for __I$use$semihosting
    sys_exit.o(.text) refers (Special) to indicate_semi.o(.text) for __semihosting_library_function
    sys_exit_hlt.o(.text) refers (Special) to use_no_semi.o(.text) for __I$use$semihosting
    sys_exit_hlt.o(.text) refers (Special) to indicate_semi.o(.text) for __semihosting_library_function
    _get_argv_nomalloc.o(.text) refers (Special) to hrguard.o(.text) for __heap_region$guard
    _get_argv_nomalloc.o(.text) refers to defsig_rtmem_outer.o(.text) for __rt_SIGRTMEM
    _get_argv_nomalloc.o(.text) refers to sys_command.o(.text) for _sys_command_string
    libshutdown.o(.ARM.Collect$$libshutdown$$00000000) refers (Special) to libshutdown2.o(.ARM.Collect$$libshutdown$$00000002) for __rt_lib_shutdown_cpp_1
    libshutdown.o(.ARM.Collect$$libshutdown$$00000000) refers (Special) to libshutdown2.o(.ARM.Collect$$libshutdown$$00000007) for __rt_lib_shutdown_fp_trap_1
    libshutdown.o(.ARM.Collect$$libshutdown$$00000000) refers (Special) to libshutdown2.o(.ARM.Collect$$libshutdown$$0000000F) for __rt_lib_shutdown_heap_1
    libshutdown.o(.ARM.Collect$$libshutdown$$00000000) refers (Special) to libshutdown2.o(.ARM.Collect$$libshutdown$$00000010) for __rt_lib_shutdown_return
    libshutdown.o(.ARM.Collect$$libshutdown$$00000000) refers (Special) to libshutdown2.o(.ARM.Collect$$libshutdown$$0000000A) for __rt_lib_shutdown_signal_1
    libshutdown.o(.ARM.Collect$$libshutdown$$00000000) refers (Special) to libshutdown2.o(.ARM.Collect$$libshutdown$$00000004) for __rt_lib_shutdown_stdio_1
    libshutdown.o(.ARM.Collect$$libshutdown$$00000000) refers (Special) to libshutdown2.o(.ARM.Collect$$libshutdown$$0000000C) for __rt_lib_shutdown_user_alloc_1
    sys_command.o(.text) refers (Special) to use_no_semi.o(.text) for __I$use$semihosting
    sys_command.o(.text) refers (Special) to indicate_semi.o(.text) for __semihosting_library_function
    sys_command_hlt.o(.text) refers (Special) to use_no_semi.o(.text) for __I$use$semihosting
    sys_command_hlt.o(.text) refers (Special) to indicate_semi.o(.text) for __semihosting_library_function
    defsig_rtmem_outer.o(.text) refers to defsig_rtmem_inner.o(.text) for __rt_SIGRTMEM_inner
    defsig_rtmem_outer.o(.text) refers to defsig_exit.o(.text) for __sig_exit
    defsig_rtmem_formal.o(.text) refers to rt_raise.o(.text) for __rt_raise
    rt_raise.o(.text) refers to __raise.o(.text) for __raise
    rt_raise.o(.text) refers to sys_exit.o(.text) for _sys_exit
    defsig_exit.o(.text) refers to sys_exit.o(.text) for _sys_exit
    defsig_rtmem_inner.o(.text) refers to defsig_general.o(.text) for __default_signal_display
    __raise.o(.text) refers to defsig.o(CL$$defsig) for __default_signal_handler
    defsig_general.o(.text) refers to sys_wrch.o(.text) for _ttywrch
    sys_wrch.o(.text) refers (Special) to use_no_semi.o(.text) for __I$use$semihosting
    sys_wrch.o(.text) refers (Special) to indicate_semi.o(.text) for __semihosting_library_function
    sys_wrch_hlt.o(.text) refers (Special) to use_no_semi.o(.text) for __I$use$semihosting
    sys_wrch_hlt.o(.text) refers (Special) to indicate_semi.o(.text) for __semihosting_library_function
    defsig.o(CL$$defsig) refers to defsig_rtmem_inner.o(.text) for __rt_SIGRTMEM_inner
    defsig_abrt_inner.o(.text) refers to defsig_general.o(.text) for __default_signal_display
    defsig_fpe_inner.o(.text) refers to defsig_general.o(.text) for __default_signal_display
    defsig_rtred_inner.o(.text) refers to defsig_general.o(.text) for __default_signal_display
    defsig_stak_inner.o(.text) refers to defsig_general.o(.text) for __default_signal_display
    defsig_pvfn_inner.o(.text) refers to defsig_general.o(.text) for __default_signal_display
    defsig_cppl_inner.o(.text) refers to defsig_general.o(.text) for __default_signal_display
    defsig_segv_inner.o(.text) refers to defsig_general.o(.text) for __default_signal_display
    defsig_other.o(.text) refers to defsig_general.o(.text) for __default_signal_display


==============================================================================

Removing Unused input sections from the image.

    Removing main.o(.text), (0 bytes).
    Removing main.o(.ARM.exidx.text.main), (8 bytes).
    Removing main.o(.text.__io_putchar), (28 bytes).
    Removing main.o(.ARM.exidx.text.__io_putchar), (8 bytes).
    Removing main.o(.ARM.use_no_argv), (4 bytes).
    Removing common.o(.text), (0 bytes).
    Removing common.o(.ARM.exidx.text.reset_output_data), (8 bytes).
    Removing ds18b20.o(.text), (0 bytes).
    Removing ds18b20.o(.ARM.exidx.text.TIM2_IRQHandler), (8 bytes).
    Removing ds18b20.o(.ARM.exidx.text.init_Gpio_for_ds), (8 bytes).
    Removing ds18b20.o(.ARM.exidx.text.init_tim3_for_us), (8 bytes).
    Removing ds18b20.o(.ARM.exidx.text.init_tim2_for_delay), (8 bytes).
    Removing ds18b20.o(.ARM.exidx.text.__NVIC_EnableIRQ), (8 bytes).
    Removing ds18b20.o(.ARM.exidx.text.__NVIC_SetPriority), (8 bytes).
    Removing ds18b20.o(.ARM.exidx.text.ds_reset_pulse), (8 bytes).
    Removing ds18b20.o(.ARM.exidx.text.ds_write_bit), (8 bytes).
    Removing ds18b20.o(.ARM.exidx.text.ds_write_byte), (8 bytes).
    Removing ds18b20.o(.ARM.exidx.text.ds_read_bit), (8 bytes).
    Removing ds18b20.o(.ARM.exidx.text.ds_read_byte), (8 bytes).
    Removing ds18b20.o(.ARM.exidx.text.TIM_delay_on), (8 bytes).
    Removing ds18b20.o(.ARM.exidx.text.temperature_measurment_start), (8 bytes).
    Removing ds18b20.o(.ARM.exidx.text.temprepature_measurment_read), (8 bytes).
    Removing ds18b20.o(.ARM.exidx.text.init_DS18B20), (8 bytes).
    Removing ds18b20.o(.ARM.exidx.text.DS18B20_measure_temperature), (8 bytes).
    Removing th02.o(.text), (0 bytes).
    Removing th02.o(.ARM.exidx.text.init_GPIO_for_I2C), (8 bytes).
    Removing th02.o(.ARM.exidx.text.I2C_for_TH_init), (8 bytes).
    Removing th02.o(.text.I2C_TH_SendByte), (182 bytes).
    Removing th02.o(.ARM.exidx.text.I2C_TH_SendByte), (8 bytes).
    Removing th02.o(.ARM.exidx.text.I2C_TH_Send_NBytes), (8 bytes).
    Removing th02.o(.ARM.exidx.text.I2C_Get_Data), (8 bytes).
    Removing th02.o(.ARM.exidx.text.TH_measure_temperature), (8 bytes).
    Removing th02.o(.rodata.str1.1), (3 bytes).
    Removing spi_for_bme.o(.text), (0 bytes).
    Removing spi_for_bme.o(.ARM.exidx.text.DMA1_Channel2_IRQHandler), (8 bytes).
    Removing spi_for_bme.o(.ARM.exidx.text.SPI_cs_set), (8 bytes).
    Removing spi_for_bme.o(.ARM.exidx.text.DMA1_Channel3_IRQHandler), (8 bytes).
    Removing spi_for_bme.o(.ARM.exidx.text.init_GPIO_for_SPI), (8 bytes).
    Removing spi_for_bme.o(.ARM.exidx.text.SPI1_Master_init), (8 bytes).
    Removing spi_for_bme.o(.ARM.exidx.text.DMA_for_SPI_init), (8 bytes).
    Removing spi_for_bme.o(.text.SPI_cs_clear), (18 bytes).
    Removing spi_for_bme.o(.ARM.exidx.text.SPI_cs_clear), (8 bytes).
    Removing spi_for_bme.o(.ARM.exidx.text.__NVIC_EnableIRQ), (8 bytes).
    Removing spi_for_bme.o(.ARM.exidx.text.__NVIC_SetPriority), (8 bytes).
    Removing spi_for_bme.o(.text.SPI1_SendData_BME), (80 bytes).
    Removing spi_for_bme.o(.ARM.exidx.text.SPI1_SendData_BME), (8 bytes).
    Removing spi_for_bme.o(.text.SPI1_GetData_BME), (120 bytes).
    Removing spi_for_bme.o(.ARM.exidx.text.SPI1_GetData_BME), (8 bytes).
    Removing spi_for_bme.o(.text.BME_init), (42 bytes).
    Removing spi_for_bme.o(.ARM.exidx.text.BME_init), (8 bytes).
    Removing uart.o(.text), (0 bytes).
    Removing uart.o(.ARM.exidx.text.DMA1_Channel4_IRQHandler), (8 bytes).
    Removing uart.o(.ARM.exidx.text.init_GPIO_for_USART), (8 bytes).
    Removing uart.o(.ARM.exidx.text.init_USART), (8 bytes).
    Removing uart.o(.ARM.exidx.text.init_DMA_for_USART), (8 bytes).
    Removing uart.o(.ARM.exidx.text.__NVIC_EnableIRQ), (8 bytes).
    Removing uart.o(.ARM.exidx.text.__NVIC_SetPriority), (8 bytes).
    Removing uart.o(.text.UART_send_data), (90 bytes).
    Removing uart.o(.ARM.exidx.text.UART_send_data), (8 bytes).
    Removing system_stm32f10x.o(.text), (0 bytes).
    Removing system_stm32f10x.o(.ARM.exidx.text.SystemInit), (8 bytes).
    Removing system_stm32f10x.o(.ARM.exidx.text.SetSysClock), (8 bytes).
    Removing system_stm32f10x.o(.text.SystemCoreClockUpdate), (272 bytes).
    Removing system_stm32f10x.o(.ARM.exidx.text.SystemCoreClockUpdate), (8 bytes).
    Removing system_stm32f10x.o(.ARM.exidx.text.SetSysClockTo24), (8 bytes).
    Removing system_stm32f10x.o(.rodata.AHBPrescTable), (16 bytes).

66 unused section(s) (total 1239 bytes) removed from the image.

==============================================================================

Image Symbol Table

    Local Symbols

    Symbol Name                              Value     Ov Type        Size  Object(Section)

    ../clib/angel/boardlib.s                 0x00000000   Number         0  boardinit1.o ABSOLUTE
    ../clib/angel/boardlib.s                 0x00000000   Number         0  boardinit2.o ABSOLUTE
    ../clib/angel/boardlib.s                 0x00000000   Number         0  boardinit3.o ABSOLUTE
    ../clib/angel/boardlib.s                 0x00000000   Number         0  boardshut.o ABSOLUTE
    ../clib/angel/handlers.s                 0x00000000   Number         0  __scatter_copy.o ABSOLUTE
    ../clib/angel/handlers.s                 0x00000000   Number         0  __scatter_zi.o ABSOLUTE
    ../clib/angel/kernel.s                   0x00000000   Number         0  __rtentry.o ABSOLUTE
    ../clib/angel/kernel.s                   0x00000000   Number         0  __rtentry2.o ABSOLUTE
    ../clib/angel/kernel.s                   0x00000000   Number         0  __rtentry4.o ABSOLUTE
    ../clib/angel/kernel.s                   0x00000000   Number         0  rtexit.o ABSOLUTE
    ../clib/angel/kernel.s                   0x00000000   Number         0  rtexit2.o ABSOLUTE
    ../clib/angel/rt.s                       0x00000000   Number         0  rt_raise.o ABSOLUTE
    ../clib/angel/scatter.s                  0x00000000   Number         0  __scatter.o ABSOLUTE
    ../clib/angel/startup.s                  0x00000000   Number         0  __main.o ABSOLUTE
    ../clib/angel/sys.s                      0x00000000   Number         0  sys_stackheap_outer.o ABSOLUTE
    ../clib/angel/sys.s                      0x00000000   Number         0  libspace.o ABSOLUTE
    ../clib/angel/sys.s                      0x00000000   Number         0  use_no_semi.o ABSOLUTE
    ../clib/angel/sys.s                      0x00000000   Number         0  indicate_semi.o ABSOLUTE
    ../clib/angel/sysapp.c                   0x00000000   Number         0  sys_exit.o ABSOLUTE
    ../clib/angel/sysapp.c                   0x00000000   Number         0  sys_exit_hlt.o ABSOLUTE
    ../clib/angel/sysapp.c                   0x00000000   Number         0  sys_command.o ABSOLUTE
    ../clib/angel/sysapp.c                   0x00000000   Number         0  sys_command_hlt.o ABSOLUTE
    ../clib/angel/sysapp.c                   0x00000000   Number         0  sys_wrch.o ABSOLUTE
    ../clib/angel/sysapp.c                   0x00000000   Number         0  sys_wrch_hlt.o ABSOLUTE
    ../clib/armsys.c                         0x00000000   Number         0  argv_veneer.o ABSOLUTE
    ../clib/armsys.c                         0x00000000   Number         0  argv_veneer.o ABSOLUTE
    ../clib/armsys.c                         0x00000000   Number         0  _get_argv_nomalloc.o ABSOLUTE
    ../clib/armsys.c                         0x00000000   Number         0  no_argv.o ABSOLUTE
    ../clib/heapalloc.c                      0x00000000   Number         0  hrguard.o ABSOLUTE
    ../clib/heapaux.c                        0x00000000   Number         0  heapauxi.o ABSOLUTE
    ../clib/libinit.s                        0x00000000   Number         0  libinit.o ABSOLUTE
    ../clib/libinit.s                        0x00000000   Number         0  libinit2.o ABSOLUTE
    ../clib/libinit.s                        0x00000000   Number         0  libshutdown.o ABSOLUTE
    ../clib/libinit.s                        0x00000000   Number         0  libshutdown2.o ABSOLUTE
    ../clib/signal.c                         0x00000000   Number         0  defsig_rtmem_outer.o ABSOLUTE
    ../clib/signal.c                         0x00000000   Number         0  defsig_rtmem_formal.o ABSOLUTE
    ../clib/signal.c                         0x00000000   Number         0  defsig_exit.o ABSOLUTE
    ../clib/signal.c                         0x00000000   Number         0  defsig_rtmem_inner.o ABSOLUTE
    ../clib/signal.c                         0x00000000   Number         0  __raise.o ABSOLUTE
    ../clib/signal.c                         0x00000000   Number         0  defsig_general.o ABSOLUTE
    ../clib/signal.c                         0x00000000   Number         0  defsig_abrt_inner.o ABSOLUTE
    ../clib/signal.c                         0x00000000   Number         0  defsig_fpe_inner.o ABSOLUTE
    ../clib/signal.c                         0x00000000   Number         0  defsig_rtred_inner.o ABSOLUTE
    ../clib/signal.c                         0x00000000   Number         0  defsig_stak_inner.o ABSOLUTE
    ../clib/signal.c                         0x00000000   Number         0  defsig_pvfn_inner.o ABSOLUTE
    ../clib/signal.c                         0x00000000   Number         0  defsig_cppl_inner.o ABSOLUTE
    ../clib/signal.c                         0x00000000   Number         0  defsig_segv_inner.o ABSOLUTE
    ../clib/signal.c                         0x00000000   Number         0  defsig_other.o ABSOLUTE
    ../clib/signal.s                         0x00000000   Number         0  defsig.o ABSOLUTE
    ../clib/stdlib.c                         0x00000000   Number         0  exit.o ABSOLUTE
    ../clib/string.c                         0x00000000   Number         0  strcpy.o ABSOLUTE
    ../fplib/d2f.s                           0x00000000   Number         0  d2f.o ABSOLUTE
    ../fplib/daddsub.s                       0x00000000   Number         0  daddsub_clz.o ABSOLUTE
    ../fplib/ddiv.s                          0x00000000   Number         0  ddiv.o ABSOLUTE
    ../fplib/dmul.s                          0x00000000   Number         0  dmul.o ABSOLUTE
    ../fplib/dnaninf.s                       0x00000000   Number         0  dnaninf.o ABSOLUTE
    ../fplib/dretinf.s                       0x00000000   Number         0  dretinf.o ABSOLUTE
    ../fplib/f2d.s                           0x00000000   Number         0  f2d.o ABSOLUTE
    ../fplib/fflt.s                          0x00000000   Number         0  fflt_clz.o ABSOLUTE
    ../fplib/fnaninf.s                       0x00000000   Number         0  fnaninf.o ABSOLUTE
    ../fplib/fpinit.s                        0x00000000   Number         0  fpinit.o ABSOLUTE
    ../fplib/fpinit_empty.s                  0x00000000   Number         0  fpinit_empty.o ABSOLUTE
    ../fplib/fretinf.s                       0x00000000   Number         0  fretinf.o ABSOLUTE
    ../fplib/usenofp.s                       0x00000000   Number         0  usenofp.o ABSOLUTE
    RTE/Device/STM32F100RB/startup_stm32f10x_md_vl.s 0x00000000   Number         0  startup_stm32f10x_md_vl.o ABSOLUTE
    SPI_for_BME.c                            0x00000000   Number         0  spi_for_bme.o ABSOLUTE
    TH02.c                                   0x00000000   Number         0  th02.o ABSOLUTE
    UART.c                                   0x00000000   Number         0  uart.o ABSOLUTE
    common.c                                 0x00000000   Number         0  common.o ABSOLUTE
    dc.s                                     0x00000000   Number         0  dc.o ABSOLUTE
    ds18b20.c                                0x00000000   Number         0  ds18b20.o ABSOLUTE
    main.c                                   0x00000000   Number         0  main.o ABSOLUTE
    system_stm32f10x.c                       0x00000000   Number         0  system_stm32f10x.o ABSOLUTE
    RESET                                    0x08000000   Section      288  startup_stm32f10x_md_vl.o(RESET)
    !!!main                                  0x08000120   Section        8  __main.o(!!!main)
    !!!scatter                               0x08000128   Section       92  __scatter.o(!!!scatter)
    !!handler_copy                           0x08000184   Section       26  __scatter_copy.o(!!handler_copy)
    !!handler_null                           0x080001a0   Section        2  __scatter.o(!!handler_null)
    !!handler_zi                             0x080001a4   Section       28  __scatter_zi.o(!!handler_zi)
    .ARM.Collect$$libinit$$00000000          0x080001c0   Section        2  libinit.o(.ARM.Collect$$libinit$$00000000)
    .ARM.Collect$$libinit$$00000002          0x080001c2   Section        0  libinit2.o(.ARM.Collect$$libinit$$00000002)
    .ARM.Collect$$libinit$$00000004          0x080001c2   Section        0  libinit2.o(.ARM.Collect$$libinit$$00000004)
    .ARM.Collect$$libinit$$00000006          0x080001c2   Section        0  libinit2.o(.ARM.Collect$$libinit$$00000006)
    .ARM.Collect$$libinit$$0000000C          0x080001c2   Section        0  libinit2.o(.ARM.Collect$$libinit$$0000000C)
    .ARM.Collect$$libinit$$0000000E          0x080001c2   Section        0  libinit2.o(.ARM.Collect$$libinit$$0000000E)
    .ARM.Collect$$libinit$$00000010          0x080001c2   Section        0  libinit2.o(.ARM.Collect$$libinit$$00000010)
    .ARM.Collect$$libinit$$00000013          0x080001c2   Section        0  libinit2.o(.ARM.Collect$$libinit$$00000013)
    .ARM.Collect$$libinit$$00000015          0x080001c2   Section        0  libinit2.o(.ARM.Collect$$libinit$$00000015)
    .ARM.Collect$$libinit$$00000017          0x080001c2   Section        0  libinit2.o(.ARM.Collect$$libinit$$00000017)
    .ARM.Collect$$libinit$$00000019          0x080001c2   Section        0  libinit2.o(.ARM.Collect$$libinit$$00000019)
    .ARM.Collect$$libinit$$0000001B          0x080001c2   Section        0  libinit2.o(.ARM.Collect$$libinit$$0000001B)
    .ARM.Collect$$libinit$$0000001D          0x080001c2   Section        0  libinit2.o(.ARM.Collect$$libinit$$0000001D)
    .ARM.Collect$$libinit$$0000001F          0x080001c2   Section        0  libinit2.o(.ARM.Collect$$libinit$$0000001F)
    .ARM.Collect$$libinit$$00000021          0x080001c2   Section        0  libinit2.o(.ARM.Collect$$libinit$$00000021)
    .ARM.Collect$$libinit$$00000023          0x080001c2   Section        0  libinit2.o(.ARM.Collect$$libinit$$00000023)
    .ARM.Collect$$libinit$$00000025          0x080001c2   Section        0  libinit2.o(.ARM.Collect$$libinit$$00000025)
    .ARM.Collect$$libinit$$00000027          0x080001c2   Section        0  libinit2.o(.ARM.Collect$$libinit$$00000027)
    .ARM.Collect$$libinit$$0000002E          0x080001c2   Section        0  libinit2.o(.ARM.Collect$$libinit$$0000002E)
    .ARM.Collect$$libinit$$00000030          0x080001c2   Section        0  libinit2.o(.ARM.Collect$$libinit$$00000030)
    .ARM.Collect$$libinit$$00000032          0x080001c2   Section        0  libinit2.o(.ARM.Collect$$libinit$$00000032)
    .ARM.Collect$$libinit$$00000034          0x080001c2   Section        0  libinit2.o(.ARM.Collect$$libinit$$00000034)
    .ARM.Collect$$libinit$$00000035          0x080001c2   Section        2  libinit2.o(.ARM.Collect$$libinit$$00000035)
    .ARM.Collect$$libshutdown$$00000000      0x080001c4   Section        2  libshutdown.o(.ARM.Collect$$libshutdown$$00000000)
    .ARM.Collect$$libshutdown$$00000002      0x080001c6   Section        0  libshutdown2.o(.ARM.Collect$$libshutdown$$00000002)
    .ARM.Collect$$libshutdown$$00000004      0x080001c6   Section        0  libshutdown2.o(.ARM.Collect$$libshutdown$$00000004)
    .ARM.Collect$$libshutdown$$00000007      0x080001c6   Section        0  libshutdown2.o(.ARM.Collect$$libshutdown$$00000007)
    .ARM.Collect$$libshutdown$$0000000A      0x080001c6   Section        0  libshutdown2.o(.ARM.Collect$$libshutdown$$0000000A)
    .ARM.Collect$$libshutdown$$0000000C      0x080001c6   Section        0  libshutdown2.o(.ARM.Collect$$libshutdown$$0000000C)
    .ARM.Collect$$libshutdown$$0000000F      0x080001c6   Section        0  libshutdown2.o(.ARM.Collect$$libshutdown$$0000000F)
    .ARM.Collect$$libshutdown$$00000010      0x080001c6   Section        2  libshutdown2.o(.ARM.Collect$$libshutdown$$00000010)
    .ARM.Collect$$rtentry$$00000000          0x080001c8   Section        0  __rtentry.o(.ARM.Collect$$rtentry$$00000000)
    .ARM.Collect$$rtentry$$00000002          0x080001c8   Section        0  __rtentry2.o(.ARM.Collect$$rtentry$$00000002)
    .ARM.Collect$$rtentry$$00000004          0x080001c8   Section        6  __rtentry4.o(.ARM.Collect$$rtentry$$00000004)
    .ARM.Collect$$rtentry$$00000009          0x080001ce   Section        0  __rtentry2.o(.ARM.Collect$$rtentry$$00000009)
    .ARM.Collect$$rtentry$$0000000A          0x080001ce   Section        4  __rtentry2.o(.ARM.Collect$$rtentry$$0000000A)
    .ARM.Collect$$rtentry$$0000000C          0x080001d2   Section        0  __rtentry2.o(.ARM.Collect$$rtentry$$0000000C)
    .ARM.Collect$$rtentry$$0000000D          0x080001d2   Section        8  __rtentry2.o(.ARM.Collect$$rtentry$$0000000D)
    .ARM.Collect$$rtexit$$00000000           0x080001da   Section        2  rtexit.o(.ARM.Collect$$rtexit$$00000000)
    .ARM.Collect$$rtexit$$00000002           0x080001dc   Section        0  rtexit2.o(.ARM.Collect$$rtexit$$00000002)
    .ARM.Collect$$rtexit$$00000003           0x080001dc   Section        4  rtexit2.o(.ARM.Collect$$rtexit$$00000003)
    .ARM.Collect$$rtexit$$00000004           0x080001e0   Section        6  rtexit2.o(.ARM.Collect$$rtexit$$00000004)
    .text                                    0x080001e8   Section       64  startup_stm32f10x_md_vl.o(.text)
    .text                                    0x08000228   Section        0  strcpy.o(.text)
    .text                                    0x08000270   Section        0  heapauxi.o(.text)
    .text                                    0x08000276   Section       74  sys_stackheap_outer.o(.text)
    .text                                    0x080002c0   Section        0  exit.o(.text)
    .text                                    0x080002d4   Section        8  libspace.o(.text)
    .text                                    0x080002dc   Section        0  sys_exit.o(.text)
    .text                                    0x080002e8   Section        2  use_no_semi.o(.text)
    .text                                    0x080002ea   Section        0  indicate_semi.o(.text)
    [Anonymous Symbol]                       0x080002ec   Section        0  spi_for_bme.o(.text.DMA1_Channel2_IRQHandler)
    [Anonymous Symbol]                       0x08000310   Section        0  spi_for_bme.o(.text.DMA1_Channel3_IRQHandler)
    [Anonymous Symbol]                       0x08000334   Section        0  uart.o(.text.DMA1_Channel4_IRQHandler)
    [Anonymous Symbol]                       0x08000354   Section        0  spi_for_bme.o(.text.DMA_for_SPI_init)
    [Anonymous Symbol]                       0x08000404   Section        0  ds18b20.o(.text.DS18B20_measure_temperature)
    [Anonymous Symbol]                       0x0800047c   Section        0  th02.o(.text.I2C_Get_Data)
    [Anonymous Symbol]                       0x080005a0   Section        0  th02.o(.text.I2C_TH_Send_NBytes)
    [Anonymous Symbol]                       0x08000680   Section        0  th02.o(.text.I2C_for_TH_init)
    [Anonymous Symbol]                       0x08000700   Section        0  spi_for_bme.o(.text.SPI1_Master_init)
    [Anonymous Symbol]                       0x08000754   Section        0  spi_for_bme.o(.text.SPI_cs_set)
    SetSysClock                              0x08000769   Thumb Code     8  system_stm32f10x.o(.text.SetSysClock)
    [Anonymous Symbol]                       0x08000768   Section        0  system_stm32f10x.o(.text.SetSysClock)
    SetSysClockTo24                          0x08000771   Thumb Code   254  system_stm32f10x.o(.text.SetSysClockTo24)
    [Anonymous Symbol]                       0x08000770   Section        0  system_stm32f10x.o(.text.SetSysClockTo24)
    [Anonymous Symbol]                       0x08000870   Section        0  system_stm32f10x.o(.text.SystemInit)
    [Anonymous Symbol]                       0x080008e4   Section        0  th02.o(.text.TH_measure_temperature)
    [Anonymous Symbol]                       0x080009dc   Section        0  ds18b20.o(.text.TIM2_IRQHandler)
    [Anonymous Symbol]                       0x08000a10   Section        0  ds18b20.o(.text.TIM_delay_on)
    __NVIC_EnableIRQ                         0x08000a29   Thumb Code    48  ds18b20.o(.text.__NVIC_EnableIRQ)
    [Anonymous Symbol]                       0x08000a28   Section        0  ds18b20.o(.text.__NVIC_EnableIRQ)
    __NVIC_EnableIRQ                         0x08000a59   Thumb Code    48  spi_for_bme.o(.text.__NVIC_EnableIRQ)
    [Anonymous Symbol]                       0x08000a58   Section        0  spi_for_bme.o(.text.__NVIC_EnableIRQ)
    __NVIC_EnableIRQ                         0x08000a89   Thumb Code    48  uart.o(.text.__NVIC_EnableIRQ)
    [Anonymous Symbol]                       0x08000a88   Section        0  uart.o(.text.__NVIC_EnableIRQ)
    __NVIC_SetPriority                       0x08000ab9   Thumb Code    66  ds18b20.o(.text.__NVIC_SetPriority)
    [Anonymous Symbol]                       0x08000ab8   Section        0  ds18b20.o(.text.__NVIC_SetPriority)
    __NVIC_SetPriority                       0x08000afd   Thumb Code    66  spi_for_bme.o(.text.__NVIC_SetPriority)
    [Anonymous Symbol]                       0x08000afc   Section        0  spi_for_bme.o(.text.__NVIC_SetPriority)
    __NVIC_SetPriority                       0x08000b41   Thumb Code    66  uart.o(.text.__NVIC_SetPriority)
    [Anonymous Symbol]                       0x08000b40   Section        0  uart.o(.text.__NVIC_SetPriority)
    [Anonymous Symbol]                       0x08000b84   Section        0  ds18b20.o(.text.ds_read_bit)
    [Anonymous Symbol]                       0x08000c08   Section        0  ds18b20.o(.text.ds_read_byte)
    [Anonymous Symbol]                       0x08000c50   Section        0  ds18b20.o(.text.ds_reset_pulse)
    [Anonymous Symbol]                       0x08000d10   Section        0  ds18b20.o(.text.ds_write_bit)
    [Anonymous Symbol]                       0x08000d88   Section        0  ds18b20.o(.text.ds_write_byte)
    [Anonymous Symbol]                       0x08000dc8   Section        0  uart.o(.text.init_DMA_for_USART)
    [Anonymous Symbol]                       0x08000e34   Section        0  ds18b20.o(.text.init_DS18B20)
    [Anonymous Symbol]                       0x08000e44   Section        0  th02.o(.text.init_GPIO_for_I2C)
    [Anonymous Symbol]                       0x08000e78   Section        0  spi_for_bme.o(.text.init_GPIO_for_SPI)
    [Anonymous Symbol]                       0x08000ed8   Section        0  uart.o(.text.init_GPIO_for_USART)
    [Anonymous Symbol]                       0x08000efc   Section        0  ds18b20.o(.text.init_Gpio_for_ds)
    [Anonymous Symbol]                       0x08000f58   Section        0  uart.o(.text.init_USART)
    [Anonymous Symbol]                       0x08000fc0   Section        0  ds18b20.o(.text.init_tim2_for_delay)
    [Anonymous Symbol]                       0x0800101c   Section        0  ds18b20.o(.text.init_tim3_for_us)
    [Anonymous Symbol]                       0x08001058   Section        0  main.o(.text.main)
    [Anonymous Symbol]                       0x080010ac   Section        0  common.o(.text.reset_output_data)
    [Anonymous Symbol]                       0x080010e0   Section        0  ds18b20.o(.text.temperature_measurment_start)
    [Anonymous Symbol]                       0x0800110c   Section        0  ds18b20.o(.text.temprepature_measurment_read)
    x$fpl$d2f                                0x080011a8   Section       98  d2f.o(x$fpl$d2f)
    x$fpl$dadd                               0x0800120c   Section      336  daddsub_clz.o(x$fpl$dadd)
    _dadd1                                   0x0800121d   Thumb Code     0  daddsub_clz.o(x$fpl$dadd)
    x$fpl$ddiv                               0x0800135c   Section      692  ddiv.o(x$fpl$ddiv)
    ddiv_entry                               0x08001363   Thumb Code     0  ddiv.o(x$fpl$ddiv)
    x$fpl$dmul                               0x08001610   Section      340  dmul.o(x$fpl$dmul)
    x$fpl$dnaninf                            0x08001764   Section      156  dnaninf.o(x$fpl$dnaninf)
    x$fpl$dretinf                            0x08001800   Section       12  dretinf.o(x$fpl$dretinf)
    x$fpl$dsub                               0x0800180c   Section      476  daddsub_clz.o(x$fpl$dsub)
    _dsub1                                   0x0800181d   Thumb Code     0  daddsub_clz.o(x$fpl$dsub)
    x$fpl$f2d                                0x080019e8   Section       86  f2d.o(x$fpl$f2d)
    x$fpl$ffltu                              0x08001a40   Section       38  fflt_clz.o(x$fpl$ffltu)
    x$fpl$fnaninf                            0x08001a66   Section      140  fnaninf.o(x$fpl$fnaninf)
    x$fpl$fretinf                            0x08001af2   Section       10  fretinf.o(x$fpl$fretinf)
    .L.str                                   0x08001afc   Data          19  common.o(.rodata.str1.1)
    [Anonymous Symbol]                       0x08001afc   Section        0  common.o(.rodata.str1.1)
    x$fpl$usenofp                            0x08001afc   Section        0  usenofp.o(x$fpl$usenofp)
    .bss                                     0x20000008   Section       96  libspace.o(.bss)
    Heap_Mem                                 0x20000298   Data         512  startup_stm32f10x_md_vl.o(HEAP)
    HEAP                                     0x20000298   Section      512  startup_stm32f10x_md_vl.o(HEAP)
    Stack_Mem                                0x20000498   Data        1024  startup_stm32f10x_md_vl.o(STACK)
    STACK                                    0x20000498   Section     1024  startup_stm32f10x_md_vl.o(STACK)
    __initial_sp                             0x20000898   Data           0  startup_stm32f10x_md_vl.o(STACK)

    Global Symbols

    Symbol Name                              Value     Ov Type        Size  Object(Section)

    BuildAttributes$$THM_ISAv4$P$D$K$B$S$PE$A:L22UL41UL21$X:L11$S22US41US21$IEEE1$IW$~IW$USESV6$~STKCKD$USESV7$~SHL$OSPACE$ROPI$EBA8$UX$STANDARDLIB$REQ8$PRES8$EABIv2 0x00000000   Number         0  anon$$obj.o ABSOLUTE
    __fp_init_empty                          0x00000000   Number         0  fpinit_empty.o ABSOLUTE
    __ARM_exceptions_init                     - Undefined Weak Reference
    __alloca_initialize                       - Undefined Weak Reference
    __arm_preinit_                            - Undefined Weak Reference
    __arm_relocate_pie_                       - Undefined Weak Reference
    __cpp_initialize__aeabi_                  - Undefined Weak Reference
    __cxa_finalize                            - Undefined Weak Reference
    __rt_locale                               - Undefined Weak Reference
    __sigvec_lookup                           - Undefined Weak Reference
    _atexit_init                              - Undefined Weak Reference
    _call_atexit_fns                          - Undefined Weak Reference
    _clock_init                               - Undefined Weak Reference
    _fp_trap_init                             - Undefined Weak Reference
    _fp_trap_shutdown                         - Undefined Weak Reference
    _get_lc_collate                           - Undefined Weak Reference
    _get_lc_ctype                             - Undefined Weak Reference
    _get_lc_monetary                          - Undefined Weak Reference
    _get_lc_numeric                           - Undefined Weak Reference
    _get_lc_time                              - Undefined Weak Reference
    _getenv_init                              - Undefined Weak Reference
    _handle_redirection                       - Undefined Weak Reference
    _init_alloc                               - Undefined Weak Reference
    _init_user_alloc                          - Undefined Weak Reference
    _initio                                   - Undefined Weak Reference
    _rand_init                                - Undefined Weak Reference
    _signal_finish                            - Undefined Weak Reference
    _signal_init                              - Undefined Weak Reference
    _terminate_alloc                          - Undefined Weak Reference
    _terminate_user_alloc                     - Undefined Weak Reference
    _terminateio                              - Undefined Weak Reference
    __Vectors_Size                           0x00000120   Number         0  startup_stm32f10x_md_vl.o ABSOLUTE
    __Vectors                                0x08000000   Data           4  startup_stm32f10x_md_vl.o(RESET)
    __Vectors_End                            0x08000120   Data           0  startup_stm32f10x_md_vl.o(RESET)
    __main                                   0x08000121   Thumb Code     8  __main.o(!!!main)
    __scatterload                            0x08000129   Thumb Code     0  __scatter.o(!!!scatter)
    __scatterload_rt2                        0x08000129   Thumb Code    84  __scatter.o(!!!scatter)
    __scatterload_rt2_thumb_only             0x08000129   Thumb Code     0  __scatter.o(!!!scatter)
    __scatterload_loop                       0x08000133   Thumb Code     0  __scatter.o(!!!scatter)
    __scatterload_copy                       0x08000185   Thumb Code    26  __scatter_copy.o(!!handler_copy)
    __scatterload_null                       0x080001a1   Thumb Code     2  __scatter.o(!!handler_null)
    __scatterload_zeroinit                   0x080001a5   Thumb Code    28  __scatter_zi.o(!!handler_zi)
    __rt_lib_init                            0x080001c1   Thumb Code     0  libinit.o(.ARM.Collect$$libinit$$00000000)
    __rt_lib_init_alloca_1                   0x080001c3   Thumb Code     0  libinit2.o(.ARM.Collect$$libinit$$00000030)
    __rt_lib_init_argv_1                     0x080001c3   Thumb Code     0  libinit2.o(.ARM.Collect$$libinit$$0000002E)
    __rt_lib_init_atexit_1                   0x080001c3   Thumb Code     0  libinit2.o(.ARM.Collect$$libinit$$0000001D)
    __rt_lib_init_clock_1                    0x080001c3   Thumb Code     0  libinit2.o(.ARM.Collect$$libinit$$00000023)
    __rt_lib_init_cpp_1                      0x080001c3   Thumb Code     0  libinit2.o(.ARM.Collect$$libinit$$00000034)
    __rt_lib_init_exceptions_1               0x080001c3   Thumb Code     0  libinit2.o(.ARM.Collect$$libinit$$00000032)
    __rt_lib_init_fp_1                       0x080001c3   Thumb Code     0  libinit2.o(.ARM.Collect$$libinit$$00000002)
    __rt_lib_init_fp_trap_1                  0x080001c3   Thumb Code     0  libinit2.o(.ARM.Collect$$libinit$$00000021)
    __rt_lib_init_getenv_1                   0x080001c3   Thumb Code     0  libinit2.o(.ARM.Collect$$libinit$$00000025)
    __rt_lib_init_heap_1                     0x080001c3   Thumb Code     0  libinit2.o(.ARM.Collect$$libinit$$0000000C)
    __rt_lib_init_lc_collate_1               0x080001c3   Thumb Code     0  libinit2.o(.ARM.Collect$$libinit$$00000013)
    __rt_lib_init_lc_ctype_1                 0x080001c3   Thumb Code     0  libinit2.o(.ARM.Collect$$libinit$$00000015)
    __rt_lib_init_lc_monetary_1              0x080001c3   Thumb Code     0  libinit2.o(.ARM.Collect$$libinit$$00000017)
    __rt_lib_init_lc_numeric_1               0x080001c3   Thumb Code     0  libinit2.o(.ARM.Collect$$libinit$$00000019)
    __rt_lib_init_lc_time_1                  0x080001c3   Thumb Code     0  libinit2.o(.ARM.Collect$$libinit$$0000001B)
    __rt_lib_init_preinit_1                  0x080001c3   Thumb Code     0  libinit2.o(.ARM.Collect$$libinit$$00000006)
    __rt_lib_init_rand_1                     0x080001c3   Thumb Code     0  libinit2.o(.ARM.Collect$$libinit$$00000010)
    __rt_lib_init_relocate_pie_1             0x080001c3   Thumb Code     0  libinit2.o(.ARM.Collect$$libinit$$00000004)
    __rt_lib_init_return                     0x080001c3   Thumb Code     0  libinit2.o(.ARM.Collect$$libinit$$00000035)
    __rt_lib_init_signal_1                   0x080001c3   Thumb Code     0  libinit2.o(.ARM.Collect$$libinit$$0000001F)
    __rt_lib_init_stdio_1                    0x080001c3   Thumb Code     0  libinit2.o(.ARM.Collect$$libinit$$00000027)
    __rt_lib_init_user_alloc_1               0x080001c3   Thumb Code     0  libinit2.o(.ARM.Collect$$libinit$$0000000E)
    __rt_lib_shutdown                        0x080001c5   Thumb Code     0  libshutdown.o(.ARM.Collect$$libshutdown$$00000000)
    __rt_lib_shutdown_cpp_1                  0x080001c7   Thumb Code     0  libshutdown2.o(.ARM.Collect$$libshutdown$$00000002)
    __rt_lib_shutdown_fp_trap_1              0x080001c7   Thumb Code     0  libshutdown2.o(.ARM.Collect$$libshutdown$$00000007)
    __rt_lib_shutdown_heap_1                 0x080001c7   Thumb Code     0  libshutdown2.o(.ARM.Collect$$libshutdown$$0000000F)
    __rt_lib_shutdown_return                 0x080001c7   Thumb Code     0  libshutdown2.o(.ARM.Collect$$libshutdown$$00000010)
    __rt_lib_shutdown_signal_1               0x080001c7   Thumb Code     0  libshutdown2.o(.ARM.Collect$$libshutdown$$0000000A)
    __rt_lib_shutdown_stdio_1                0x080001c7   Thumb Code     0  libshutdown2.o(.ARM.Collect$$libshutdown$$00000004)
    __rt_lib_shutdown_user_alloc_1           0x080001c7   Thumb Code     0  libshutdown2.o(.ARM.Collect$$libshutdown$$0000000C)
    __rt_entry                               0x080001c9   Thumb Code     0  __rtentry.o(.ARM.Collect$$rtentry$$00000000)
    __rt_entry_presh_1                       0x080001c9   Thumb Code     0  __rtentry2.o(.ARM.Collect$$rtentry$$00000002)
    __rt_entry_sh                            0x080001c9   Thumb Code     0  __rtentry4.o(.ARM.Collect$$rtentry$$00000004)
    __rt_entry_li                            0x080001cf   Thumb Code     0  __rtentry2.o(.ARM.Collect$$rtentry$$0000000A)
    __rt_entry_postsh_1                      0x080001cf   Thumb Code     0  __rtentry2.o(.ARM.Collect$$rtentry$$00000009)
    __rt_entry_main                          0x080001d3   Thumb Code     0  __rtentry2.o(.ARM.Collect$$rtentry$$0000000D)
    __rt_entry_postli_1                      0x080001d3   Thumb Code     0  __rtentry2.o(.ARM.Collect$$rtentry$$0000000C)
    __rt_exit                                0x080001db   Thumb Code     0  rtexit.o(.ARM.Collect$$rtexit$$00000000)
    __rt_exit_ls                             0x080001dd   Thumb Code     0  rtexit2.o(.ARM.Collect$$rtexit$$00000003)
    __rt_exit_prels_1                        0x080001dd   Thumb Code     0  rtexit2.o(.ARM.Collect$$rtexit$$00000002)
    __rt_exit_exit                           0x080001e1   Thumb Code     0  rtexit2.o(.ARM.Collect$$rtexit$$00000004)
    Reset_Handler                            0x080001e9   Thumb Code     8  startup_stm32f10x_md_vl.o(.text)
    NMI_Handler                              0x080001f1   Thumb Code     2  startup_stm32f10x_md_vl.o(.text)
    HardFault_Handler                        0x080001f3   Thumb Code     2  startup_stm32f10x_md_vl.o(.text)
    MemManage_Handler                        0x080001f5   Thumb Code     2  startup_stm32f10x_md_vl.o(.text)
    BusFault_Handler                         0x080001f7   Thumb Code     2  startup_stm32f10x_md_vl.o(.text)
    UsageFault_Handler                       0x080001f9   Thumb Code     2  startup_stm32f10x_md_vl.o(.text)
    SVC_Handler                              0x080001fb   Thumb Code     2  startup_stm32f10x_md_vl.o(.text)
    DebugMon_Handler                         0x080001fd   Thumb Code     2  startup_stm32f10x_md_vl.o(.text)
    PendSV_Handler                           0x080001ff   Thumb Code     2  startup_stm32f10x_md_vl.o(.text)
    SysTick_Handler                          0x08000201   Thumb Code     2  startup_stm32f10x_md_vl.o(.text)
    ADC1_IRQHandler                          0x08000203   Thumb Code     0  startup_stm32f10x_md_vl.o(.text)
    CEC_IRQHandler                           0x08000203   Thumb Code     0  startup_stm32f10x_md_vl.o(.text)
    DMA1_Channel1_IRQHandler                 0x08000203   Thumb Code     0  startup_stm32f10x_md_vl.o(.text)
    DMA1_Channel5_IRQHandler                 0x08000203   Thumb Code     0  startup_stm32f10x_md_vl.o(.text)
    DMA1_Channel6_IRQHandler                 0x08000203   Thumb Code     0  startup_stm32f10x_md_vl.o(.text)
    DMA1_Channel7_IRQHandler                 0x08000203   Thumb Code     0  startup_stm32f10x_md_vl.o(.text)
    EXTI0_IRQHandler                         0x08000203   Thumb Code     0  startup_stm32f10x_md_vl.o(.text)
    EXTI15_10_IRQHandler                     0x08000203   Thumb Code     0  startup_stm32f10x_md_vl.o(.text)
    EXTI1_IRQHandler                         0x08000203   Thumb Code     0  startup_stm32f10x_md_vl.o(.text)
    EXTI2_IRQHandler                         0x08000203   Thumb Code     0  startup_stm32f10x_md_vl.o(.text)
    EXTI3_IRQHandler                         0x08000203   Thumb Code     0  startup_stm32f10x_md_vl.o(.text)
    EXTI4_IRQHandler                         0x08000203   Thumb Code     0  startup_stm32f10x_md_vl.o(.text)
    EXTI9_5_IRQHandler                       0x08000203   Thumb Code     0  startup_stm32f10x_md_vl.o(.text)
    FLASH_IRQHandler                         0x08000203   Thumb Code     0  startup_stm32f10x_md_vl.o(.text)
    I2C1_ER_IRQHandler                       0x08000203   Thumb Code     0  startup_stm32f10x_md_vl.o(.text)
    I2C1_EV_IRQHandler                       0x08000203   Thumb Code     0  startup_stm32f10x_md_vl.o(.text)
    I2C2_ER_IRQHandler                       0x08000203   Thumb Code     0  startup_stm32f10x_md_vl.o(.text)
    I2C2_EV_IRQHandler                       0x08000203   Thumb Code     0  startup_stm32f10x_md_vl.o(.text)
    PVD_IRQHandler                           0x08000203   Thumb Code     0  startup_stm32f10x_md_vl.o(.text)
    RCC_IRQHandler                           0x08000203   Thumb Code     0  startup_stm32f10x_md_vl.o(.text)
    RTCAlarm_IRQHandler                      0x08000203   Thumb Code     0  startup_stm32f10x_md_vl.o(.text)
    RTC_IRQHandler                           0x08000203   Thumb Code     0  startup_stm32f10x_md_vl.o(.text)
    SPI1_IRQHandler                          0x08000203   Thumb Code     0  startup_stm32f10x_md_vl.o(.text)
    SPI2_IRQHandler                          0x08000203   Thumb Code     0  startup_stm32f10x_md_vl.o(.text)
    TAMPER_IRQHandler                        0x08000203   Thumb Code     0  startup_stm32f10x_md_vl.o(.text)
    TIM1_BRK_TIM15_IRQHandler                0x08000203   Thumb Code     0  startup_stm32f10x_md_vl.o(.text)
    TIM1_CC_IRQHandler                       0x08000203   Thumb Code     0  startup_stm32f10x_md_vl.o(.text)
    TIM1_TRG_COM_TIM17_IRQHandler            0x08000203   Thumb Code     0  startup_stm32f10x_md_vl.o(.text)
    TIM1_UP_TIM16_IRQHandler                 0x08000203   Thumb Code     0  startup_stm32f10x_md_vl.o(.text)
    TIM3_IRQHandler                          0x08000203   Thumb Code     0  startup_stm32f10x_md_vl.o(.text)
    TIM4_IRQHandler                          0x08000203   Thumb Code     0  startup_stm32f10x_md_vl.o(.text)
    TIM6_DAC_IRQHandler                      0x08000203   Thumb Code     0  startup_stm32f10x_md_vl.o(.text)
    TIM7_IRQHandler                          0x08000203   Thumb Code     0  startup_stm32f10x_md_vl.o(.text)
    USART1_IRQHandler                        0x08000203   Thumb Code     0  startup_stm32f10x_md_vl.o(.text)
    USART2_IRQHandler                        0x08000203   Thumb Code     0  startup_stm32f10x_md_vl.o(.text)
    USART3_IRQHandler                        0x08000203   Thumb Code     0  startup_stm32f10x_md_vl.o(.text)
    WWDG_IRQHandler                          0x08000203   Thumb Code     0  startup_stm32f10x_md_vl.o(.text)
    __user_initial_stackheap                 0x08000205   Thumb Code     0  startup_stm32f10x_md_vl.o(.text)
    strcpy                                   0x08000229   Thumb Code    72  strcpy.o(.text)
    __use_two_region_memory                  0x08000271   Thumb Code     2  heapauxi.o(.text)
    __rt_heap_escrow$2region                 0x08000273   Thumb Code     2  heapauxi.o(.text)
    __rt_heap_expand$2region                 0x08000275   Thumb Code     2  heapauxi.o(.text)
    __user_setup_stackheap                   0x08000277   Thumb Code    74  sys_stackheap_outer.o(.text)
    exit                                     0x080002c1   Thumb Code    18  exit.o(.text)
    __user_libspace                          0x080002d5   Thumb Code     8  libspace.o(.text)
    __user_perproc_libspace                  0x080002d5   Thumb Code     0  libspace.o(.text)
    __user_perthread_libspace                0x080002d5   Thumb Code     0  libspace.o(.text)
    _sys_exit                                0x080002dd   Thumb Code     8  sys_exit.o(.text)
    __I$use$semihosting                      0x080002e9   Thumb Code     0  use_no_semi.o(.text)
    __use_no_semihosting_swi                 0x080002e9   Thumb Code     2  use_no_semi.o(.text)
    __semihosting_library_function           0x080002eb   Thumb Code     0  indicate_semi.o(.text)
    DMA1_Channel2_IRQHandler                 0x080002ed   Thumb Code    36  spi_for_bme.o(.text.DMA1_Channel2_IRQHandler)
    DMA1_Channel3_IRQHandler                 0x08000311   Thumb Code    36  spi_for_bme.o(.text.DMA1_Channel3_IRQHandler)
    DMA1_Channel4_IRQHandler                 0x08000335   Thumb Code    30  uart.o(.text.DMA1_Channel4_IRQHandler)
    DMA_for_SPI_init                         0x08000355   Thumb Code   174  spi_for_bme.o(.text.DMA_for_SPI_init)
    DS18B20_measure_temperature              0x08000405   Thumb Code   118  ds18b20.o(.text.DS18B20_measure_temperature)
    I2C_Get_Data                             0x0800047d   Thumb Code   290  th02.o(.text.I2C_Get_Data)
    I2C_TH_Send_NBytes                       0x080005a1   Thumb Code   224  th02.o(.text.I2C_TH_Send_NBytes)
    I2C_for_TH_init                          0x08000681   Thumb Code   128  th02.o(.text.I2C_for_TH_init)
    SPI1_Master_init                         0x08000701   Thumb Code    84  spi_for_bme.o(.text.SPI1_Master_init)
    SPI_cs_set                               0x08000755   Thumb Code    18  spi_for_bme.o(.text.SPI_cs_set)
    SystemInit                               0x08000871   Thumb Code   114  system_stm32f10x.o(.text.SystemInit)
    TH_measure_temperature                   0x080008e5   Thumb Code   248  th02.o(.text.TH_measure_temperature)
    TIM2_IRQHandler                          0x080009dd   Thumb Code    50  ds18b20.o(.text.TIM2_IRQHandler)
    TIM_delay_on                             0x08000a11   Thumb Code    24  ds18b20.o(.text.TIM_delay_on)
    ds_read_bit                              0x08000b85   Thumb Code   132  ds18b20.o(.text.ds_read_bit)
    ds_read_byte                             0x08000c09   Thumb Code    70  ds18b20.o(.text.ds_read_byte)
    ds_reset_pulse                           0x08000c51   Thumb Code   192  ds18b20.o(.text.ds_reset_pulse)
    ds_write_bit                             0x08000d11   Thumb Code   120  ds18b20.o(.text.ds_write_bit)
    ds_write_byte                            0x08000d89   Thumb Code    62  ds18b20.o(.text.ds_write_byte)
    init_DMA_for_USART                       0x08000dc9   Thumb Code   106  uart.o(.text.init_DMA_for_USART)
    init_DS18B20                             0x08000e35   Thumb Code    16  ds18b20.o(.text.init_DS18B20)
    init_GPIO_for_I2C                        0x08000e45   Thumb Code    50  th02.o(.text.init_GPIO_for_I2C)
    init_GPIO_for_SPI                        0x08000e79   Thumb Code    94  spi_for_bme.o(.text.init_GPIO_for_SPI)
    init_GPIO_for_USART                      0x08000ed9   Thumb Code    34  uart.o(.text.init_GPIO_for_USART)
    init_Gpio_for_ds                         0x08000efd   Thumb Code    90  ds18b20.o(.text.init_Gpio_for_ds)
    init_USART                               0x08000f59   Thumb Code   102  uart.o(.text.init_USART)
    init_tim2_for_delay                      0x08000fc1   Thumb Code    90  ds18b20.o(.text.init_tim2_for_delay)
    init_tim3_for_us                         0x0800101d   Thumb Code    60  ds18b20.o(.text.init_tim3_for_us)
    main                                     0x08001059   Thumb Code    82  main.o(.text.main)
    reset_output_data                        0x080010ad   Thumb Code    52  common.o(.text.reset_output_data)
    temperature_measurment_start             0x080010e1   Thumb Code    44  ds18b20.o(.text.temperature_measurment_start)
    temprepature_measurment_read             0x0800110d   Thumb Code   154  ds18b20.o(.text.temprepature_measurment_read)
    __aeabi_d2f                              0x080011a9   Thumb Code     0  d2f.o(x$fpl$d2f)
    _d2f                                     0x080011a9   Thumb Code    98  d2f.o(x$fpl$d2f)
    __aeabi_dadd                             0x0800120d   Thumb Code     0  daddsub_clz.o(x$fpl$dadd)
    _dadd                                    0x0800120d   Thumb Code   332  daddsub_clz.o(x$fpl$dadd)
    __aeabi_ddiv                             0x0800135d   Thumb Code     0  ddiv.o(x$fpl$ddiv)
    _ddiv                                    0x0800135d   Thumb Code   556  ddiv.o(x$fpl$ddiv)
    __aeabi_dmul                             0x08001611   Thumb Code     0  dmul.o(x$fpl$dmul)
    _dmul                                    0x08001611   Thumb Code   332  dmul.o(x$fpl$dmul)
    __fpl_dnaninf                            0x08001765   Thumb Code   156  dnaninf.o(x$fpl$dnaninf)
    __fpl_dretinf                            0x08001801   Thumb Code    12  dretinf.o(x$fpl$dretinf)
    __aeabi_dsub                             0x0800180d   Thumb Code     0  daddsub_clz.o(x$fpl$dsub)
    _dsub                                    0x0800180d   Thumb Code   472  daddsub_clz.o(x$fpl$dsub)
    __aeabi_f2d                              0x080019e9   Thumb Code     0  f2d.o(x$fpl$f2d)
    _f2d                                     0x080019e9   Thumb Code    86  f2d.o(x$fpl$f2d)
    __aeabi_ui2f                             0x08001a41   Thumb Code     0  fflt_clz.o(x$fpl$ffltu)
    _ffltu                                   0x08001a41   Thumb Code    38  fflt_clz.o(x$fpl$ffltu)
    __fpl_fnaninf                            0x08001a67   Thumb Code   140  fnaninf.o(x$fpl$fnaninf)
    __fpl_fretinf                            0x08001af3   Thumb Code    10  fretinf.o(x$fpl$fretinf)
    __I$use$fp                               0x08001afc   Number         0  usenofp.o(x$fpl$usenofp)
    Region$$Table$$Base                      0x08001b10   Number         0  anon$$obj.o(Region$$Table)
    Region$$Table$$Limit                     0x08001b30   Number         0  anon$$obj.o(Region$$Table)
    SystemCoreClock                          0x20000000   Data           4  system_stm32f10x.o(.data.SystemCoreClock)
    __libspace_start                         0x20000008   Data          96  libspace.o(.bss)
    __temporary_stack_top$libspace           0x20000068   Data           0  libspace.o(.bss)
    buffer_SPI_RX                            0x20000068   Data         255  spi_for_bme.o(.bss.buffer_SPI_RX)
    buffer_SPI_TX                            0x20000167   Data         255  spi_for_bme.o(.bss.buffer_SPI_TX)
    ds18b20_cmd                              0x20000266   Data           1  ds18b20.o(.bss.ds18b20_cmd)
    ds_buff                                  0x20000267   Data           9  ds18b20.o(.bss.ds_buff)
    output_data                              0x20000270   Data          32  common.o(.bss.output_data)
    program_state                            0x20000290   Data           1  common.o(.bss.program_state)
    start_state                              0x20000291   Data           1  th02.o(.bss.start_state)
    temp                                     0x20000292   Data           2  ds18b20.o(.bss.temp)



==============================================================================

Memory Map of the image

  Image Entry point : 0x080001e9

  Load Region LR_1 (Base: 0x08000000, Size: 0x00001b34, Max: 0xffffffff, ABSOLUTE)

    Execution Region ER_RO (Exec base: 0x08000000, Load base: 0x08000000, Size: 0x00001b30, Max: 0xffffffff, ABSOLUTE)

    Exec Addr    Load Addr    Size         Type   Attr      Idx    E Section Name        Object

    0x08000000   0x08000000   0x00000120   Data   RO          143    RESET               startup_stm32f10x_md_vl.o
    0x08000120   0x08000120   0x00000008   Code   RO          173  * !!!main             c_w.l(__main.o)
    0x08000128   0x08000128   0x0000005c   Code   RO          369    !!!scatter          c_w.l(__scatter.o)
    0x08000184   0x08000184   0x0000001a   Code   RO          373    !!handler_copy      c_w.l(__scatter_copy.o)
    0x0800019e   0x0800019e   0x00000002   PAD
    0x080001a0   0x080001a0   0x00000002   Code   RO          370    !!handler_null      c_w.l(__scatter.o)
    0x080001a2   0x080001a2   0x00000002   PAD
    0x080001a4   0x080001a4   0x0000001c   Code   RO          375    !!handler_zi        c_w.l(__scatter_zi.o)
    0x080001c0   0x080001c0   0x00000002   Code   RO          231    .ARM.Collect$$libinit$$00000000  c_w.l(libinit.o)
    0x080001c2   0x080001c2   0x00000000   Code   RO          238    .ARM.Collect$$libinit$$00000002  c_w.l(libinit2.o)
    0x080001c2   0x080001c2   0x00000000   Code   RO          240    .ARM.Collect$$libinit$$00000004  c_w.l(libinit2.o)
    0x080001c2   0x080001c2   0x00000000   Code   RO          242    .ARM.Collect$$libinit$$00000006  c_w.l(libinit2.o)
    0x080001c2   0x080001c2   0x00000000   Code   RO          245    .ARM.Collect$$libinit$$0000000C  c_w.l(libinit2.o)
    0x080001c2   0x080001c2   0x00000000   Code   RO          247    .ARM.Collect$$libinit$$0000000E  c_w.l(libinit2.o)
    0x080001c2   0x080001c2   0x00000000   Code   RO          249    .ARM.Collect$$libinit$$00000010  c_w.l(libinit2.o)
    0x080001c2   0x080001c2   0x00000000   Code   RO          252    .ARM.Collect$$libinit$$00000013  c_w.l(libinit2.o)
    0x080001c2   0x080001c2   0x00000000   Code   RO          254    .ARM.Collect$$libinit$$00000015  c_w.l(libinit2.o)
    0x080001c2   0x080001c2   0x00000000   Code   RO          256    .ARM.Collect$$libinit$$00000017  c_w.l(libinit2.o)
    0x080001c2   0x080001c2   0x00000000   Code   RO          258    .ARM.Collect$$libinit$$00000019  c_w.l(libinit2.o)
    0x080001c2   0x080001c2   0x00000000   Code   RO          260    .ARM.Collect$$libinit$$0000001B  c_w.l(libinit2.o)
    0x080001c2   0x080001c2   0x00000000   Code   RO          262    .ARM.Collect$$libinit$$0000001D  c_w.l(libinit2.o)
    0x080001c2   0x080001c2   0x00000000   Code   RO          264    .ARM.Collect$$libinit$$0000001F  c_w.l(libinit2.o)
    0x080001c2   0x080001c2   0x00000000   Code   RO          266    .ARM.Collect$$libinit$$00000021  c_w.l(libinit2.o)
    0x080001c2   0x080001c2   0x00000000   Code   RO          268    .ARM.Collect$$libinit$$00000023  c_w.l(libinit2.o)
    0x080001c2   0x080001c2   0x00000000   Code   RO          270    .ARM.Collect$$libinit$$00000025  c_w.l(libinit2.o)
    0x080001c2   0x080001c2   0x00000000   Code   RO          272    .ARM.Collect$$libinit$$00000027  c_w.l(libinit2.o)
    0x080001c2   0x080001c2   0x00000000   Code   RO          276    .ARM.Collect$$libinit$$0000002E  c_w.l(libinit2.o)
    0x080001c2   0x080001c2   0x00000000   Code   RO          278    .ARM.Collect$$libinit$$00000030  c_w.l(libinit2.o)
    0x080001c2   0x080001c2   0x00000000   Code   RO          280    .ARM.Collect$$libinit$$00000032  c_w.l(libinit2.o)
    0x080001c2   0x080001c2   0x00000000   Code   RO          282    .ARM.Collect$$libinit$$00000034  c_w.l(libinit2.o)
    0x080001c2   0x080001c2   0x00000002   Code   RO          283    .ARM.Collect$$libinit$$00000035  c_w.l(libinit2.o)
    0x080001c4   0x080001c4   0x00000002   Code   RO          305    .ARM.Collect$$libshutdown$$00000000  c_w.l(libshutdown.o)
    0x080001c6   0x080001c6   0x00000000   Code   RO          320    .ARM.Collect$$libshutdown$$00000002  c_w.l(libshutdown2.o)
    0x080001c6   0x080001c6   0x00000000   Code   RO          322    .ARM.Collect$$libshutdown$$00000004  c_w.l(libshutdown2.o)
    0x080001c6   0x080001c6   0x00000000   Code   RO          325    .ARM.Collect$$libshutdown$$00000007  c_w.l(libshutdown2.o)
    0x080001c6   0x080001c6   0x00000000   Code   RO          328    .ARM.Collect$$libshutdown$$0000000A  c_w.l(libshutdown2.o)
    0x080001c6   0x080001c6   0x00000000   Code   RO          330    .ARM.Collect$$libshutdown$$0000000C  c_w.l(libshutdown2.o)
    0x080001c6   0x080001c6   0x00000000   Code   RO          333    .ARM.Collect$$libshutdown$$0000000F  c_w.l(libshutdown2.o)
    0x080001c6   0x080001c6   0x00000002   Code   RO          334    .ARM.Collect$$libshutdown$$00000010  c_w.l(libshutdown2.o)
    0x080001c8   0x080001c8   0x00000000   Code   RO          197    .ARM.Collect$$rtentry$$00000000  c_w.l(__rtentry.o)
    0x080001c8   0x080001c8   0x00000000   Code   RO          208    .ARM.Collect$$rtentry$$00000002  c_w.l(__rtentry2.o)
    0x080001c8   0x080001c8   0x00000006   Code   RO          220    .ARM.Collect$$rtentry$$00000004  c_w.l(__rtentry4.o)
    0x080001ce   0x080001ce   0x00000000   Code   RO          210    .ARM.Collect$$rtentry$$00000009  c_w.l(__rtentry2.o)
    0x080001ce   0x080001ce   0x00000004   Code   RO          211    .ARM.Collect$$rtentry$$0000000A  c_w.l(__rtentry2.o)
    0x080001d2   0x080001d2   0x00000000   Code   RO          213    .ARM.Collect$$rtentry$$0000000C  c_w.l(__rtentry2.o)
    0x080001d2   0x080001d2   0x00000008   Code   RO          214    .ARM.Collect$$rtentry$$0000000D  c_w.l(__rtentry2.o)
    0x080001da   0x080001da   0x00000002   Code   RO          235    .ARM.Collect$$rtexit$$00000000  c_w.l(rtexit.o)
    0x080001dc   0x080001dc   0x00000000   Code   RO          285    .ARM.Collect$$rtexit$$00000002  c_w.l(rtexit2.o)
    0x080001dc   0x080001dc   0x00000004   Code   RO          286    .ARM.Collect$$rtexit$$00000003  c_w.l(rtexit2.o)
    0x080001e0   0x080001e0   0x00000006   Code   RO          287    .ARM.Collect$$rtexit$$00000004  c_w.l(rtexit2.o)
    0x080001e6   0x080001e6   0x00000002   PAD
    0x080001e8   0x080001e8   0x00000040   Code   RO          144  * .text               startup_stm32f10x_md_vl.o
    0x08000228   0x08000228   0x00000048   Code   RO          169    .text               c_w.l(strcpy.o)
    0x08000270   0x08000270   0x00000006   Code   RO          171    .text               c_w.l(heapauxi.o)
    0x08000276   0x08000276   0x0000004a   Code   RO          222    .text               c_w.l(sys_stackheap_outer.o)
    0x080002c0   0x080002c0   0x00000012   Code   RO          224    .text               c_w.l(exit.o)
    0x080002d2   0x080002d2   0x00000002   PAD
    0x080002d4   0x080002d4   0x00000008   Code   RO          232    .text               c_w.l(libspace.o)
    0x080002dc   0x080002dc   0x0000000c   Code   RO          295    .text               c_w.l(sys_exit.o)
    0x080002e8   0x080002e8   0x00000002   Code   RO          310    .text               c_w.l(use_no_semi.o)
    0x080002ea   0x080002ea   0x00000000   Code   RO          312    .text               c_w.l(indicate_semi.o)
    0x080002ea   0x080002ea   0x00000002   PAD
    0x080002ec   0x080002ec   0x00000024   Code   RO           88    .text.DMA1_Channel2_IRQHandler  spi_for_bme.o
    0x08000310   0x08000310   0x00000024   Code   RO           92    .text.DMA1_Channel3_IRQHandler  spi_for_bme.o
    0x08000334   0x08000334   0x0000001e   Code   RO          121    .text.DMA1_Channel4_IRQHandler  uart.o
    0x08000352   0x08000352   0x00000002   PAD
    0x08000354   0x08000354   0x000000ae   Code   RO           98    .text.DMA_for_SPI_init  spi_for_bme.o
    0x08000402   0x08000402   0x00000002   PAD
    0x08000404   0x08000404   0x00000076   Code   RO           55    .text.DS18B20_measure_temperature  ds18b20.o
    0x0800047a   0x0800047a   0x00000002   PAD
    0x0800047c   0x0800047c   0x00000122   Code   RO           75    .text.I2C_Get_Data  th02.o
    0x0800059e   0x0800059e   0x00000002   PAD
    0x080005a0   0x080005a0   0x000000e0   Code   RO           73    .text.I2C_TH_Send_NBytes  th02.o
    0x08000680   0x08000680   0x00000080   Code   RO           69    .text.I2C_for_TH_init  th02.o
    0x08000700   0x08000700   0x00000054   Code   RO           96    .text.SPI1_Master_init  spi_for_bme.o
    0x08000754   0x08000754   0x00000012   Code   RO           90    .text.SPI_cs_set    spi_for_bme.o
    0x08000766   0x08000766   0x00000002   PAD
    0x08000768   0x08000768   0x00000008   Code   RO          153    .text.SetSysClock   system_stm32f10x.o
    0x08000770   0x08000770   0x000000fe   Code   RO          157    .text.SetSysClockTo24  system_stm32f10x.o
    0x0800086e   0x0800086e   0x00000002   PAD
    0x08000870   0x08000870   0x00000072   Code   RO          151    .text.SystemInit    system_stm32f10x.o
    0x080008e2   0x080008e2   0x00000002   PAD
    0x080008e4   0x080008e4   0x000000f8   Code   RO           77    .text.TH_measure_temperature  th02.o
    0x080009dc   0x080009dc   0x00000032   Code   RO           25    .text.TIM2_IRQHandler  ds18b20.o
    0x08000a0e   0x08000a0e   0x00000002   PAD
    0x08000a10   0x08000a10   0x00000018   Code   RO           47    .text.TIM_delay_on  ds18b20.o
    0x08000a28   0x08000a28   0x00000030   Code   RO           33    .text.__NVIC_EnableIRQ  ds18b20.o
    0x08000a58   0x08000a58   0x00000030   Code   RO          102    .text.__NVIC_EnableIRQ  spi_for_bme.o
    0x08000a88   0x08000a88   0x00000030   Code   RO          129    .text.__NVIC_EnableIRQ  uart.o
    0x08000ab8   0x08000ab8   0x00000042   Code   RO           35    .text.__NVIC_SetPriority  ds18b20.o
    0x08000afa   0x08000afa   0x00000002   PAD
    0x08000afc   0x08000afc   0x00000042   Code   RO          104    .text.__NVIC_SetPriority  spi_for_bme.o
    0x08000b3e   0x08000b3e   0x00000002   PAD
    0x08000b40   0x08000b40   0x00000042   Code   RO          131    .text.__NVIC_SetPriority  uart.o
    0x08000b82   0x08000b82   0x00000002   PAD
    0x08000b84   0x08000b84   0x00000084   Code   RO           43    .text.ds_read_bit   ds18b20.o
    0x08000c08   0x08000c08   0x00000046   Code   RO           45    .text.ds_read_byte  ds18b20.o
    0x08000c4e   0x08000c4e   0x00000002   PAD
    0x08000c50   0x08000c50   0x000000c0   Code   RO           37    .text.ds_reset_pulse  ds18b20.o
    0x08000d10   0x08000d10   0x00000078   Code   RO           39    .text.ds_write_bit  ds18b20.o
    0x08000d88   0x08000d88   0x0000003e   Code   RO           41    .text.ds_write_byte  ds18b20.o
    0x08000dc6   0x08000dc6   0x00000002   PAD
    0x08000dc8   0x08000dc8   0x0000006a   Code   RO          127    .text.init_DMA_for_USART  uart.o
    0x08000e32   0x08000e32   0x00000002   PAD
    0x08000e34   0x08000e34   0x00000010   Code   RO           53    .text.init_DS18B20  ds18b20.o
    0x08000e44   0x08000e44   0x00000032   Code   RO           67    .text.init_GPIO_for_I2C  th02.o
    0x08000e76   0x08000e76   0x00000002   PAD
    0x08000e78   0x08000e78   0x0000005e   Code   RO           94    .text.init_GPIO_for_SPI  spi_for_bme.o
    0x08000ed6   0x08000ed6   0x00000002   PAD
    0x08000ed8   0x08000ed8   0x00000022   Code   RO          123    .text.init_GPIO_for_USART  uart.o
    0x08000efa   0x08000efa   0x00000002   PAD
    0x08000efc   0x08000efc   0x0000005a   Code   RO           27    .text.init_Gpio_for_ds  ds18b20.o
    0x08000f56   0x08000f56   0x00000002   PAD
    0x08000f58   0x08000f58   0x00000066   Code   RO          125    .text.init_USART    uart.o
    0x08000fbe   0x08000fbe   0x00000002   PAD
    0x08000fc0   0x08000fc0   0x0000005a   Code   RO           31    .text.init_tim2_for_delay  ds18b20.o
    0x0800101a   0x0800101a   0x00000002   PAD
    0x0800101c   0x0800101c   0x0000003c   Code   RO           29    .text.init_tim3_for_us  ds18b20.o
    0x08001058   0x08001058   0x00000052   Code   RO            2    .text.main          main.o
    0x080010aa   0x080010aa   0x00000002   PAD
    0x080010ac   0x080010ac   0x00000034   Code   RO           14    .text.reset_output_data  common.o
    0x080010e0   0x080010e0   0x0000002c   Code   RO           49    .text.temperature_measurment_start  ds18b20.o
    0x0800110c   0x0800110c   0x0000009a   Code   RO           51    .text.temprepature_measurment_read  ds18b20.o
    0x080011a6   0x080011a6   0x00000002   PAD
    0x080011a8   0x080011a8   0x00000062   Code   RO          175    x$fpl$d2f           fz_ws.l(d2f.o)
    0x0800120a   0x0800120a   0x00000002   PAD
    0x0800120c   0x0800120c   0x00000150   Code   RO          177    x$fpl$dadd          fz_ws.l(daddsub_clz.o)
    0x0800135c   0x0800135c   0x000002b4   Code   RO          184    x$fpl$ddiv          fz_ws.l(ddiv.o)
    0x08001610   0x08001610   0x00000154   Code   RO          187    x$fpl$dmul          fz_ws.l(dmul.o)
    0x08001764   0x08001764   0x0000009c   Code   RO          198    x$fpl$dnaninf       fz_ws.l(dnaninf.o)
    0x08001800   0x08001800   0x0000000c   Code   RO          200    x$fpl$dretinf       fz_ws.l(dretinf.o)
    0x0800180c   0x0800180c   0x000001dc   Code   RO          179    x$fpl$dsub          fz_ws.l(daddsub_clz.o)
    0x080019e8   0x080019e8   0x00000056   Code   RO          189    x$fpl$f2d           fz_ws.l(f2d.o)
    0x08001a3e   0x08001a3e   0x00000002   PAD
    0x08001a40   0x08001a40   0x00000026   Code   RO          191    x$fpl$ffltu         fz_ws.l(fflt_clz.o)
    0x08001a66   0x08001a66   0x0000008c   Code   RO          202    x$fpl$fnaninf       fz_ws.l(fnaninf.o)
    0x08001af2   0x08001af2   0x0000000a   Code   RO          204    x$fpl$fretinf       fz_ws.l(fretinf.o)
    0x08001afc   0x08001afc   0x00000000   Code   RO          206    x$fpl$usenofp       fz_ws.l(usenofp.o)
    0x08001afc   0x08001afc   0x00000013   Data   RO           17    .rodata.str1.1      common.o
    0x08001b0f   0x08001b0f   0x00000001   PAD
    0x08001b10   0x08001b10   0x00000020   Data   RO          368    Region$$Table       anon$$obj.o


    Execution Region ER_RW (Exec base: 0x20000000, Load base: 0x08001b30, Size: 0x00000004, Max: 0xffffffff, ABSOLUTE)

    Exec Addr    Load Addr    Size         Type   Attr      Idx    E Section Name        Object

    0x20000000   0x08001b30   0x00000004   Data   RW          159    .data.SystemCoreClock  system_stm32f10x.o


    Execution Region ER_ZI (Exec base: 0x20000008, Load base: 0x08001b34, Size: 0x00000890, Max: 0xffffffff, ABSOLUTE)

    Exec Addr    Load Addr    Size         Type   Attr      Idx    E Section Name        Object

    0x20000008        -       0x00000060   Zero   RW          233    .bss                c_w.l(libspace.o)
    0x20000068        -       0x000000ff   Zero   RW          112    .bss.buffer_SPI_RX  spi_for_bme.o
    0x20000167        -       0x000000ff   Zero   RW          113    .bss.buffer_SPI_TX  spi_for_bme.o
    0x20000266        -       0x00000001   Zero   RW           57    .bss.ds18b20_cmd    ds18b20.o
    0x20000267        -       0x00000009   Zero   RW           58    .bss.ds_buff        ds18b20.o
    0x20000270        -       0x00000020   Zero   RW           16    .bss.output_data    common.o
    0x20000290        -       0x00000001   Zero   RW           18    .bss.program_state  common.o
    0x20000291        -       0x00000001   Zero   RW           79    .bss.start_state    th02.o
    0x20000292        -       0x00000002   Zero   RW           59    .bss.temp           ds18b20.o
    0x20000294   0x08001b34   0x00000004   PAD
    0x20000298        -       0x00000200   Zero   RW          142    HEAP                startup_stm32f10x_md_vl.o
    0x20000498        -       0x00000400   Zero   RW          141    STACK               startup_stm32f10x_md_vl.o


==============================================================================

Image component sizes


      Code (inc. data)   RO Data    RW Data    ZI Data      Debug   Object Name

        52          0         19          0         33        978   common.o
      1336          4          0          0         12       6715   ds18b20.o
        82          0          0          0          0        815   main.o
       556          0          0          0        510       5337   spi_for_bme.o
        64         26        288          0       1536        848   startup_stm32f10x_md_vl.o
       376          0          0          4          0       2708   system_stm32f10x.o
       940          0          0          0          1       3068   th02.o
       386          0          0          0          0       4582   uart.o

    ----------------------------------------------------------------------
      3836         30        340          4       2096      25051   Object Totals
         0          0         32          0          0          0   (incl. Generated)
        44          0          1          0          4          0   (incl. Padding)

    ----------------------------------------------------------------------

      Code (inc. data)   RO Data    RW Data    ZI Data      Debug   Library Member Name

         8          0          0          0          0         68   __main.o
         0          0          0          0          0          0   __rtentry.o
        12          0          0          0          0          0   __rtentry2.o
         6          0          0          0          0          0   __rtentry4.o
        94          8          0          0          0          0   __scatter.o
        26          0          0          0          0          0   __scatter_copy.o
        28          0          0          0          0          0   __scatter_zi.o
        18          0          0          0          0         80   exit.o
         6          0          0          0          0        152   heapauxi.o
         0          0          0          0          0          0   indicate_semi.o
         2          0          0          0          0          0   libinit.o
         2          0          0          0          0          0   libinit2.o
         2          0          0          0          0          0   libshutdown.o
         2          0          0          0          0          0   libshutdown2.o
         8          4          0          0         96         68   libspace.o
         2          0          0          0          0          0   rtexit.o
        10          0          0          0          0          0   rtexit2.o
        72          0          0          0          0         80   strcpy.o
        12          4          0          0          0         68   sys_exit.o
        74          0          0          0          0         80   sys_stackheap_outer.o
         2          0          0          0          0         68   use_no_semi.o
        98          4          0          0          0         92   d2f.o
       812         16          0          0          0        296   daddsub_clz.o
       692        140          0          0          0        216   ddiv.o
       340         12          0          0          0        104   dmul.o
       156          4          0          0          0         92   dnaninf.o
        12          0          0          0          0         68   dretinf.o
        86          4          0          0          0         84   f2d.o
        38          0          0          0          0         68   fflt_clz.o
       140          4          0          0          0         84   fnaninf.o
        10          0          0          0          0         68   fretinf.o
         0          0          0          0          0          0   usenofp.o

    ----------------------------------------------------------------------
      2784        200          0          0         96       1836   Library Totals
        14          0          0          0          0          0   (incl. Padding)

    ----------------------------------------------------------------------

      Code (inc. data)   RO Data    RW Data    ZI Data      Debug   Library Name

       386         16          0          0         96        664   c_w.l
      2384        184          0          0          0       1172   fz_ws.l

    ----------------------------------------------------------------------
      2784        200          0          0         96       1836   Library Totals

    ----------------------------------------------------------------------

==============================================================================


      Code (inc. data)   RO Data    RW Data    ZI Data      Debug   

      6620        230        340          4       2192      26103   Grand Totals
      6620        230        340          4       2192      26103   ELF Image Totals
      6620        230        340          4          0          0   ROM Totals

==============================================================================

    Total RO  Size (Code + RO Data)                 6960 (   6.80kB)
    Total RW  Size (RW Data + ZI Data)              2196 (   2.14kB)
    Total ROM Size (Code + RO Data + RW Data)       6964 (   6.80kB)

==============================================================================

