C:/Users/denlo/Documents/stm32_projects/Comitas_hackathon/Comitas_hackathon_CMSIS/CMSIS/Inc/core_cm3.h:1511:22:__NVIC_EnableIRQ	16	static
C:/Users/denlo/Documents/stm32_projects/Comitas_hackathon/Comitas_hackathon_CMSIS/CMSIS/Inc/core_cm3.h:1639:22:__NVIC_SetPriority	16	static
../Src/ds18b20.c:9:6:TIM2_IRQHandler	4	static
../Src/ds18b20.c:17:6:init_Gpio_for_ds	4	static
../Src/ds18b20.c:32:6:init_tim3_for_us	4	static
../Src/ds18b20.c:40:6:init_tim2_for_delay	8	static
../Src/ds18b20.c:50:6:ds_reset_pulse	4	static
../Src/ds18b20.c:75:6:ds_write_bit	16	static
../Src/ds18b20.c:90:6:ds_write_byte	24	static
../Src/ds18b20.c:96:9:ds_read_bit	16	static
../Src/ds18b20.c:114:9:ds_read_byte	16	static
../Src/ds18b20.c:122:6:TIM_delay_on	4	static
../Src/ds18b20.c:127:6:temperature_measurment_start	8	static
../Src/ds18b20.c:136:6:temprepature_measurment_read	16	static
../Src/ds18b20.c:153:6:init_DS18B20	8	static
../Src/ds18b20.c:159:6:DS18B20_measure_temperature	8	static
