C:/Users/denlo/Documents/stm32_projects/Comitas_hackathon/Comitas_hackathon_CMSIS/CMSIS/Inc/core_cm3.h:1511:22:__NVIC_EnableIRQ	16	static
C:/Users/denlo/Documents/stm32_projects/Comitas_hackathon/Comitas_hackathon_CMSIS/CMSIS/Inc/core_cm3.h:1639:22:__NVIC_SetPriority	16	static
../Src/UART_for_PC.c:10:6:DMA1_Channel4_IRQHandler	4	static
../Src/UART_for_PC.c:15:6:init_GPIO_for_USART	4	static
../Src/UART_for_PC.c:20:6:init_USART	8	static
../Src/UART_for_PC.c:32:6:init_DMA_for_USART	8	static
../Src/UART_for_PC.c:45:6:UART_send_data	24	static
