Archive member included to satisfy reference by file (symbol)

D:/Cube/STM32CubeIDE_1.15.1/STM32CubeIDE/plugins/com.st.stm32cube.ide.mcu.externaltools.gnu-tools-for-stm32.12.3.rel1.win32_1.0.100.202403111256/tools/bin/../lib/gcc/arm-none-eabi/12.3.1/../../../../arm-none-eabi/lib/thumb/v7-m/nofp\libc_nano.a(libc_a-exit.o)
                              D:/Cube/STM32CubeIDE_1.15.1/STM32CubeIDE/plugins/com.st.stm32cube.ide.mcu.externaltools.gnu-tools-for-stm32.12.3.rel1.win32_1.0.100.202403111256/tools/bin/../lib/gcc/arm-none-eabi/12.3.1/../../../../arm-none-eabi/lib/thumb/v7-m/nofp/crt0.o (exit)
D:/Cube/STM32CubeIDE_1.15.1/STM32CubeIDE/plugins/com.st.stm32cube.ide.mcu.externaltools.gnu-tools-for-stm32.12.3.rel1.win32_1.0.100.202403111256/tools/bin/../lib/gcc/arm-none-eabi/12.3.1/../../../../arm-none-eabi/lib/thumb/v7-m/nofp\libc_nano.a(libc_a-findfp.o)
                              D:/Cube/STM32CubeIDE_1.15.1/STM32CubeIDE/plugins/com.st.stm32cube.ide.mcu.externaltools.gnu-tools-for-stm32.12.3.rel1.win32_1.0.100.202403111256/tools/bin/../lib/gcc/arm-none-eabi/12.3.1/../../../../arm-none-eabi/lib/thumb/v7-m/nofp\libc_nano.a(libc_a-exit.o) (__stdio_exit_handler)
D:/Cube/STM32CubeIDE_1.15.1/STM32CubeIDE/plugins/com.st.stm32cube.ide.mcu.externaltools.gnu-tools-for-stm32.12.3.rel1.win32_1.0.100.202403111256/tools/bin/../lib/gcc/arm-none-eabi/12.3.1/../../../../arm-none-eabi/lib/thumb/v7-m/nofp\libc_nano.a(libc_a-fwalk.o)
                              D:/Cube/STM32CubeIDE_1.15.1/STM32CubeIDE/plugins/com.st.stm32cube.ide.mcu.externaltools.gnu-tools-for-stm32.12.3.rel1.win32_1.0.100.202403111256/tools/bin/../lib/gcc/arm-none-eabi/12.3.1/../../../../arm-none-eabi/lib/thumb/v7-m/nofp\libc_nano.a(libc_a-findfp.o) (_fwalk_sglue)
D:/Cube/STM32CubeIDE_1.15.1/STM32CubeIDE/plugins/com.st.stm32cube.ide.mcu.externaltools.gnu-tools-for-stm32.12.3.rel1.win32_1.0.100.202403111256/tools/bin/../lib/gcc/arm-none-eabi/12.3.1/../../../../arm-none-eabi/lib/thumb/v7-m/nofp\libc_nano.a(libc_a-printf.o)
                              ./Src/main.o (printf)
D:/Cube/STM32CubeIDE_1.15.1/STM32CubeIDE/plugins/com.st.stm32cube.ide.mcu.externaltools.gnu-tools-for-stm32.12.3.rel1.win32_1.0.100.202403111256/tools/bin/../lib/gcc/arm-none-eabi/12.3.1/../../../../arm-none-eabi/lib/thumb/v7-m/nofp\libc_nano.a(libc_a-stdio.o)
                              D:/Cube/STM32CubeIDE_1.15.1/STM32CubeIDE/plugins/com.st.stm32cube.ide.mcu.externaltools.gnu-tools-for-stm32.12.3.rel1.win32_1.0.100.202403111256/tools/bin/../lib/gcc/arm-none-eabi/12.3.1/../../../../arm-none-eabi/lib/thumb/v7-m/nofp\libc_nano.a(libc_a-findfp.o) (__sread)
D:/Cube/STM32CubeIDE_1.15.1/STM32CubeIDE/plugins/com.st.stm32cube.ide.mcu.externaltools.gnu-tools-for-stm32.12.3.rel1.win32_1.0.100.202403111256/tools/bin/../lib/gcc/arm-none-eabi/12.3.1/../../../../arm-none-eabi/lib/thumb/v7-m/nofp\libc_nano.a(libc_a-memset.o)
                              D:/Cube/STM32CubeIDE_1.15.1/STM32CubeIDE/plugins/com.st.stm32cube.ide.mcu.externaltools.gnu-tools-for-stm32.12.3.rel1.win32_1.0.100.202403111256/tools/bin/../lib/gcc/arm-none-eabi/12.3.1/../../../../arm-none-eabi/lib/thumb/v7-m/nofp/crt0.o (memset)
D:/Cube/STM32CubeIDE_1.15.1/STM32CubeIDE/plugins/com.st.stm32cube.ide.mcu.externaltools.gnu-tools-for-stm32.12.3.rel1.win32_1.0.100.202403111256/tools/bin/../lib/gcc/arm-none-eabi/12.3.1/../../../../arm-none-eabi/lib/thumb/v7-m/nofp\libc_nano.a(libc_a-closer.o)
                              D:/Cube/STM32CubeIDE_1.15.1/STM32CubeIDE/plugins/com.st.stm32cube.ide.mcu.externaltools.gnu-tools-for-stm32.12.3.rel1.win32_1.0.100.202403111256/tools/bin/../lib/gcc/arm-none-eabi/12.3.1/../../../../arm-none-eabi/lib/thumb/v7-m/nofp\libc_nano.a(libc_a-stdio.o) (_close_r)
D:/Cube/STM32CubeIDE_1.15.1/STM32CubeIDE/plugins/com.st.stm32cube.ide.mcu.externaltools.gnu-tools-for-stm32.12.3.rel1.win32_1.0.100.202403111256/tools/bin/../lib/gcc/arm-none-eabi/12.3.1/../../../../arm-none-eabi/lib/thumb/v7-m/nofp\libc_nano.a(libc_a-reent.o)
                              D:/Cube/STM32CubeIDE_1.15.1/STM32CubeIDE/plugins/com.st.stm32cube.ide.mcu.externaltools.gnu-tools-for-stm32.12.3.rel1.win32_1.0.100.202403111256/tools/bin/../lib/gcc/arm-none-eabi/12.3.1/../../../../arm-none-eabi/lib/thumb/v7-m/nofp\libc_nano.a(libc_a-closer.o) (errno)
D:/Cube/STM32CubeIDE_1.15.1/STM32CubeIDE/plugins/com.st.stm32cube.ide.mcu.externaltools.gnu-tools-for-stm32.12.3.rel1.win32_1.0.100.202403111256/tools/bin/../lib/gcc/arm-none-eabi/12.3.1/../../../../arm-none-eabi/lib/thumb/v7-m/nofp\libc_nano.a(libc_a-impure.o)
                              D:/Cube/STM32CubeIDE_1.15.1/STM32CubeIDE/plugins/com.st.stm32cube.ide.mcu.externaltools.gnu-tools-for-stm32.12.3.rel1.win32_1.0.100.202403111256/tools/bin/../lib/gcc/arm-none-eabi/12.3.1/../../../../arm-none-eabi/lib/thumb/v7-m/nofp\libc_nano.a(libc_a-printf.o) (_impure_ptr)
[...]
Memory Configuration

Name             Origin             Length             Attributes
RAM              0x20000000         0x00002800         xrw
FLASH            0x08000000         0x00008000         xr
*default*        0x00000000         0xffffffff

Linker script and memory map

LOAD D:/Cube/STM32CubeIDE_1.15.1/STM32CubeIDE/plugins/com.st.stm32cube.ide.mcu.externaltools.gnu-tools-for-stm32.12.3.rel1.win32_1.0.100.202403111256/tools/bin/../lib/gcc/arm-none-eabi/12.3.1/thumb/v7-m/nofp/crti.o
LOAD D:/Cube/STM32CubeIDE_1.15.1/STM32CubeIDE/plugins/com.st.stm32cube.ide.mcu.externaltools.gnu-tools-for-stm32.12.3.rel1.win32_1.0.100.202403111256/tools/bin/../lib/gcc/arm-none-eabi/12.3.1/thumb/v7-m/nofp/crtbegin.o
LOAD D:/Cube/STM32CubeIDE_1.15.1/STM32CubeIDE/plugins/com.st.stm32cube.ide.mcu.externaltools.gnu-tools-for-stm32.12.3.rel1.win32_1.0.100.202403111256/tools/bin/../lib/gcc/arm-none-eabi/12.3.1/../../../../arm-none-eabi/lib/thumb/v7-m/nofp/crt0.o
LOAD ./CMSIS/Src/system_stm32f1xx.o
LOAD ./Src/TH02.o
LOAD ./Src/UART_for_PC.o
LOAD ./Src/common.o
LOAD ./Src/ds18b20.o
LOAD ./Src/main.o
LOAD ./Src/syscalls.o
LOAD ./Src/sysmem.o
LOAD ./Startup/startup_stm32f103c6tx.o
START GROUP
LOAD D:/Cube/STM32CubeIDE_1.15.1/STM32CubeIDE/plugins/com.st.stm32cube.ide.mcu.externaltools.gnu-tools-for-stm32.12.3.rel1.win32_1.0.100.202403111256/tools/bin/../lib/gcc/arm-none-eabi/12.3.1/../../../../arm-none-eabi/lib/thumb/v7-m/nofp\libc_nano.a
LOAD D:/Cube/STM32CubeIDE_1.15.1/STM32CubeIDE/plugins/com.st.stm32cube.ide.mcu.externaltools.gnu-tools-for-stm32.12.3.rel1.win32_1.0.100.202403111256/tools/bin/../lib/gcc/arm-none-eabi/12.3.1/../../../../arm-none-eabi/lib/thumb/v7-m/nofp\libm.a
END GROUP
START GROUP
LOAD D:/Cube/STM32CubeIDE_1.15.1/STM32CubeIDE/plugins/com.st.stm32cube.ide.mcu.externaltools.gnu-tools-for-stm32.12.3.rel1.win32_1.0.100.202403111256/tools/bin/../lib/gcc/arm-none-eabi/12.3.1/thumb/v7-m/nofp\libgcc.a
LOAD D:/Cube/STM32CubeIDE_1.15.1/STM32CubeIDE/plugins/com.st.stm32cube.ide.mcu.externaltools.gnu-tools-for-stm32.12.3.rel1.win32_1.0.100.202403111256/tools/bin/../lib/gcc/arm-none-eabi/12.3.1/../../../../arm-none-eabi/lib/thumb/v7-m/nofp\libc_nano.a
END GROUP
START GROUP
LOAD D:/Cube/STM32CubeIDE_1.15.1/STM32CubeIDE/plugins/com.st.stm32cube.ide.mcu.externaltools.gnu-tools-for-stm32.12.3.rel1.win32_1.0.100.202403111256/tools/bin/../lib/gcc/arm-none-eabi/12.3.1/thumb/v7-m/nofp\libgcc.a
LOAD D:/Cube/STM32CubeIDE_1.15.1/STM32CubeIDE/plugins/com.st.stm32cube.ide.mcu.externaltools.gnu-tools-for-stm32.12.3.rel1.win32_1.0.100.202403111256/tools/bin/../lib/gcc/arm-none-eabi/12.3.1/../../../../arm-none-eabi/lib/thumb/v7-m/nofp\libc_nano.a
LOAD D:/Cube/STM32CubeIDE_1.15.1/STM32CubeIDE/plugins/com.st.stm32cube.ide.mcu.externaltools.gnu-tools-for-stm32.12.3.rel1.win32_1.0.100.202403111256/tools/bin/../lib/gcc/arm-none-eabi/12.3.1/../../../../arm-none-eabi/lib/thumb/v7-m/nofp\libnosys.a
END GROUP
START GROUP
LOAD D:/Cube/STM32CubeIDE_1.15.1/STM32CubeIDE/plugins/com.st.stm32cube.ide.mcu.externaltools.gnu-tools-for-stm32.12.3.rel1.win32_1.0.100.202403111256/tools/bin/../lib/gcc/arm-none-eabi/12.3.1/thumb/v7-m/nofp\libgcc.a
LOAD D:/Cube/STM32CubeIDE_1.15.1/STM32CubeIDE/plugins/com.st.stm32cube.ide.mcu.externaltools.gnu-tools-for-stm32.12.3.rel1.win32_1.0.100.202403111256/tools/bin/../lib/gcc/arm-none-eabi/12.3.1/../../../../arm-none-eabi/lib/thumb/v7-m/nofp\libc_nano.a
LOAD D:/Cube/STM32CubeIDE_1.15.1/STM32CubeIDE/plugins/com.st.stm32cube.ide.mcu.externaltools.gnu-tools-for-stm32.12.3.rel1.win32_1.0.100.202403111256/tools/bin/../lib/gcc/arm-none-eabi/12.3.1/../../../../arm-none-eabi/lib/thumb/v7-m/nofp\libnosys.a
END GROUP
LOAD D:/Cube/STM32CubeIDE_1.15.1/STM32CubeIDE/plugins/com.st.stm32cube.ide.mcu.externaltools.gnu-tools-for-stm32.12.3.rel1.win32_1.0.100.202403111256/tools/bin/../lib/gcc/arm-none-eabi/12.3.1/thumb/v7-m/nofp/crtend.o
LOAD D:/Cube/STM32CubeIDE_1.15.1/STM32CubeIDE/plugins/com.st.stm32cube.ide.mcu.externaltools.gnu-tools-for-stm32.12.3.rel1.win32_1.0.100.202403111256/tools/bin/../lib/gcc/arm-none-eabi/12.3.1/thumb/v7-m/nofp/crtn.o
                0x20002800                        _estack = (ORIGIN (RAM) + LENGTH (RAM))
                0x00000200                        _Min_Heap_Size = 0x200
                0x00000400                        _Min_Stack_Size = 0x400

.isr_vector     0x08000000      0x130
                0x08000000                        . = ALIGN (0x4)
 *(.isr_vector)
 .isr_vector    0x08000000      0x130 ./Startup/startup_stm32f103c6tx.o
                0x08000000                g_pfnVectors
                0x08000130                        . = ALIGN (0x4)

.text           0x08000130     0x1c10
                0x08000130                        . = ALIGN (0x4)
 *(.text)
 .text          0x08000130       0x40 D:/Cube/STM32CubeIDE_1.15.1/STM32CubeIDE/plugins/com.st.stm32cube.ide.mcu.externaltools.gnu-tools-for-stm32.12.3.rel1.win32_1.0.100.202403111256/tools/bin/../lib/gcc/arm-none-eabi/12.3.1/thumb/v7-m/nofp/crtbegin.o
 .text          0x08000170      0x168 D:/Cube/STM32CubeIDE_1.15.1/STM32CubeIDE/plugins/com.st.stm32cube.ide.mcu.externaltools.gnu-tools-for-stm32.12.3.rel1.win32_1.0.100.202403111256/tools/bin/../lib/gcc/arm-none-eabi/12.3.1/thumb/v7-m/nofp\libgcc.a(_arm_mulsf3.o)
                0x08000170                __aeabi_fmul
                0x08000170                __mulsf3
 .text          0x080002d8      0x21c D:/Cube/STM32CubeIDE_1.15.1/STM32CubeIDE/plugins/com.st.stm32cube.ide.mcu.externaltools.gnu-tools-for-stm32.12.3.rel1.win32_1.0.100.202403111256/tools/bin/../lib/gcc/arm-none-eabi/12.3.1/thumb/v7-m/nofp\libgcc.a(_arm_addsubsf3.o)
                0x080002d8                __aeabi_frsub
                0x080002e0                __subsf3
                0x080002e0                __aeabi_fsub
                0x080002e4                __aeabi_fadd
                0x080002e4                __addsf3
                0x08000444                __aeabi_ui2f
                0x08000444                __floatunsisf
                0x0800044c                __aeabi_i2f
                0x0800044c                __floatsisf
                0x08000468                __aeabi_ul2f
                0x08000468                __floatundisf
                0x08000478                __aeabi_l2f
                0x08000478                __floatdisf
 .text          0x080004f4       0x4c D:/Cube/STM32CubeIDE_1.15.1/STM32CubeIDE/plugins/com.st.stm32cube.ide.mcu.externaltools.gnu-tools-for-stm32.12.3.rel1.win32_1.0.100.202403111256/tools/bin/../lib/gcc/arm-none-eabi/12.3.1/thumb/v7-m/nofp\libgcc.a(_arm_fixsfsi.o)
                0x080004f4                __aeabi_f2iz
                0x080004f4                __fixsfsi
 *(.text*)
 .text.SystemInit
                0x08000540        0xc ./CMSIS/Src/system_stm32f1xx.o
                0x08000540                SystemInit
 .text.init_GPIO_for_I2C
                0x0800054c       0x38 ./Src/TH02.o
                0x0800054c                init_GPIO_for_I2C
 .text.I2C_for_TH_init
                0x08000584       0x5c ./Src/TH02.o
                0x08000584                I2C_for_TH_init
 .text.I2C_TH_SendByte
                0x080005e0       0x8c ./Src/TH02.o
                0x080005e0                I2C_TH_SendByte
 .text.__NVIC_EnableIRQ
                0x0800066c       0x38 ./Src/UART_for_PC.o
 .text.__NVIC_SetPriority
                0x080006a4       0x54 ./Src/UART_for_PC.o
 .text.DMA1_Channel4_IRQHandler
                0x080006f8       0x2c ./Src/UART_for_PC.o
                0x080006f8                DMA1_Channel4_IRQHandler
 .text.init_GPIO_for_USART
                0x08000724       0x2c ./Src/UART_for_PC.o
                0x08000724                init_GPIO_for_USART
 .text.init_USART
                0x08000750       0x60 ./Src/UART_for_PC.o
                0x08000750                init_USART
 .text.init_DMA_for_USART
                0x080007b0       0x5c ./Src/UART_for_PC.o
                0x080007b0                init_DMA_for_USART
 .text.UART_send_data
                0x0800080c       0x64 ./Src/UART_for_PC.o
                0x0800080c                UART_send_data
 .text.__NVIC_EnableIRQ
                0x08000870       0x38 ./Src/ds18b20.o
 .text.__NVIC_SetPriority
                0x080008a8       0x54 ./Src/ds18b20.o
 .text.TIM2_IRQHandler
                0x080008fc       0x28 ./Src/ds18b20.o
                0x080008fc                TIM2_IRQHandler
 .text.init_Gpio_for_ds
                0x08000924       0x5c ./Src/ds18b20.o
                0x08000924                init_Gpio_for_ds
 .text.init_tim1_for_us
                0x08000980       0x30 ./Src/ds18b20.o
                0x08000980                init_tim1_for_us
 .text.init_tim2_for_delay
                0x080009b0       0x54 ./Src/ds18b20.o
                0x080009b0                init_tim2_for_delay
 .text.ds_reset_pulse
                0x08000a04       0x9c ./Src/ds18b20.o
                0x08000a04                ds_reset_pulse
 .text.ds_write_bit
                0x08000aa0       0x84 ./Src/ds18b20.o
                0x08000aa0                ds_write_bit
 .text.ds_write_byte
                0x08000b24       0x40 ./Src/ds18b20.o
                0x08000b24                ds_write_byte
 .text.TIM_1sec_on
                0x08000b64       0x24 ./Src/ds18b20.o
                0x08000b64                TIM_1sec_on
 .text.temperature_measurment_start
                0x08000b88       0x2c ./Src/ds18b20.o
                0x08000b88                temperature_measurment_start
 .text.temprepature_measurment_read
                0x08000bb4       0x78 ./Src/ds18b20.o
                0x08000bb4                temprepature_measurment_read
 .text.init_DS18B20
                0x08000c2c       0x14 ./Src/ds18b20.o
                0x08000c2c                init_DS18B20
 .text.DS18B20_measure_temperature
                0x08000c40       0x6c ./Src/ds18b20.o
                0x08000c40                DS18B20_measure_temperature
 .text.__io_putchar
                0x08000cac       0x1e ./Src/main.o
                0x08000cac                __io_putchar
 *fill*         0x08000cca        0x2 
 .text.main     0x08000ccc       0x54 ./Src/main.o
                0x08000ccc                main
 .text._read    0x08000d20       0x3a ./Src/syscalls.o
                0x08000d20                _read
 .text._write   0x08000d5a       0x38 ./Src/syscalls.o
                0x08000d5a                _write
 .text._close   0x08000d92       0x16 ./Src/syscalls.o
                0x08000d92                _close
 .text._fstat   0x08000da8       0x1e ./Src/syscalls.o
                0x08000da8                _fstat
 .text._isatty  0x08000dc6       0x14 ./Src/syscalls.o
                0x08000dc6                _isatty
 .text._lseek   0x08000dda       0x18 ./Src/syscalls.o
                0x08000dda                _lseek
 *fill*         0x08000df2        0x2 
 .text._sbrk    0x08000df4       0x6c ./Src/sysmem.o
                0x08000df4                _sbrk
 .text.Reset_Handler
                0x08000e60       0x50 ./Startup/startup_stm32f103c6tx.o
                0x08000e60                Reset_Handler
 .text.Default_Handler
                0x08000eb0        0x2 ./Startup/startup_stm32f103c6tx.o
                0x08000eb0                EXTI2_IRQHandler
                0x08000eb0                TIM8_TRG_COM_IRQHandler
                0x08000eb0                TIM8_CC_IRQHandler
                0x08000eb0                DebugMon_Handler
                0x08000eb0                TIM1_CC_IRQHandler
                0x08000eb0                HardFault_Handler
                0x08000eb0                TIM6_IRQHandler
                0x08000eb0                SysTick_Handler
                0x08000eb0                PVD_IRQHandler
                0x08000eb0                SDIO_IRQHandler
                0x08000eb0                PendSV_Handler
                0x08000eb0                NMI_Handler
                0x08000eb0                EXTI3_IRQHandler
                0x08000eb0                USB_HP_CAN_TX_IRQHandler
                0x08000eb0                EXTI0_IRQHandler
                0x08000eb0                I2C2_EV_IRQHandler
                0x08000eb0                UsageFault_Handler
                0x08000eb0                ADC1_2_IRQHandler
                0x08000eb0                SPI1_IRQHandler
                0x08000eb0                CAN_SCE_IRQHandler
                0x08000eb0                TAMPER_IRQHandler
                0x08000eb0                TIM8_UP_IRQHandler
                0x08000eb0                DMA2_Channel2_IRQHandler
                0x08000eb0                USART3_IRQHandler
                0x08000eb0                RTC_IRQHandler
                0x08000eb0                DMA1_Channel7_IRQHandler
                0x08000eb0                UART5_IRQHandler
                0x08000eb0                ADC3_IRQHandler
                0x08000eb0                TIM4_IRQHandler
                0x08000eb0                CAN_RX1_IRQHandler
                0x08000eb0                DMA2_Channel1_IRQHandler
                0x08000eb0                I2C1_EV_IRQHandler
                0x08000eb0                DMA1_Channel6_IRQHandler
                0x08000eb0                UART4_IRQHandler
                0x08000eb0                TIM3_IRQHandler
                0x08000eb0                RCC_IRQHandler
                0x08000eb0                TIM1_TRG_COM_IRQHandler
                0x08000eb0                DMA1_Channel1_IRQHandler
                0x08000eb0                Default_Handler
                0x08000eb0                EXTI15_10_IRQHandler
                0x08000eb0                TIM7_IRQHandler
                0x08000eb0                TIM5_IRQHandler
                0x08000eb0                EXTI9_5_IRQHandler
                0x08000eb0                SPI2_IRQHandler
                0x08000eb0                USB_LP_CAN_RX0_IRQHandler
                0x08000eb0                MemManage_Handler
                0x08000eb0                SVC_Handler
                0x08000eb0                DMA1_Channel5_IRQHandler
                0x08000eb0                EXTI4_IRQHandler
                0x08000eb0                DMA1_Channel3_IRQHandler
                0x08000eb0                FSMC_IRQHandler
                0x08000eb0                TIM1_UP_IRQHandler
                0x08000eb0                WWDG_IRQHandler
                0x08000eb0                TIM1_BRK_IRQHandler
                0x08000eb0                EXTI1_IRQHandler
                0x08000eb0                RTCAlarm_IRQHandler
                0x08000eb0                DMA2_Channel4_5_IRQHandler
                0x08000eb0                USART2_IRQHandler
                0x08000eb0                I2C2_ER_IRQHandler
                0x08000eb0                DMA1_Channel2_IRQHandler
                0x08000eb0                TIM8_BRK_IRQHandler
                0x08000eb0                FLASH_IRQHandler
                0x08000eb0                BusFault_Handler
                0x08000eb0                USART1_IRQHandler
                0x08000eb0                SPI3_IRQHandler
                0x08000eb0                I2C1_ER_IRQHandler
                0x08000eb0                DMA2_Channel3_IRQHandler
 *fill*         0x08000eb2        0x2 
 .text.std      0x08000eb4       0x6c D:/Cube/STM32CubeIDE_1.15.1/STM32CubeIDE/plugins/com.st.stm32cube.ide.mcu.externaltools.gnu-tools-for-stm32.12.3.rel1.win32_1.0.100.202403111256/tools/bin/../lib/gcc/arm-none-eabi/12.3.1/../../../../arm-none-eabi/lib/thumb/v7-m/nofp\libc_nano.a(libc_a-findfp.o)
 .text.stdio_exit_handler
                0x08000f20       0x18 D:/Cube/STM32CubeIDE_1.15.1/STM32CubeIDE/plugins/com.st.stm32cube.ide.mcu.externaltools.gnu-tools-for-stm32.12.3.rel1.win32_1.0.100.202403111256/tools/bin/../lib/gcc/arm-none-eabi/12.3.1/../../../../arm-none-eabi/lib/thumb/v7-m/nofp\libc_nano.a(libc_a-findfp.o)
 .text.cleanup_stdio
                0x08000f38       0x40 D:/Cube/STM32CubeIDE_1.15.1/STM32CubeIDE/plugins/com.st.stm32cube.ide.mcu.externaltools.gnu-tools-for-stm32.12.3.rel1.win32_1.0.100.202403111256/tools/bin/../lib/gcc/arm-none-eabi/12.3.1/../../../../arm-none-eabi/lib/thumb/v7-m/nofp\libc_nano.a(libc_a-findfp.o)
 .text.global_stdio_init.part.0
                0x08000f78       0x3c D:/Cube/STM32CubeIDE_1.15.1/STM32CubeIDE/plugins/com.st.stm32cube.ide.mcu.externaltools.gnu-tools-for-stm32.12.3.rel1.win32_1.0.100.202403111256/tools/bin/../lib/gcc/arm-none-eabi/12.3.1/../../../../arm-none-eabi/lib/thumb/v7-m/nofp\libc_nano.a(libc_a-findfp.o)
 .text.__sfp_lock_acquire
                0x08000fb4        0xc D:/Cube/STM32CubeIDE_1.15.1/STM32CubeIDE/plugins/com.st.stm32cube.ide.mcu.externaltools.gnu-tools-for-stm32.12.3.rel1.win32_1.0.100.202403111256/tools/bin/../lib/gcc/arm-none-eabi/12.3.1/../../../../arm-none-eabi/lib/thumb/v7-m/nofp\libc_nano.a(libc_a-findfp.o)
                0x08000fb4                __sfp_lock_acquire
 .text.__sfp_lock_release
                0x08000fc0        0xc D:/Cube/STM32CubeIDE_1.15.1/STM32CubeIDE/plugins/com.st.stm32cube.ide.mcu.externaltools.gnu-tools-for-stm32.12.3.rel1.win32_1.0.100.202403111256/tools/bin/../lib/gcc/arm-none-eabi/12.3.1/../../../../arm-none-eabi/lib/thumb/v7-m/nofp\libc_nano.a(libc_a-findfp.o)
                0x08000fc0                __sfp_lock_release
 .text.__sinit  0x08000fcc       0x30 D:/Cube/STM32CubeIDE_1.15.1/STM32CubeIDE/plugins/com.st.stm32cube.ide.mcu.externaltools.gnu-tools-for-stm32.12.3.rel1.win32_1.0.100.202403111256/tools/bin/../lib/gcc/arm-none-eabi/12.3.1/../../../../arm-none-eabi/lib/thumb/v7-m/nofp\libc_nano.a(libc_a-findfp.o)
                0x08000fcc                __sinit
 .text._fwalk_sglue
                0x08000ffc       0x3c D:/Cube/STM32CubeIDE_1.15.1/STM32CubeIDE/plugins/com.st.stm32cube.ide.mcu.externaltools.gnu-tools-for-stm32.12.3.rel1.win32_1.0.100.202403111256/tools/bin/../lib/gcc/arm-none-eabi/12.3.1/../../../../arm-none-eabi/lib/thumb/v7-m/nofp\libc_nano.a(libc_a-fwalk.o)
                0x08000ffc                _fwalk_sglue
 .text.printf   0x08001038       0x24 D:/Cube/STM32CubeIDE_1.15.1/STM32CubeIDE/plugins/com.st.stm32cube.ide.mcu.externaltools.gnu-tools-for-stm32.12.3.rel1.win32_1.0.100.202403111256/tools/bin/../lib/gcc/arm-none-eabi/12.3.1/../../../../arm-none-eabi/lib/thumb/v7-m/nofp\libc_nano.a(libc_a-printf.o)
                0x08001038                iprintf
                0x08001038                printf
 .text.__sread  0x0800105c       0x22 D:/Cube/STM32CubeIDE_1.15.1/STM32CubeIDE/plugins/com.st.stm32cube.ide.mcu.externaltools.gnu-tools-for-stm32.12.3.rel1.win32_1.0.100.202403111256/tools/bin/../lib/gcc/arm-none-eabi/12.3.1/../../../../arm-none-eabi/lib/thumb/v7-m/nofp\libc_nano.a(libc_a-stdio.o)
                0x0800105c                __sread
 .text.__swrite
                0x0800107e       0x38 D:/Cube/STM32CubeIDE_1.15.1/STM32CubeIDE/plugins/com.st.stm32cube.ide.mcu.externaltools.gnu-tools-for-stm32.12.3.rel1.win32_1.0.100.202403111256/tools/bin/../lib/gcc/arm-none-eabi/12.3.1/../../../../arm-none-eabi/lib/thumb/v7-m/nofp\libc_nano.a(libc_a-stdio.o)
                0x0800107e                __swrite
 .text.__sseek  0x080010b6       0x24 D:/Cube/STM32CubeIDE_1.15.1/STM32CubeIDE/plugins/com.st.stm32cube.ide.mcu.externaltools.gnu-tools-for-stm32.12.3.rel1.win32_1.0.100.202403111256/tools/bin/../lib/gcc/arm-none-eabi/12.3.1/../../../../arm-none-eabi/lib/thumb/v7-m/nofp\libc_nano.a(libc_a-stdio.o)
                0x080010b6                __sseek
 .text.__sclose
                0x080010da        0x8 D:/Cube/STM32CubeIDE_1.15.1/STM32CubeIDE/plugins/com.st.stm32cube.ide.mcu.externaltools.gnu-tools-for-stm32.12.3.rel1.win32_1.0.100.202403111256/tools/bin/../lib/gcc/arm-none-eabi/12.3.1/../../../../arm-none-eabi/lib/thumb/v7-m/nofp\libc_nano.a(libc_a-stdio.o)
                0x080010da                __sclose
 .text.memset   0x080010e2       0x10 D:/Cube/STM32CubeIDE_1.15.1/STM32CubeIDE/plugins/com.st.stm32cube.ide.mcu.externaltools.gnu-tools-for-stm32.12.3.rel1.win32_1.0.100.202403111256/tools/bin/../lib/gcc/arm-none-eabi/12.3.1/../../../../arm-none-eabi/lib/thumb/v7-m/nofp\libc_nano.a(libc_a-memset.o)
                0x080010e2                memset
 *fill*         0x080010f2        0x2 
 .text._close_r
                0x080010f4       0x20 D:/Cube/STM32CubeIDE_1.15.1/STM32CubeIDE/plugins/com.st.stm32cube.ide.mcu.externaltools.gnu-tools-for-stm32.12.3.rel1.win32_1.0.100.202403111256/tools/bin/../lib/gcc/arm-none-eabi/12.3.1/../../../../arm-none-eabi/lib/thumb/v7-m/nofp\libc_nano.a(libc_a-closer.o)
                0x080010f4                _close_r
 .text._lseek_r
                0x08001114       0x24 D:/Cube/STM32CubeIDE_1.15.1/STM32CubeIDE/plugins/com.st.stm32cube.ide.mcu.externaltools.gnu-tools-for-stm32.12.3.rel1.win32_1.0.100.202403111256/tools/bin/../lib/gcc/arm-none-eabi/12.3.1/../../../../arm-none-eabi/lib/thumb/v7-m/nofp\libc_nano.a(libc_a-lseekr.o)
                0x08001114                _lseek_r
 .text._read_r  0x08001138       0x24 D:/Cube/STM32CubeIDE_1.15.1/STM32CubeIDE/plugins/com.st.stm32cube.ide.mcu.externaltools.gnu-tools-for-stm32.12.3.rel1.win32_1.0.100.202403111256/tools/bin/../lib/gcc/arm-none-eabi/12.3.1/../../../../arm-none-eabi/lib/thumb/v7-m/nofp\libc_nano.a(libc_a-readr.o)
                0x08001138                _read_r
 .text._write_r
                0x0800115c       0x24 D:/Cube/STM32CubeIDE_1.15.1/STM32CubeIDE/plugins/com.st.stm32cube.ide.mcu.externaltools.gnu-tools-for-stm32.12.3.rel1.win32_1.0.100.202403111256/tools/bin/../lib/gcc/arm-none-eabi/12.3.1/../../../../arm-none-eabi/lib/thumb/v7-m/nofp\libc_nano.a(libc_a-writer.o)
                0x0800115c                _write_r
 .text.__errno  0x08001180        0xc D:/Cube/STM32CubeIDE_1.15.1/STM32CubeIDE/plugins/com.st.stm32cube.ide.mcu.externaltools.gnu-tools-for-stm32.12.3.rel1.win32_1.0.100.202403111256/tools/bin/../lib/gcc/arm-none-eabi/12.3.1/../../../../arm-none-eabi/lib/thumb/v7-m/nofp\libc_nano.a(libc_a-errno.o)
                0x08001180                __errno
 .text.__libc_init_array
                0x0800118c       0x48 D:/Cube/STM32CubeIDE_1.15.1/STM32CubeIDE/plugins/com.st.stm32cube.ide.mcu.externaltools.gnu-tools-for-stm32.12.3.rel1.win32_1.0.100.202403111256/tools/bin/../lib/gcc/arm-none-eabi/12.3.1/../../../../arm-none-eabi/lib/thumb/v7-m/nofp\libc_nano.a(libc_a-init.o)
                0x0800118c                __libc_init_array
 .text.__retarget_lock_init_recursive
                0x080011d4        0x2 D:/Cube/STM32CubeIDE_1.15.1/STM32CubeIDE/plugins/com.st.stm32cube.ide.mcu.externaltools.gnu-tools-for-stm32.12.3.rel1.win32_1.0.100.202403111256/tools/bin/../lib/gcc/arm-none-eabi/12.3.1/../../../../arm-none-eabi/lib/thumb/v7-m/nofp\libc_nano.a(libc_a-lock.o)
                0x080011d4                __retarget_lock_init_recursive
 .text.__retarget_lock_acquire_recursive
                0x080011d6        0x2 D:/Cube/STM32CubeIDE_1.15.1/STM32CubeIDE/plugins/com.st.stm32cube.ide.mcu.externaltools.gnu-tools-for-stm32.12.3.rel1.win32_1.0.100.202403111256/tools/bin/../lib/gcc/arm-none-eabi/12.3.1/../../../../arm-none-eabi/lib/thumb/v7-m/nofp\libc_nano.a(libc_a-lock.o)
                0x080011d6                __retarget_lock_acquire_recursive
 .text.__retarget_lock_release_recursive
                0x080011d8        0x2 D:/Cube/STM32CubeIDE_1.15.1/STM32CubeIDE/plugins/com.st.stm32cube.ide.mcu.externaltools.gnu-tools-for-stm32.12.3.rel1.win32_1.0.100.202403111256/tools/bin/../lib/gcc/arm-none-eabi/12.3.1/../../../../arm-none-eabi/lib/thumb/v7-m/nofp\libc_nano.a(libc_a-lock.o)
                0x080011d8                __retarget_lock_release_recursive
 *fill*         0x080011da        0x2 
 .text._free_r  0x080011dc       0x90 D:/Cube/STM32CubeIDE_1.15.1/STM32CubeIDE/plugins/com.st.stm32cube.ide.mcu.externaltools.gnu-tools-for-stm32.12.3.rel1.win32_1.0.100.202403111256/tools/bin/../lib/gcc/arm-none-eabi/12.3.1/../../../../arm-none-eabi/lib/thumb/v7-m/nofp\libc_nano.a(libc_a-freer.o)
                0x080011dc                _free_r
 .text.sbrk_aligned
                0x0800126c       0x44 D:/Cube/STM32CubeIDE_1.15.1/STM32CubeIDE/plugins/com.st.stm32cube.ide.mcu.externaltools.gnu-tools-for-stm32.12.3.rel1.win32_1.0.100.202403111256/tools/bin/../lib/gcc/arm-none-eabi/12.3.1/../../../../arm-none-eabi/lib/thumb/v7-m/nofp\libc_nano.a(libc_a-mallocr.o)
 .text._malloc_r
                0x080012b0      0x100 D:/Cube/STM32CubeIDE_1.15.1/STM32CubeIDE/plugins/com.st.stm32cube.ide.mcu.externaltools.gnu-tools-for-stm32.12.3.rel1.win32_1.0.100.202403111256/tools/bin/../lib/gcc/arm-none-eabi/12.3.1/../../../../arm-none-eabi/lib/thumb/v7-m/nofp\libc_nano.a(libc_a-mallocr.o)
                0x080012b0                _malloc_r
 .text.__malloc_lock
                0x080013b0        0xc D:/Cube/STM32CubeIDE_1.15.1/STM32CubeIDE/plugins/com.st.stm32cube.ide.mcu.externaltools.gnu-tools-for-stm32.12.3.rel1.win32_1.0.100.202403111256/tools/bin/../lib/gcc/arm-none-eabi/12.3.1/../../../../arm-none-eabi/lib/thumb/v7-m/nofp\libc_nano.a(libc_a-mlock.o)
                0x080013b0                __malloc_lock
 .text.__malloc_unlock
                0x080013bc        0xc D:/Cube/STM32CubeIDE_1.15.1/STM32CubeIDE/plugins/com.st.stm32cube.ide.mcu.externaltools.gnu-tools-for-stm32.12.3.rel1.win32_1.0.100.202403111256/tools/bin/../lib/gcc/arm-none-eabi/12.3.1/../../../../arm-none-eabi/lib/thumb/v7-m/nofp\libc_nano.a(libc_a-mlock.o)
                0x080013bc                __malloc_unlock
 .text.__sfputc_r
                0x080013c8       0x2a D:/Cube/STM32CubeIDE_1.15.1/STM32CubeIDE/plugins/com.st.stm32cube.ide.mcu.externaltools.gnu-tools-for-stm32.12.3.rel1.win32_1.0.100.202403111256/tools/bin/../lib/gcc/arm-none-eabi/12.3.1/../../../../arm-none-eabi/lib/thumb/v7-m/nofp\libc_nano.a(libc_a-nano-vfprintf.o)
 .text.__sfputs_r
                0x080013f2       0x24 D:/Cube/STM32CubeIDE_1.15.1/STM32CubeIDE/plugins/com.st.stm32cube.ide.mcu.externaltools.gnu-tools-for-stm32.12.3.rel1.win32_1.0.100.202403111256/tools/bin/../lib/gcc/arm-none-eabi/12.3.1/../../../../arm-none-eabi/lib/thumb/v7-m/nofp\libc_nano.a(libc_a-nano-vfprintf.o)
                0x080013f2                __sfputs_r
 *fill*         0x08001416        0x2 
 .text._vfprintf_r
                0x08001418      0x230 D:/Cube/STM32CubeIDE_1.15.1/STM32CubeIDE/plugins/com.st.stm32cube.ide.mcu.externaltools.gnu-tools-for-stm32.12.3.rel1.win32_1.0.100.202403111256/tools/bin/../lib/gcc/arm-none-eabi/12.3.1/../../../../arm-none-eabi/lib/thumb/v7-m/nofp\libc_nano.a(libc_a-nano-vfprintf.o)
                0x08001418                _vfprintf_r
                0x08001418                _vfiprintf_r
 .text._printf_common
                0x08001648       0xe4 D:/Cube/STM32CubeIDE_1.15.1/STM32CubeIDE/plugins/com.st.stm32cube.ide.mcu.externaltools.gnu-tools-for-stm32.12.3.rel1.win32_1.0.100.202403111256/tools/bin/../lib/gcc/arm-none-eabi/12.3.1/../../../../arm-none-eabi/lib/thumb/v7-m/nofp\libc_nano.a(libc_a-nano-vfprintf_i.o)
                0x08001648                _printf_common
 .text._printf_i
                0x0800172c      0x240 D:/Cube/STM32CubeIDE_1.15.1/STM32CubeIDE/plugins/com.st.stm32cube.ide.mcu.externaltools.gnu-tools-for-stm32.12.3.rel1.win32_1.0.100.202403111256/tools/bin/../lib/gcc/arm-none-eabi/12.3.1/../../../../arm-none-eabi/lib/thumb/v7-m/nofp\libc_nano.a(libc_a-nano-vfprintf_i.o)
                0x0800172c                _printf_i
 .text.__sflush_r
                0x0800196c      0x100 D:/Cube/STM32CubeIDE_1.15.1/STM32CubeIDE/plugins/com.st.stm32cube.ide.mcu.externaltools.gnu-tools-for-stm32.12.3.rel1.win32_1.0.100.202403111256/tools/bin/../lib/gcc/arm-none-eabi/12.3.1/../../../../arm-none-eabi/lib/thumb/v7-m/nofp\libc_nano.a(libc_a-fflush.o)
                0x0800196c                __sflush_r
 .text._fflush_r
                0x08001a6c       0x50 D:/Cube/STM32CubeIDE_1.15.1/STM32CubeIDE/plugins/com.st.stm32cube.ide.mcu.externaltools.gnu-tools-for-stm32.12.3.rel1.win32_1.0.100.202403111256/tools/bin/../lib/gcc/arm-none-eabi/12.3.1/../../../../arm-none-eabi/lib/thumb/v7-m/nofp\libc_nano.a(libc_a-fflush.o)
                0x08001a6c                _fflush_r
 .text.__swbuf_r
                0x08001abc       0x7c D:/Cube/STM32CubeIDE_1.15.1/STM32CubeIDE/plugins/com.st.stm32cube.ide.mcu.externaltools.gnu-tools-for-stm32.12.3.rel1.win32_1.0.100.202403111256/tools/bin/../lib/gcc/arm-none-eabi/12.3.1/../../../../arm-none-eabi/lib/thumb/v7-m/nofp\libc_nano.a(libc_a-wbuf.o)
                0x08001abc                __swbuf_r
 .text.__swsetup_r
                0x08001b38       0xac D:/Cube/STM32CubeIDE_1.15.1/STM32CubeIDE/plugins/com.st.stm32cube.ide.mcu.externaltools.gnu-tools-for-stm32.12.3.rel1.win32_1.0.100.202403111256/tools/bin/../lib/gcc/arm-none-eabi/12.3.1/../../../../arm-none-eabi/lib/thumb/v7-m/nofp\libc_nano.a(libc_a-wsetup.o)
                0x08001b38                __swsetup_r
 .text._sbrk_r  0x08001be4       0x20 D:/Cube/STM32CubeIDE_1.15.1/STM32CubeIDE/plugins/com.st.stm32cube.ide.mcu.externaltools.gnu-tools-for-stm32.12.3.rel1.win32_1.0.100.202403111256/tools/bin/../lib/gcc/arm-none-eabi/12.3.1/../../../../arm-none-eabi/lib/thumb/v7-m/nofp\libc_nano.a(libc_a-sbrkr.o)
                0x08001be4                _sbrk_r
 .text.memchr   0x08001c04       0x1c D:/Cube/STM32CubeIDE_1.15.1/STM32CubeIDE/plugins/com.st.stm32cube.ide.mcu.externaltools.gnu-tools-for-stm32.12.3.rel1.win32_1.0.100.202403111256/tools/bin/../lib/gcc/arm-none-eabi/12.3.1/../../../../arm-none-eabi/lib/thumb/v7-m/nofp\libc_nano.a(libc_a-memchr-stub.o)
                0x08001c04                memchr
 .text.__swhatbuf_r
                0x08001c20       0x4a D:/Cube/STM32CubeIDE_1.15.1/STM32CubeIDE/plugins/com.st.stm32cube.ide.mcu.externaltools.gnu-tools-for-stm32.12.3.rel1.win32_1.0.100.202403111256/tools/bin/../lib/gcc/arm-none-eabi/12.3.1/../../../../arm-none-eabi/lib/thumb/v7-m/nofp\libc_nano.a(libc_a-makebuf.o)
                0x08001c20                __swhatbuf_r
 .text.__smakebuf_r
                0x08001c6a       0x78 D:/Cube/STM32CubeIDE_1.15.1/STM32CubeIDE/plugins/com.st.stm32cube.ide.mcu.externaltools.gnu-tools-for-stm32.12.3.rel1.win32_1.0.100.202403111256/tools/bin/../lib/gcc/arm-none-eabi/12.3.1/../../../../arm-none-eabi/lib/thumb/v7-m/nofp\libc_nano.a(libc_a-makebuf.o)
                0x08001c6a                __smakebuf_r
 *fill*         0x08001ce2        0x2 
 .text._fstat_r
                0x08001ce4       0x24 D:/Cube/STM32CubeIDE_1.15.1/STM32CubeIDE/plugins/com.st.stm32cube.ide.mcu.externaltools.gnu-tools-for-stm32.12.3.rel1.win32_1.0.100.202403111256/tools/bin/../lib/gcc/arm-none-eabi/12.3.1/../../../../arm-none-eabi/lib/thumb/v7-m/nofp\libc_nano.a(libc_a-fstatr.o)
                0x08001ce4                _fstat_r
 .text._isatty_r
                0x08001d08       0x20 D:/Cube/STM32CubeIDE_1.15.1/STM32CubeIDE/plugins/com.st.stm32cube.ide.mcu.externaltools.gnu-tools-for-stm32.12.3.rel1.win32_1.0.100.202403111256/tools/bin/../lib/gcc/arm-none-eabi/12.3.1/../../../../arm-none-eabi/lib/thumb/v7-m/nofp\libc_nano.a(libc_a-isattyr.o)
                0x08001d08                _isatty_r
 *(.glue_7)
 .glue_7        0x08001d28        0x0 linker stubs
 *(.glue_7t)
 .glue_7t       0x08001d28        0x0 linker stubs
 *(.eh_frame)
 .eh_frame      0x08001d28        0x0 D:/Cube/STM32CubeIDE_1.15.1/STM32CubeIDE/plugins/com.st.stm32cube.ide.mcu.externaltools.gnu-tools-for-stm32.12.3.rel1.win32_1.0.100.202403111256/tools/bin/../lib/gcc/arm-none-eabi/12.3.1/thumb/v7-m/nofp/crtbegin.o
 *(.init)
 .init          0x08001d28        0x4 D:/Cube/STM32CubeIDE_1.15.1/STM32CubeIDE/plugins/com.st.stm32cube.ide.mcu.externaltools.gnu-tools-for-stm32.12.3.rel1.win32_1.0.100.202403111256/tools/bin/../lib/gcc/arm-none-eabi/12.3.1/thumb/v7-m/nofp/crti.o
                0x08001d28                _init
 .init          0x08001d2c        0x8 D:/Cube/STM32CubeIDE_1.15.1/STM32CubeIDE/plugins/com.st.stm32cube.ide.mcu.externaltools.gnu-tools-for-stm32.12.3.rel1.win32_1.0.100.202403111256/tools/bin/../lib/gcc/arm-none-eabi/12.3.1/thumb/v7-m/nofp/crtn.o
 *(.fini)
 .fini          0x08001d34        0x4 D:/Cube/STM32CubeIDE_1.15.1/STM32CubeIDE/plugins/com.st.stm32cube.ide.mcu.externaltools.gnu-tools-for-stm32.12.3.rel1.win32_1.0.100.202403111256/tools/bin/../lib/gcc/arm-none-eabi/12.3.1/thumb/v7-m/nofp/crti.o
                0x08001d34                _fini
 .fini          0x08001d38        0x8 D:/Cube/STM32CubeIDE_1.15.1/STM32CubeIDE/plugins/com.st.stm32cube.ide.mcu.externaltools.gnu-tools-for-stm32.12.3.rel1.win32_1.0.100.202403111256/tools/bin/../lib/gcc/arm-none-eabi/12.3.1/thumb/v7-m/nofp/crtn.o
                0x08001d40                        . = ALIGN (0x4)
                0x08001d40                        _etext = .

.vfp11_veneer   0x08001d40        0x0
 .vfp11_veneer  0x08001d40        0x0 linker stubs

.v4_bx          0x08001d40        0x0
 .v4_bx         0x08001d40        0x0 linker stubs

.iplt           0x08001d40        0x0
 .iplt          0x08001d40        0x0 D:/Cube/STM32CubeIDE_1.15.1/STM32CubeIDE/plugins/com.st.stm32cube.ide.mcu.externaltools.gnu-tools-for-stm32.12.3.rel1.win32_1.0.100.202403111256/tools/bin/../lib/gcc/arm-none-eabi/12.3.1/thumb/v7-m/nofp/crtbegin.o

.rodata         0x08001d40       0x44
                0x08001d40                        . = ALIGN (0x4)
 *(.rodata)
 .rodata        0x08001d40        0xe ./Src/main.o
 *(.rodata*)
 .rodata._vfprintf_r.str1.1
                0x08001d4e       0x11 D:/Cube/STM32CubeIDE_1.15.1/STM32CubeIDE/plugins/com.st.stm32cube.ide.mcu.externaltools.gnu-tools-for-stm32.12.3.rel1.win32_1.0.100.202403111256/tools/bin/../lib/gcc/arm-none-eabi/12.3.1/../../../../arm-none-eabi/lib/thumb/v7-m/nofp\libc_nano.a(libc_a-nano-vfprintf.o)
 .rodata._printf_i.str1.1
                0x08001d5f       0x22 D:/Cube/STM32CubeIDE_1.15.1/STM32CubeIDE/plugins/com.st.stm32cube.ide.mcu.externaltools.gnu-tools-for-stm32.12.3.rel1.win32_1.0.100.202403111256/tools/bin/../lib/gcc/arm-none-eabi/12.3.1/../../../../arm-none-eabi/lib/thumb/v7-m/nofp\libc_nano.a(libc_a-nano-vfprintf_i.o)
                0x08001d84                        . = ALIGN (0x4)
 *fill*         0x08001d81        0x3 

.ARM.extab      0x08001d84        0x0
                0x08001d84                        . = ALIGN (0x4)
 *(.ARM.extab* .gnu.linkonce.armextab.*)
                0x08001d84                        . = ALIGN (0x4)

.ARM            0x08001d84        0x0
                0x08001d84                        . = ALIGN (0x4)
                0x08001d84                        __exidx_start = .
 *(.ARM.exidx*)
                0x08001d84                        __exidx_end = .
                0x08001d84                        . = ALIGN (0x4)

.preinit_array  0x08001d84        0x0
                0x08001d84                        . = ALIGN (0x4)
                0x08001d84                        PROVIDE (__preinit_array_start = .)
 *(.preinit_array*)
                0x08001d84                        PROVIDE (__preinit_array_end = .)
                0x08001d84                        . = ALIGN (0x4)

.init_array     0x08001d84        0x4
                0x08001d84                        . = ALIGN (0x4)
                0x08001d84                        PROVIDE (__init_array_start = .)
 *(SORT_BY_NAME(.init_array.*))
 *(.init_array*)
 .init_array    0x08001d84        0x4 D:/Cube/STM32CubeIDE_1.15.1/STM32CubeIDE/plugins/com.st.stm32cube.ide.mcu.externaltools.gnu-tools-for-stm32.12.3.rel1.win32_1.0.100.202403111256/tools/bin/../lib/gcc/arm-none-eabi/12.3.1/thumb/v7-m/nofp/crtbegin.o
                0x08001d88                        PROVIDE (__init_array_end = .)
                0x08001d88                        . = ALIGN (0x4)

.fini_array     0x08001d88        0x4
                0x08001d88                        . = ALIGN (0x4)
                [!provide]                        PROVIDE (__fini_array_start = .)
 *(SORT_BY_NAME(.fini_array.*))
 *(.fini_array*)
 .fini_array    0x08001d88        0x4 D:/Cube/STM32CubeIDE_1.15.1/STM32CubeIDE/plugins/com.st.stm32cube.ide.mcu.externaltools.gnu-tools-for-stm32.12.3.rel1.win32_1.0.100.202403111256/tools/bin/../lib/gcc/arm-none-eabi/12.3.1/thumb/v7-m/nofp/crtbegin.o
                [!provide]                        PROVIDE (__fini_array_end = .)
                0x08001d8c                        . = ALIGN (0x4)
                0x08001d8c                        _sidata = LOADADDR (.data)

.rel.dyn        0x08001d8c        0x0
 .rel.iplt      0x08001d8c        0x0 D:/Cube/STM32CubeIDE_1.15.1/STM32CubeIDE/plugins/com.st.stm32cube.ide.mcu.externaltools.gnu-tools-for-stm32.12.3.rel1.win32_1.0.100.202403111256/tools/bin/../lib/gcc/arm-none-eabi/12.3.1/thumb/v7-m/nofp/crtbegin.o

.data           0x20000000       0x6c load address 0x08001d8c
                0x20000000                        . = ALIGN (0x4)
                0x20000000                        _sdata = .
 *(.data)
 *(.data*)
 .data.SystemCoreClock
                0x20000000        0x4 ./CMSIS/Src/system_stm32f1xx.o
                0x20000000                SystemCoreClock
 .data.UART_tx_buf
                0x20000004        0xa ./Src/UART_for_PC.o
                0x20000004                UART_tx_buf
 *fill*         0x2000000e        0x2 
 .data.__sglue  0x20000010        0xc D:/Cube/STM32CubeIDE_1.15.1/STM32CubeIDE/plugins/com.st.stm32cube.ide.mcu.externaltools.gnu-tools-for-stm32.12.3.rel1.win32_1.0.100.202403111256/tools/bin/../lib/gcc/arm-none-eabi/12.3.1/../../../../arm-none-eabi/lib/thumb/v7-m/nofp\libc_nano.a(libc_a-findfp.o)
                0x20000010                __sglue
 .data._impure_ptr
                0x2000001c        0x4 D:/Cube/STM32CubeIDE_1.15.1/STM32CubeIDE/plugins/com.st.stm32cube.ide.mcu.externaltools.gnu-tools-for-stm32.12.3.rel1.win32_1.0.100.202403111256/tools/bin/../lib/gcc/arm-none-eabi/12.3.1/../../../../arm-none-eabi/lib/thumb/v7-m/nofp\libc_nano.a(libc_a-impure.o)
                0x2000001c                _impure_ptr
 .data._impure_data
                0x20000020       0x4c D:/Cube/STM32CubeIDE_1.15.1/STM32CubeIDE/plugins/com.st.stm32cube.ide.mcu.externaltools.gnu-tools-for-stm32.12.3.rel1.win32_1.0.100.202403111256/tools/bin/../lib/gcc/arm-none-eabi/12.3.1/../../../../arm-none-eabi/lib/thumb/v7-m/nofp\libc_nano.a(libc_a-impure.o)
                0x20000020                _impure_data
 *(.RamFunc)
 *(.RamFunc*)
                0x2000006c                        . = ALIGN (0x4)
                0x2000006c                        _edata = .

.igot.plt       0x2000006c        0x0 load address 0x08001df8
 .igot.plt      0x2000006c        0x0 D:/Cube/STM32CubeIDE_1.15.1/STM32CubeIDE/plugins/com.st.stm32cube.ide.mcu.externaltools.gnu-tools-for-stm32.12.3.rel1.win32_1.0.100.202403111256/tools/bin/../lib/gcc/arm-none-eabi/12.3.1/thumb/v7-m/nofp/crtbegin.o
                0x2000006c                        . = ALIGN (0x4)

.bss            0x2000006c      0x184 load address 0x08001df8
                0x2000006c                        _sbss = .
                0x2000006c                        __bss_start__ = _sbss
 *(.bss)
 .bss           0x2000006c       0x1c D:/Cube/STM32CubeIDE_1.15.1/STM32CubeIDE/plugins/com.st.stm32cube.ide.mcu.externaltools.gnu-tools-for-stm32.12.3.rel1.win32_1.0.100.202403111256/tools/bin/../lib/gcc/arm-none-eabi/12.3.1/thumb/v7-m/nofp/crtbegin.o
 *(.bss*)
 .bss.flag      0x20000088        0x4 ./Src/common.o
                0x20000088                flag
 .bss.ds18b20_cmd
                0x2000008c        0x1 ./Src/ds18b20.o
                0x2000008c                ds18b20_cmd
 *fill*         0x2000008d        0x3 
 .bss.ds_buff   0x20000090        0x9 ./Src/ds18b20.o
                0x20000090                ds_buff
 *fill*         0x20000099        0x1 
 .bss.temp      0x2000009a        0x2 ./Src/ds18b20.o
                0x2000009a                temp
 .bss.temperature
                0x2000009c        0x4 ./Src/ds18b20.o
                0x2000009c                temperature
 .bss.__sbrk_heap_end
                0x200000a0        0x4 ./Src/sysmem.o
 .bss.__sf      0x200000a4      0x138 D:/Cube/STM32CubeIDE_1.15.1/STM32CubeIDE/plugins/com.st.stm32cube.ide.mcu.externaltools.gnu-tools-for-stm32.12.3.rel1.win32_1.0.100.202403111256/tools/bin/../lib/gcc/arm-none-eabi/12.3.1/../../../../arm-none-eabi/lib/thumb/v7-m/nofp\libc_nano.a(libc_a-findfp.o)
                0x200000a4                __sf
 .bss.__stdio_exit_handler
                0x200001dc        0x4 D:/Cube/STM32CubeIDE_1.15.1/STM32CubeIDE/plugins/com.st.stm32cube.ide.mcu.externaltools.gnu-tools-for-stm32.12.3.rel1.win32_1.0.100.202403111256/tools/bin/../lib/gcc/arm-none-eabi/12.3.1/../../../../arm-none-eabi/lib/thumb/v7-m/nofp\libc_nano.a(libc_a-findfp.o)
                0x200001dc                __stdio_exit_handler
 .bss.errno     0x200001e0        0x4 D:/Cube/STM32CubeIDE_1.15.1/STM32CubeIDE/plugins/com.st.stm32cube.ide.mcu.externaltools.gnu-tools-for-stm32.12.3.rel1.win32_1.0.100.202403111256/tools/bin/../lib/gcc/arm-none-eabi/12.3.1/../../../../arm-none-eabi/lib/thumb/v7-m/nofp\libc_nano.a(libc_a-reent.o)
                0x200001e0                errno
 .bss.__lock___malloc_recursive_mutex
                0x200001e4        0x1 D:/Cube/STM32CubeIDE_1.15.1/STM32CubeIDE/plugins/com.st.stm32cube.ide.mcu.externaltools.gnu-tools-for-stm32.12.3.rel1.win32_1.0.100.202403111256/tools/bin/../lib/gcc/arm-none-eabi/12.3.1/../../../../arm-none-eabi/lib/thumb/v7-m/nofp\libc_nano.a(libc_a-lock.o)
                0x200001e4                __lock___malloc_recursive_mutex
 .bss.__lock___sfp_recursive_mutex
                0x200001e5        0x1 D:/Cube/STM32CubeIDE_1.15.1/STM32CubeIDE/plugins/com.st.stm32cube.ide.mcu.externaltools.gnu-tools-for-stm32.12.3.rel1.win32_1.0.100.202403111256/tools/bin/../lib/gcc/arm-none-eabi/12.3.1/../../../../arm-none-eabi/lib/thumb/v7-m/nofp\libc_nano.a(libc_a-lock.o)
                0x200001e5                __lock___sfp_recursive_mutex
 *fill*         0x200001e6        0x2 
 .bss.__malloc_sbrk_start
                0x200001e8        0x4 D:/Cube/STM32CubeIDE_1.15.1/STM32CubeIDE/plugins/com.st.stm32cube.ide.mcu.externaltools.gnu-tools-for-stm32.12.3.rel1.win32_1.0.100.202403111256/tools/bin/../lib/gcc/arm-none-eabi/12.3.1/../../../../arm-none-eabi/lib/thumb/v7-m/nofp\libc_nano.a(libc_a-mallocr.o)
                0x200001e8                __malloc_sbrk_start
 .bss.__malloc_free_list
                0x200001ec        0x4 D:/Cube/STM32CubeIDE_1.15.1/STM32CubeIDE/plugins/com.st.stm32cube.ide.mcu.externaltools.gnu-tools-for-stm32.12.3.rel1.win32_1.0.100.202403111256/tools/bin/../lib/gcc/arm-none-eabi/12.3.1/../../../../arm-none-eabi/lib/thumb/v7-m/nofp\libc_nano.a(libc_a-mallocr.o)
                0x200001ec                __malloc_free_list
 *(COMMON)
                0x200001f0                        . = ALIGN (0x4)
                0x200001f0                        _ebss = .
                0x200001f0                        __bss_end__ = _ebss

._user_heap_stack
                0x200001f0      0x600 load address 0x08001df8
                0x200001f0                        . = ALIGN (0x8)
                [!provide]                        PROVIDE (end = .)
                0x200001f0                        PROVIDE (_end = .)
                0x200003f0                        . = (. + _Min_Heap_Size)
 *fill*         0x200001f0      0x200 
                0x200007f0                        . = (. + _Min_Stack_Size)
 *fill*         0x200003f0      0x400 
                0x200007f0                        . = ALIGN (0x8)

/DISCARD/
 libc.a(*)
 libm.a(*)
 libgcc.a(*)

.ARM.attributes
                0x00000000       0x29
 *(.ARM.attributes)
 .ARM.attributes
                0x00000000       0x1d D:/Cube/STM32CubeIDE_1.15.1/STM32CubeIDE/plugins/com.st.stm32cube.ide.mcu.externaltools.gnu-tools-for-stm32.12.3.rel1.win32_1.0.100.202403111256/tools/bin/../lib/gcc/arm-none-eabi/12.3.1/thumb/v7-m/nofp/crti.o
 .ARM.attributes
                0x0000001d       0x2d D:/Cube/STM32CubeIDE_1.15.1/STM32CubeIDE/plugins/com.st.stm32cube.ide.mcu.externaltools.gnu-tools-for-stm32.12.3.rel1.win32_1.0.100.202403111256/tools/bin/../lib/gcc/arm-none-eabi/12.3.1/thumb/v7-m/nofp/crtbegin.o
 .ARM.attributes
                0x0000004a       0x2d ./CMSIS/Src/system_stm32f1xx.o
 .ARM.attributes
                0x00000077       0x2d ./Src/TH02.o
 .ARM.attributes
                0x000000a4       0x2d ./Src/UART_for_PC.o
 .ARM.attributes
                0x000000d1       0x2d ./Src/common.o
 .ARM.attributes
                0x000000fe       0x2d ./Src/ds18b20.o
 .ARM.attributes
                0x0000012b       0x2d ./Src/main.o
 .ARM.attributes
                0x00000158       0x2d ./Src/syscalls.o
 .ARM.attributes
                0x00000185       0x2d ./Src/sysmem.o
 .ARM.attributes
                0x000001b2       0x21 ./Startup/startup_stm32f103c6tx.o
 .ARM.attributes
                0x000001d3       0x2d D:/Cube/STM32CubeIDE_1.15.1/STM32CubeIDE/plugins/com.st.stm32cube.ide.mcu.externaltools.gnu-tools-for-stm32.12.3.rel1.win32_1.0.100.202403111256/tools/bin/../lib/gcc/arm-none-eabi/12.3.1/../../../../arm-none-eabi/lib/thumb/v7-m/nofp\libc_nano.a(libc_a-findfp.o)
 .ARM.attributes
                0x00000200       0x2d D:/Cube/STM32CubeIDE_1.15.1/STM32CubeIDE/plugins/com.st.stm32cube.ide.mcu.externaltools.gnu-tools-for-stm32.12.3.rel1.win32_1.0.100.202403111256/tools/bin/../lib/gcc/arm-none-eabi/12.3.1/../../../../arm-none-eabi/lib/thumb/v7-m/nofp\libc_nano.a(libc_a-fwalk.o)
 .ARM.attributes
                0x0000022d       0x2d D:/Cube/STM32CubeIDE_1.15.1/STM32CubeIDE/plugins/com.st.stm32cube.ide.mcu.externaltools.gnu-tools-for-stm32.12.3.rel1.win32_1.0.100.202403111256/tools/bin/../lib/gcc/arm-none-eabi/12.3.1/../../../../arm-none-eabi/lib/thumb/v7-m/nofp\libc_nano.a(libc_a-printf.o)
 .ARM.attributes
                0x0000025a       0x2d D:/Cube/STM32CubeIDE_1.15.1/STM32CubeIDE/plugins/com.st.stm32cube.ide.mcu.externaltools.gnu-tools-for-stm32.12.3.rel1.win32_1.0.100.202403111256/tools/bin/../lib/gcc/arm-none-eabi/12.3.1/../../../../arm-none-eabi/lib/thumb/v7-m/nofp\libc_nano.a(libc_a-stdio.o)
 .ARM.attributes
                0x00000287       0x2d D:/Cube/STM32CubeIDE_1.15.1/STM32CubeIDE/plugins/com.st.stm32cube.ide.mcu.externaltools.gnu-tools-for-stm32.12.3.rel1.win32_1.0.100.202403111256/tools/bin/../lib/gcc/arm-none-eabi/12.3.1/../../../../arm-none-eabi/lib/thumb/v7-m/nofp\libc_nano.a(libc_a-memset.o)
 .ARM.attributes
                0x000002b4       0x2d D:/Cube/STM32CubeIDE_1.15.1/STM32CubeIDE/plugins/com.st.stm32cube.ide.mcu.externaltools.gnu-tools-for-stm32.12.3.rel1.win32_1.0.100.202403111256/tools/bin/../lib/gcc/arm-none-eabi/12.3.1/../../../../arm-none-eabi/lib/thumb/v7-m/nofp\libc_nano.a(libc_a-closer.o)
 .ARM.attributes
                0x000002e1       0x2d D:/Cube/STM32CubeIDE_1.15.1/STM32CubeIDE/plugins/com.st.stm32cube.ide.mcu.externaltools.gnu-tools-for-stm32.12.3.rel1.win32_1.0.100.202403111256/tools/bin/../lib/gcc/arm-none-eabi/12.3.1/../../../../arm-none-eabi/lib/thumb/v7-m/nofp\libc_nano.a(libc_a-reent.o)
 .ARM.attributes
                0x0000030e       0x2d D:/Cube/STM32CubeIDE_1.15.1/STM32CubeIDE/plugins/com.st.stm32cube.ide.mcu.externaltools.gnu-tools-for-stm32.12.3.rel1.win32_1.0.100.202403111256/tools/bin/../lib/gcc/arm-none-eabi/12.3.1/../../../../arm-none-eabi/lib/thumb/v7-m/nofp\libc_nano.a(libc_a-impure.o)
 .ARM.attributes
                0x0000033b       0x2d D:/Cube/STM32CubeIDE_1.15.1/STM32CubeIDE/plugins/com.st.stm32cube.ide.mcu.externaltools.gnu-tools-for-stm32.12.3.rel1.win32_1.0.100.202403111256/tools/bin/../lib/gcc/arm-none-eabi/12.3.1/../../../../arm-none-eabi/lib/thumb/v7-m/nofp\libc_nano.a(libc_a-lseekr.o)
 .ARM.attributes
                0x00000368       0x2d D:/Cube/STM32CubeIDE_1.15.1/STM32CubeIDE/plugins/com.st.stm32cube.ide.mcu.externaltools.gnu-tools-for-stm32.12.3.rel1.win32_1.0.100.202403111256/tools/bin/../lib/gcc/arm-none-eabi/12.3.1/../../../../arm-none-eabi/lib/thumb/v7-m/nofp\libc_nano.a(libc_a-readr.o)
 .ARM.attributes
                0x00000395       0x2d D:/Cube/STM32CubeIDE_1.15.1/STM32CubeIDE/plugins/com.st.stm32cube.ide.mcu.externaltools.gnu-tools-for-stm32.12.3.rel1.win32_1.0.100.202403111256/tools/bin/../lib/gcc/arm-none-eabi/12.3.1/../../../../arm-none-eabi/lib/thumb/v7-m/nofp\libc_nano.a(libc_a-writer.o)
 .ARM.attributes
                0x000003c2       0x2d D:/Cube/STM32CubeIDE_1.15.1/STM32CubeIDE/plugins/com.st.stm32cube.ide.mcu.externaltools.gnu-tools-for-stm32.12.3.rel1.win32_1.0.100.202403111256/tools/bin/../lib/gcc/arm-none-eabi/12.3.1/../../../../arm-none-eabi/lib/thumb/v7-m/nofp\libc_nano.a(libc_a-errno.o)
 .ARM.attributes
                0x000003ef       0x2d D:/Cube/STM32CubeIDE_1.15.1/STM32CubeIDE/plugins/com.st.stm32cube.ide.mcu.externaltools.gnu-tools-for-stm32.12.3.rel1.win32_1.0.100.202403111256/tools/bin/../lib/gcc/arm-none-eabi/12.3.1/../../../../arm-none-eabi/lib/thumb/v7-m/nofp\libc_nano.a(libc_a-init.o)
 .ARM.attributes
                0x0000041c       0x2d D:/Cube/STM32CubeIDE_1.15.1/STM32CubeIDE/plugins/com.st.stm32cube.ide.mcu.externaltools.gnu-tools-for-stm32.12.3.rel1.win32_1.0.100.202403111256/tools/bin/../lib/gcc/arm-none-eabi/12.3.1/../../../../arm-none-eabi/lib/thumb/v7-m/nofp\libc_nano.a(libc_a-lock.o)
 .ARM.attributes
                0x00000449       0x2d D:/Cube/STM32CubeIDE_1.15.1/STM32CubeIDE/plugins/com.st.stm32cube.ide.mcu.externaltools.gnu-tools-for-stm32.12.3.rel1.win32_1.0.100.202403111256/tools/bin/../lib/gcc/arm-none-eabi/12.3.1/../../../../arm-none-eabi/lib/thumb/v7-m/nofp\libc_nano.a(libc_a-freer.o)
 .ARM.attributes
                0x00000476       0x2d D:/Cube/STM32CubeIDE_1.15.1/STM32CubeIDE/plugins/com.st.stm32cube.ide.mcu.externaltools.gnu-tools-for-stm32.12.3.rel1.win32_1.0.100.202403111256/tools/bin/../lib/gcc/arm-none-eabi/12.3.1/../../../../arm-none-eabi/lib/thumb/v7-m/nofp\libc_nano.a(libc_a-mallocr.o)
 .ARM.attributes
                0x000004a3       0x2d D:/Cube/STM32CubeIDE_1.15.1/STM32CubeIDE/plugins/com.st.stm32cube.ide.mcu.externaltools.gnu-tools-for-stm32.12.3.rel1.win32_1.0.100.202403111256/tools/bin/../lib/gcc/arm-none-eabi/12.3.1/../../../../arm-none-eabi/lib/thumb/v7-m/nofp\libc_nano.a(libc_a-mlock.o)
 .ARM.attributes
                0x000004d0       0x2d D:/Cube/STM32CubeIDE_1.15.1/STM32CubeIDE/plugins/com.st.stm32cube.ide.mcu.externaltools.gnu-tools-for-stm32.12.3.rel1.win32_1.0.100.202403111256/tools/bin/../lib/gcc/arm-none-eabi/12.3.1/../../../../arm-none-eabi/lib/thumb/v7-m/nofp\libc_nano.a(libc_a-nano-vfprintf.o)
 .ARM.attributes
                0x000004fd       0x2d D:/Cube/STM32CubeIDE_1.15.1/STM32CubeIDE/plugins/com.st.stm32cube.ide.mcu.externaltools.gnu-tools-for-stm32.12.3.rel1.win32_1.0.100.202403111256/tools/bin/../lib/gcc/arm-none-eabi/12.3.1/../../../../arm-none-eabi/lib/thumb/v7-m/nofp\libc_nano.a(libc_a-nano-vfprintf_i.o)
 .ARM.attributes
                0x0000052a       0x2d D:/Cube/STM32CubeIDE_1.15.1/STM32CubeIDE/plugins/com.st.stm32cube.ide.mcu.externaltools.gnu-tools-for-stm32.12.3.rel1.win32_1.0.100.202403111256/tools/bin/../lib/gcc/arm-none-eabi/12.3.1/../../../../arm-none-eabi/lib/thumb/v7-m/nofp\libc_nano.a(libc_a-fflush.o)
 .ARM.attributes
                0x00000557       0x2d D:/Cube/STM32CubeIDE_1.15.1/STM32CubeIDE/plugins/com.st.stm32cube.ide.mcu.externaltools.gnu-tools-for-stm32.12.3.rel1.win32_1.0.100.202403111256/tools/bin/../lib/gcc/arm-none-eabi/12.3.1/../../../../arm-none-eabi/lib/thumb/v7-m/nofp\libc_nano.a(libc_a-wbuf.o)
 .ARM.attributes
                0x00000584       0x2d D:/Cube/STM32CubeIDE_1.15.1/STM32CubeIDE/plugins/com.st.stm32cube.ide.mcu.externaltools.gnu-tools-for-stm32.12.3.rel1.win32_1.0.100.202403111256/tools/bin/../lib/gcc/arm-none-eabi/12.3.1/../../../../arm-none-eabi/lib/thumb/v7-m/nofp\libc_nano.a(libc_a-wsetup.o)
 .ARM.attributes
                0x000005b1       0x2d D:/Cube/STM32CubeIDE_1.15.1/STM32CubeIDE/plugins/com.st.stm32cube.ide.mcu.externaltools.gnu-tools-for-stm32.12.3.rel1.win32_1.0.100.202403111256/tools/bin/../lib/gcc/arm-none-eabi/12.3.1/../../../../arm-none-eabi/lib/thumb/v7-m/nofp\libc_nano.a(libc_a-sbrkr.o)
 .ARM.attributes
                0x000005de       0x2d D:/Cube/STM32CubeIDE_1.15.1/STM32CubeIDE/plugins/com.st.stm32cube.ide.mcu.externaltools.gnu-tools-for-stm32.12.3.rel1.win32_1.0.100.202403111256/tools/bin/../lib/gcc/arm-none-eabi/12.3.1/../../../../arm-none-eabi/lib/thumb/v7-m/nofp\libc_nano.a(libc_a-memchr-stub.o)
 .ARM.attributes
                0x0000060b       0x2d D:/Cube/STM32CubeIDE_1.15.1/STM32CubeIDE/plugins/com.st.stm32cube.ide.mcu.externaltools.gnu-tools-for-stm32.12.3.rel1.win32_1.0.100.202403111256/tools/bin/../lib/gcc/arm-none-eabi/12.3.1/../../../../arm-none-eabi/lib/thumb/v7-m/nofp\libc_nano.a(libc_a-makebuf.o)
 .ARM.attributes
                0x00000638       0x2d D:/Cube/STM32CubeIDE_1.15.1/STM32CubeIDE/plugins/com.st.stm32cube.ide.mcu.externaltools.gnu-tools-for-stm32.12.3.rel1.win32_1.0.100.202403111256/tools/bin/../lib/gcc/arm-none-eabi/12.3.1/../../../../arm-none-eabi/lib/thumb/v7-m/nofp\libc_nano.a(libc_a-fstatr.o)
 .ARM.attributes
                0x00000665       0x2d D:/Cube/STM32CubeIDE_1.15.1/STM32CubeIDE/plugins/com.st.stm32cube.ide.mcu.externaltools.gnu-tools-for-stm32.12.3.rel1.win32_1.0.100.202403111256/tools/bin/../lib/gcc/arm-none-eabi/12.3.1/../../../../arm-none-eabi/lib/thumb/v7-m/nofp\libc_nano.a(libc_a-isattyr.o)
 .ARM.attributes
                0x00000692       0x1d D:/Cube/STM32CubeIDE_1.15.1/STM32CubeIDE/plugins/com.st.stm32cube.ide.mcu.externaltools.gnu-tools-for-stm32.12.3.rel1.win32_1.0.100.202403111256/tools/bin/../lib/gcc/arm-none-eabi/12.3.1/thumb/v7-m/nofp\libgcc.a(_arm_mulsf3.o)
 .ARM.attributes
                0x000006af       0x1d D:/Cube/STM32CubeIDE_1.15.1/STM32CubeIDE/plugins/com.st.stm32cube.ide.mcu.externaltools.gnu-tools-for-stm32.12.3.rel1.win32_1.0.100.202403111256/tools/bin/../lib/gcc/arm-none-eabi/12.3.1/thumb/v7-m/nofp\libgcc.a(_arm_addsubsf3.o)
 .ARM.attributes
                0x000006cc       0x1d D:/Cube/STM32CubeIDE_1.15.1/STM32CubeIDE/plugins/com.st.stm32cube.ide.mcu.externaltools.gnu-tools-for-stm32.12.3.rel1.win32_1.0.100.202403111256/tools/bin/../lib/gcc/arm-none-eabi/12.3.1/thumb/v7-m/nofp\libgcc.a(_arm_fixsfsi.o)
 .ARM.attributes
                0x000006e9       0x1d D:/Cube/STM32CubeIDE_1.15.1/STM32CubeIDE/plugins/com.st.stm32cube.ide.mcu.externaltools.gnu-tools-for-stm32.12.3.rel1.win32_1.0.100.202403111256/tools/bin/../lib/gcc/arm-none-eabi/12.3.1/thumb/v7-m/nofp/crtn.o
OUTPUT(Comitas_hackathon_CMSIS.elf elf32-littlearm)
LOAD linker stubs
LOAD D:/Cube/STM32CubeIDE_1.15.1/STM32CubeIDE/plugins/com.st.stm32cube.ide.mcu.externaltools.gnu-tools-for-stm32.12.3.rel1.win32_1.0.100.202403111256/tools/bin/../lib/gcc/arm-none-eabi/12.3.1/../../../../arm-none-eabi/lib/thumb/v7-m/nofp\libc.a
LOAD D:/Cube/STM32CubeIDE_1.15.1/STM32CubeIDE/plugins/com.st.stm32cube.ide.mcu.externaltools.gnu-tools-for-stm32.12.3.rel1.win32_1.0.100.202403111256/tools/bin/../lib/gcc/arm-none-eabi/12.3.1/../../../../arm-none-eabi/lib/thumb/v7-m/nofp\libm.a
LOAD D:/Cube/STM32CubeIDE_1.15.1/STM32CubeIDE/plugins/com.st.stm32cube.ide.mcu.externaltools.gnu-tools-for-stm32.12.3.rel1.win32_1.0.100.202403111256/tools/bin/../lib/gcc/arm-none-eabi/12.3.1/thumb/v7-m/nofp\libgcc.a

.debug_info     0x00000000     0x20ab
 .debug_info    0x00000000      0x21b ./CMSIS/Src/system_stm32f1xx.o
 .debug_info    0x0000021b      0x2c9 ./Src/TH02.o
 .debug_info    0x000004e4      0x7f7 ./Src/UART_for_PC.o
 .debug_info    0x00000cdb       0x3c ./Src/common.o
 .debug_info    0x00000d17      0x9b7 ./Src/ds18b20.o
 .debug_info    0x000016ce      0x1a2 ./Src/main.o
 .debug_info    0x00001870      0x6a3 ./Src/syscalls.o
 .debug_info    0x00001f13      0x168 ./Src/sysmem.o
 .debug_info    0x0000207b       0x30 ./Startup/startup_stm32f103c6tx.o

.debug_abbrev   0x00000000      0xa98
 .debug_abbrev  0x00000000      0x13f ./CMSIS/Src/system_stm32f1xx.o
 .debug_abbrev  0x0000013f      0x10a ./Src/TH02.o
 .debug_abbrev  0x00000249      0x1f4 ./Src/UART_for_PC.o
 .debug_abbrev  0x0000043d       0x30 ./Src/common.o
 .debug_abbrev  0x0000046d      0x292 ./Src/ds18b20.o
 .debug_abbrev  0x000006ff      0x103 ./Src/main.o
 .debug_abbrev  0x00000802      0x1b6 ./Src/syscalls.o
 .debug_abbrev  0x000009b8       0xbc ./Src/sysmem.o
 .debug_abbrev  0x00000a74       0x24 ./Startup/startup_stm32f103c6tx.o

.debug_aranges  0x00000000      0x278
 .debug_aranges
                0x00000000       0x28 ./CMSIS/Src/system_stm32f1xx.o
 .debug_aranges
                0x00000028       0x38 ./Src/TH02.o
 .debug_aranges
                0x00000060       0x50 ./Src/UART_for_PC.o
 .debug_aranges
                0x000000b0       0x18 ./Src/common.o
 .debug_aranges
                0x000000c8       0x98 ./Src/ds18b20.o
 .debug_aranges
                0x00000160       0x28 ./Src/main.o
 .debug_aranges
                0x00000188       0xa8 ./Src/syscalls.o
 .debug_aranges
                0x00000230       0x20 ./Src/sysmem.o
 .debug_aranges
                0x00000250       0x28 ./Startup/startup_stm32f103c6tx.o

.debug_rnglists
                0x00000000      0x1a6
 .debug_rnglists
                0x00000000       0x1a ./CMSIS/Src/system_stm32f1xx.o
 .debug_rnglists
                0x0000001a       0x27 ./Src/TH02.o
 .debug_rnglists
                0x00000041       0x37 ./Src/UART_for_PC.o
 .debug_rnglists
                0x00000078       0x70 ./Src/ds18b20.o
 .debug_rnglists
                0x000000e8       0x19 ./Src/main.o
 .debug_rnglists
                0x00000101       0x79 ./Src/syscalls.o
 .debug_rnglists
                0x0000017a       0x13 ./Src/sysmem.o
 .debug_rnglists
                0x0000018d       0x19 ./Startup/startup_stm32f103c6tx.o

.debug_macro    0x00000000    0x11e27
 .debug_macro   0x00000000       0xc6 ./CMSIS/Src/system_stm32f1xx.o
 .debug_macro   0x000000c6      0xaae ./CMSIS/Src/system_stm32f1xx.o
 .debug_macro   0x00000b74       0x2e ./CMSIS/Src/system_stm32f1xx.o
 .debug_macro   0x00000ba2       0x22 ./CMSIS/Src/system_stm32f1xx.o
 .debug_macro   0x00000bc4       0x22 ./CMSIS/Src/system_stm32f1xx.o
 .debug_macro   0x00000be6       0x8e ./CMSIS/Src/system_stm32f1xx.o
 .debug_macro   0x00000c74       0x51 ./CMSIS/Src/system_stm32f1xx.o
 .debug_macro   0x00000cc5      0x103 ./CMSIS/Src/system_stm32f1xx.o
 .debug_macro   0x00000dc8       0x6a ./CMSIS/Src/system_stm32f1xx.o
 .debug_macro   0x00000e32      0x1df ./CMSIS/Src/system_stm32f1xx.o
 .debug_macro   0x00001011       0x1c ./CMSIS/Src/system_stm32f1xx.o
 .debug_macro   0x0000102d       0x22 ./CMSIS/Src/system_stm32f1xx.o
 .debug_macro   0x0000104f       0xbd ./CMSIS/Src/system_stm32f1xx.o
 .debug_macro   0x0000110c      0xd23 ./CMSIS/Src/system_stm32f1xx.o
 .debug_macro   0x00001e2f     0xde75 ./CMSIS/Src/system_stm32f1xx.o
 .debug_macro   0x0000fca4       0x6d ./CMSIS/Src/system_stm32f1xx.o
 .debug_macro   0x0000fd11       0xd4 ./Src/TH02.o
 .debug_macro   0x0000fde5       0xce ./Src/UART_for_PC.o
 .debug_macro   0x0000feb3       0x11 ./Src/common.o
 .debug_macro   0x0000fec4       0xd3 ./Src/ds18b20.o
 .debug_macro   0x0000ff97       0x52 ./Src/ds18b20.o
 .debug_macro   0x0000ffe9      0x1c3 ./Src/main.o
 .debug_macro   0x000101ac       0x10 ./Src/main.o
 .debug_macro   0x000101bc       0x61 ./Src/main.o
 .debug_macro   0x0001021d       0x24 ./Src/main.o
 .debug_macro   0x00010241       0x43 ./Src/main.o
 .debug_macro   0x00010284       0x34 ./Src/main.o
 .debug_macro   0x000102b8       0x16 ./Src/main.o
 .debug_macro   0x000102ce       0x9e ./Src/main.o
 .debug_macro   0x0001036c      0x369 ./Src/main.o
 .debug_macro   0x000106d5      0x10b ./Src/main.o
 .debug_macro   0x000107e0       0x10 ./Src/main.o
 .debug_macro   0x000107f0       0x16 ./Src/main.o
 .debug_macro   0x00010806       0x43 ./Src/main.o
 .debug_macro   0x00010849       0x34 ./Src/main.o
 .debug_macro   0x0001087d       0x10 ./Src/main.o
 .debug_macro   0x0001088d       0x58 ./Src/main.o
 .debug_macro   0x000108e5       0x8e ./Src/main.o
 .debug_macro   0x00010973       0x1c ./Src/main.o
 .debug_macro   0x0001098f      0x177 ./Src/main.o
 .debug_macro   0x00010b06       0x16 ./Src/main.o
 .debug_macro   0x00010b1c       0x16 ./Src/main.o
 .debug_macro   0x00010b32      0x146 ./Src/main.o
 .debug_macro   0x00010c78      0x274 ./Src/syscalls.o
 .debug_macro   0x00010eec       0x5b ./Src/syscalls.o
 .debug_macro   0x00010f47       0x94 ./Src/syscalls.o
 .debug_macro   0x00010fdb       0x57 ./Src/syscalls.o
 .debug_macro   0x00011032      0x189 ./Src/syscalls.o
 .debug_macro   0x000111bb       0x10 ./Src/syscalls.o
 .debug_macro   0x000111cb       0x35 ./Src/syscalls.o
 .debug_macro   0x00011200       0x10 ./Src/syscalls.o
 .debug_macro   0x00011210       0x10 ./Src/syscalls.o
 .debug_macro   0x00011220       0x10 ./Src/syscalls.o
 .debug_macro   0x00011230       0x1c ./Src/syscalls.o
 .debug_macro   0x0001124c       0x52 ./Src/syscalls.o
 .debug_macro   0x0001129e       0x22 ./Src/syscalls.o
 .debug_macro   0x000112c0       0x10 ./Src/syscalls.o
 .debug_macro   0x000112d0       0x52 ./Src/syscalls.o
 .debug_macro   0x00011322       0xcf ./Src/syscalls.o
 .debug_macro   0x000113f1       0x1c ./Src/syscalls.o
 .debug_macro   0x0001140d       0x3d ./Src/syscalls.o
 .debug_macro   0x0001144a       0x35 ./Src/syscalls.o
 .debug_macro   0x0001147f      0x12c ./Src/syscalls.o
 .debug_macro   0x000115ab       0x16 ./Src/syscalls.o
 .debug_macro   0x000115c1       0x16 ./Src/syscalls.o
 .debug_macro   0x000115d7       0x29 ./Src/syscalls.o
 .debug_macro   0x00011600       0x10 ./Src/syscalls.o
 .debug_macro   0x00011610      0x242 ./Src/syscalls.o
 .debug_macro   0x00011852       0x1c ./Src/syscalls.o
 .debug_macro   0x0001186e       0x10 ./Src/syscalls.o
 .debug_macro   0x0001187e      0x18a ./Src/syscalls.o
 .debug_macro   0x00011a08       0x16 ./Src/syscalls.o
 .debug_macro   0x00011a1e       0xce ./Src/syscalls.o
 .debug_macro   0x00011aec       0xff ./Src/sysmem.o
 .debug_macro   0x00011beb      0x23c ./Src/sysmem.o

.debug_line     0x00000000     0x3252
 .debug_line    0x00000000      0x587 ./CMSIS/Src/system_stm32f1xx.o
 .debug_line    0x00000587      0x6d3 ./Src/TH02.o
 .debug_line    0x00000c5a      0x6cd ./Src/UART_for_PC.o
 .debug_line    0x00001327       0x30 ./Src/common.o
 .debug_line    0x00001357      0x939 ./Src/ds18b20.o
 .debug_line    0x00001c90      0x708 ./Src/main.o
 .debug_line    0x00002398      0x8b7 ./Src/syscalls.o
 .debug_line    0x00002c4f      0x588 ./Src/sysmem.o
 .debug_line    0x000031d7       0x7b ./Startup/startup_stm32f103c6tx.o

.debug_str      0x00000000    0x595e5
 .debug_str     0x00000000    0x532dc ./CMSIS/Src/system_stm32f1xx.o
                              0x5350b (size before relaxing)
 .debug_str     0x000532dc       0xaf ./Src/TH02.o
                              0x5351e (size before relaxing)
 .debug_str     0x0005338b      0x3d6 ./Src/UART_for_PC.o
                              0x5390a (size before relaxing)
 .debug_str     0x00053761       0x10 ./Src/common.o
                               0x2dd4 (size before relaxing)
 .debug_str     0x00053771      0x31c ./Src/ds18b20.o
                              0x53b63 (size before relaxing)
 .debug_str     0x00053a8d     0x3a01 ./Src/main.o
                              0x570a9 (size before relaxing)
 .debug_str     0x0005748e     0x20b2 ./Src/syscalls.o
                               0x9877 (size before relaxing)
 .debug_str     0x00059540       0x66 ./Src/sysmem.o
                               0x608f (size before relaxing)
 .debug_str     0x000595a6       0x3f ./Startup/startup_stm32f103c6tx.o
                                 0x97 (size before relaxing)

.comment        0x00000000       0x43
 .comment       0x00000000       0x43 ./CMSIS/Src/system_stm32f1xx.o
                                 0x44 (size before relaxing)
 .comment       0x00000043       0x44 ./Src/TH02.o
 .comment       0x00000043       0x44 ./Src/UART_for_PC.o
 .comment       0x00000043       0x44 ./Src/common.o
 .comment       0x00000043       0x44 ./Src/ds18b20.o
 .comment       0x00000043       0x44 ./Src/main.o
 .comment       0x00000043       0x44 ./Src/syscalls.o
 .comment       0x00000043       0x44 ./Src/sysmem.o

.debug_frame    0x00000000      0xfe0
 .debug_frame   0x00000000       0x58 ./CMSIS/Src/system_stm32f1xx.o
 .debug_frame   0x00000058       0x9c ./Src/TH02.o
 .debug_frame   0x000000f4      0x100 ./Src/UART_for_PC.o
 .debug_frame   0x000001f4      0x22c ./Src/ds18b20.o
 .debug_frame   0x00000420       0x50 ./Src/main.o
 .debug_frame   0x00000470      0x2ac ./Src/syscalls.o
 .debug_frame   0x0000071c       0x34 ./Src/sysmem.o
 .debug_frame   0x00000750      0x144 D:/Cube/STM32CubeIDE_1.15.1/STM32CubeIDE/plugins/com.st.stm32cube.ide.mcu.externaltools.gnu-tools-for-stm32.12.3.rel1.win32_1.0.100.202403111256/tools/bin/../lib/gcc/arm-none-eabi/12.3.1/../../../../arm-none-eabi/lib/thumb/v7-m/nofp\libc_nano.a(libc_a-findfp.o)
 .debug_frame   0x00000894       0x34 D:/Cube/STM32CubeIDE_1.15.1/STM32CubeIDE/plugins/com.st.stm32cube.ide.mcu.externaltools.gnu-tools-for-stm32.12.3.rel1.win32_1.0.100.202403111256/tools/bin/../lib/gcc/arm-none-eabi/12.3.1/../../../../arm-none-eabi/lib/thumb/v7-m/nofp\libc_nano.a(libc_a-fwalk.o)
 .debug_frame   0x000008c8       0x6c D:/Cube/STM32CubeIDE_1.15.1/STM32CubeIDE/plugins/com.st.stm32cube.ide.mcu.externaltools.gnu-tools-for-stm32.12.3.rel1.win32_1.0.100.202403111256/tools/bin/../lib/gcc/arm-none-eabi/12.3.1/../../../../arm-none-eabi/lib/thumb/v7-m/nofp\libc_nano.a(libc_a-printf.o)
 .debug_frame   0x00000934       0x88 D:/Cube/STM32CubeIDE_1.15.1/STM32CubeIDE/plugins/com.st.stm32cube.ide.mcu.externaltools.gnu-tools-for-stm32.12.3.rel1.win32_1.0.100.202403111256/tools/bin/../lib/gcc/arm-none-eabi/12.3.1/../../../../arm-none-eabi/lib/thumb/v7-m/nofp\libc_nano.a(libc_a-stdio.o)
 .debug_frame   0x000009bc       0x20 D:/Cube/STM32CubeIDE_1.15.1/STM32CubeIDE/plugins/com.st.stm32cube.ide.mcu.externaltools.gnu-tools-for-stm32.12.3.rel1.win32_1.0.100.202403111256/tools/bin/../lib/gcc/arm-none-eabi/12.3.1/../../../../arm-none-eabi/lib/thumb/v7-m/nofp\libc_nano.a(libc_a-memset.o)
 .debug_frame   0x000009dc       0x2c D:/Cube/STM32CubeIDE_1.15.1/STM32CubeIDE/plugins/com.st.stm32cube.ide.mcu.externaltools.gnu-tools-for-stm32.12.3.rel1.win32_1.0.100.202403111256/tools/bin/../lib/gcc/arm-none-eabi/12.3.1/../../../../arm-none-eabi/lib/thumb/v7-m/nofp\libc_nano.a(libc_a-closer.o)
 .debug_frame   0x00000a08       0x38 D:/Cube/STM32CubeIDE_1.15.1/STM32CubeIDE/plugins/com.st.stm32cube.ide.mcu.externaltools.gnu-tools-for-stm32.12.3.rel1.win32_1.0.100.202403111256/tools/bin/../lib/gcc/arm-none-eabi/12.3.1/../../../../arm-none-eabi/lib/thumb/v7-m/nofp\libc_nano.a(libc_a-reent.o)
 .debug_frame   0x00000a40       0x2c D:/Cube/STM32CubeIDE_1.15.1/STM32CubeIDE/plugins/com.st.stm32cube.ide.mcu.externaltools.gnu-tools-for-stm32.12.3.rel1.win32_1.0.100.202403111256/tools/bin/../lib/gcc/arm-none-eabi/12.3.1/../../../../arm-none-eabi/lib/thumb/v7-m/nofp\libc_nano.a(libc_a-lseekr.o)
 .debug_frame   0x00000a6c       0x2c D:/Cube/STM32CubeIDE_1.15.1/STM32CubeIDE/plugins/com.st.stm32cube.ide.mcu.externaltools.gnu-tools-for-stm32.12.3.rel1.win32_1.0.100.202403111256/tools/bin/../lib/gcc/arm-none-eabi/12.3.1/../../../../arm-none-eabi/lib/thumb/v7-m/nofp\libc_nano.a(libc_a-readr.o)
 .debug_frame   0x00000a98       0x2c D:/Cube/STM32CubeIDE_1.15.1/STM32CubeIDE/plugins/com.st.stm32cube.ide.mcu.externaltools.gnu-tools-for-stm32.12.3.rel1.win32_1.0.100.202403111256/tools/bin/../lib/gcc/arm-none-eabi/12.3.1/../../../../arm-none-eabi/lib/thumb/v7-m/nofp\libc_nano.a(libc_a-writer.o)
 .debug_frame   0x00000ac4       0x20 D:/Cube/STM32CubeIDE_1.15.1/STM32CubeIDE/plugins/com.st.stm32cube.ide.mcu.externaltools.gnu-tools-for-stm32.12.3.rel1.win32_1.0.100.202403111256/tools/bin/../lib/gcc/arm-none-eabi/12.3.1/../../../../arm-none-eabi/lib/thumb/v7-m/nofp\libc_nano.a(libc_a-errno.o)
 .debug_frame   0x00000ae4       0x2c D:/Cube/STM32CubeIDE_1.15.1/STM32CubeIDE/plugins/com.st.stm32cube.ide.mcu.externaltools.gnu-tools-for-stm32.12.3.rel1.win32_1.0.100.202403111256/tools/bin/../lib/gcc/arm-none-eabi/12.3.1/../../../../arm-none-eabi/lib/thumb/v7-m/nofp\libc_nano.a(libc_a-init.o)
 .debug_frame   0x00000b10       0xb0 D:/Cube/STM32CubeIDE_1.15.1/STM32CubeIDE/plugins/com.st.stm32cube.ide.mcu.externaltools.gnu-tools-for-stm32.12.3.rel1.win32_1.0.100.202403111256/tools/bin/../lib/gcc/arm-none-eabi/12.3.1/../../../../arm-none-eabi/lib/thumb/v7-m/nofp\libc_nano.a(libc_a-lock.o)
 .debug_frame   0x00000bc0       0x38 D:/Cube/STM32CubeIDE_1.15.1/STM32CubeIDE/plugins/com.st.stm32cube.ide.mcu.externaltools.gnu-tools-for-stm32.12.3.rel1.win32_1.0.100.202403111256/tools/bin/../lib/gcc/arm-none-eabi/12.3.1/../../../../arm-none-eabi/lib/thumb/v7-m/nofp\libc_nano.a(libc_a-freer.o)
 .debug_frame   0x00000bf8       0x50 D:/Cube/STM32CubeIDE_1.15.1/STM32CubeIDE/plugins/com.st.stm32cube.ide.mcu.externaltools.gnu-tools-for-stm32.12.3.rel1.win32_1.0.100.202403111256/tools/bin/../lib/gcc/arm-none-eabi/12.3.1/../../../../arm-none-eabi/lib/thumb/v7-m/nofp\libc_nano.a(libc_a-mallocr.o)
 .debug_frame   0x00000c48       0x30 D:/Cube/STM32CubeIDE_1.15.1/STM32CubeIDE/plugins/com.st.stm32cube.ide.mcu.externaltools.gnu-tools-for-stm32.12.3.rel1.win32_1.0.100.202403111256/tools/bin/../lib/gcc/arm-none-eabi/12.3.1/../../../../arm-none-eabi/lib/thumb/v7-m/nofp\libc_nano.a(libc_a-mlock.o)
 .debug_frame   0x00000c78       0xa8 D:/Cube/STM32CubeIDE_1.15.1/STM32CubeIDE/plugins/com.st.stm32cube.ide.mcu.externaltools.gnu-tools-for-stm32.12.3.rel1.win32_1.0.100.202403111256/tools/bin/../lib/gcc/arm-none-eabi/12.3.1/../../../../arm-none-eabi/lib/thumb/v7-m/nofp\libc_nano.a(libc_a-nano-vfprintf.o)
 .debug_frame   0x00000d20       0x60 D:/Cube/STM32CubeIDE_1.15.1/STM32CubeIDE/plugins/com.st.stm32cube.ide.mcu.externaltools.gnu-tools-for-stm32.12.3.rel1.win32_1.0.100.202403111256/tools/bin/../lib/gcc/arm-none-eabi/12.3.1/../../../../arm-none-eabi/lib/thumb/v7-m/nofp\libc_nano.a(libc_a-nano-vfprintf_i.o)
 .debug_frame   0x00000d80       0x5c D:/Cube/STM32CubeIDE_1.15.1/STM32CubeIDE/plugins/com.st.stm32cube.ide.mcu.externaltools.gnu-tools-for-stm32.12.3.rel1.win32_1.0.100.202403111256/tools/bin/../lib/gcc/arm-none-eabi/12.3.1/../../../../arm-none-eabi/lib/thumb/v7-m/nofp\libc_nano.a(libc_a-fflush.o)
 .debug_frame   0x00000ddc       0x40 D:/Cube/STM32CubeIDE_1.15.1/STM32CubeIDE/plugins/com.st.stm32cube.ide.mcu.externaltools.gnu-tools-for-stm32.12.3.rel1.win32_1.0.100.202403111256/tools/bin/../lib/gcc/arm-none-eabi/12.3.1/../../../../arm-none-eabi/lib/thumb/v7-m/nofp\libc_nano.a(libc_a-wbuf.o)
 .debug_frame   0x00000e1c       0x2c D:/Cube/STM32CubeIDE_1.15.1/STM32CubeIDE/plugins/com.st.stm32cube.ide.mcu.externaltools.gnu-tools-for-stm32.12.3.rel1.win32_1.0.100.202403111256/tools/bin/../lib/gcc/arm-none-eabi/12.3.1/../../../../arm-none-eabi/lib/thumb/v7-m/nofp\libc_nano.a(libc_a-wsetup.o)
 .debug_frame   0x00000e48       0x2c D:/Cube/STM32CubeIDE_1.15.1/STM32CubeIDE/plugins/com.st.stm32cube.ide.mcu.externaltools.gnu-tools-for-stm32.12.3.rel1.win32_1.0.100.202403111256/tools/bin/../lib/gcc/arm-none-eabi/12.3.1/../../../../arm-none-eabi/lib/thumb/v7-m/nofp\libc_nano.a(libc_a-sbrkr.o)
 .debug_frame   0x00000e74       0x28 D:/Cube/STM32CubeIDE_1.15.1/STM32CubeIDE/plugins/com.st.stm32cube.ide.mcu.externaltools.gnu-tools-for-stm32.12.3.rel1.win32_1.0.100.202403111256/tools/bin/../lib/gcc/arm-none-eabi/12.3.1/../../../../arm-none-eabi/lib/thumb/v7-m/nofp\libc_nano.a(libc_a-memchr-stub.o)
 .debug_frame   0x00000e9c       0x58 D:/Cube/STM32CubeIDE_1.15.1/STM32CubeIDE/plugins/com.st.stm32cube.ide.mcu.externaltools.gnu-tools-for-stm32.12.3.rel1.win32_1.0.100.202403111256/tools/bin/../lib/gcc/arm-none-eabi/12.3.1/../../../../arm-none-eabi/lib/thumb/v7-m/nofp\libc_nano.a(libc_a-makebuf.o)
 .debug_frame   0x00000ef4       0x2c D:/Cube/STM32CubeIDE_1.15.1/STM32CubeIDE/plugins/com.st.stm32cube.ide.mcu.externaltools.gnu-tools-for-stm32.12.3.rel1.win32_1.0.100.202403111256/tools/bin/../lib/gcc/arm-none-eabi/12.3.1/../../../../arm-none-eabi/lib/thumb/v7-m/nofp\libc_nano.a(libc_a-fstatr.o)
 .debug_frame   0x00000f20       0x2c D:/Cube/STM32CubeIDE_1.15.1/STM32CubeIDE/plugins/com.st.stm32cube.ide.mcu.externaltools.gnu-tools-for-stm32.12.3.rel1.win32_1.0.100.202403111256/tools/bin/../lib/gcc/arm-none-eabi/12.3.1/../../../../arm-none-eabi/lib/thumb/v7-m/nofp\libc_nano.a(libc_a-isattyr.o)
 .debug_frame   0x00000f4c       0x24 D:/Cube/STM32CubeIDE_1.15.1/STM32CubeIDE/plugins/com.st.stm32cube.ide.mcu.externaltools.gnu-tools-for-stm32.12.3.rel1.win32_1.0.100.202403111256/tools/bin/../lib/gcc/arm-none-eabi/12.3.1/thumb/v7-m/nofp\libgcc.a(_arm_mulsf3.o)
 .debug_frame   0x00000f70       0x4c D:/Cube/STM32CubeIDE_1.15.1/STM32CubeIDE/plugins/com.st.stm32cube.ide.mcu.externaltools.gnu-tools-for-stm32.12.3.rel1.win32_1.0.100.202403111256/tools/bin/../lib/gcc/arm-none-eabi/12.3.1/thumb/v7-m/nofp\libgcc.a(_arm_addsubsf3.o)
 .debug_frame   0x00000fbc       0x24 D:/Cube/STM32CubeIDE_1.15.1/STM32CubeIDE/plugins/com.st.stm32cube.ide.mcu.externaltools.gnu-tools-for-stm32.12.3.rel1.win32_1.0.100.202403111256/tools/bin/../lib/gcc/arm-none-eabi/12.3.1/thumb/v7-m/nofp\libgcc.a(_arm_fixsfsi.o)

.debug_line_str
                0x00000000       0x7b
 .debug_line_str
                0x00000000       0x7b ./Startup/startup_stm32f103c6tx.o
