Archive member included to satisfy reference by file (symbol)

D:/Cube/STM32CubeIDE_1.15.1/STM32CubeIDE/plugins/com.st.stm32cube.ide.mcu.externaltools.gnu-tools-for-stm32.12.3.rel1.win32_1.0.100.202403111256/tools/bin/../lib/gcc/arm-none-eabi/12.3.1/../../../../arm-none-eabi/lib/thumb/v7-m/nofp\libc_nano.a(libc_a-exit.o)
                              D:/Cube/STM32CubeIDE_1.15.1/STM32CubeIDE/plugins/com.st.stm32cube.ide.mcu.externaltools.gnu-tools-for-stm32.12.3.rel1.win32_1.0.100.202403111256/tools/bin/../lib/gcc/arm-none-eabi/12.3.1/../../../../arm-none-eabi/lib/thumb/v7-m/nofp/crt0.o (exit)
D:/Cube/STM32CubeIDE_1.15.1/STM32CubeIDE/plugins/com.st.stm32cube.ide.mcu.externaltools.gnu-tools-for-stm32.12.3.rel1.win32_1.0.100.202403111256/tools/bin/../lib/gcc/arm-none-eabi/12.3.1/../../../../arm-none-eabi/lib/thumb/v7-m/nofp\libc_nano.a(libc_a-findfp.o)
                              D:/Cube/STM32CubeIDE_1.15.1/STM32CubeIDE/plugins/com.st.stm32cube.ide.mcu.externaltools.gnu-tools-for-stm32.12.3.rel1.win32_1.0.100.202403111256/tools/bin/../lib/gcc/arm-none-eabi/12.3.1/../../../../arm-none-eabi/lib/thumb/v7-m/nofp\libc_nano.a(libc_a-exit.o) (__stdio_exit_handler)
D:/Cube/STM32CubeIDE_1.15.1/STM32CubeIDE/plugins/com.st.stm32cube.ide.mcu.externaltools.gnu-tools-for-stm32.12.3.rel1.win32_1.0.100.202403111256/tools/bin/../lib/gcc/arm-none-eabi/12.3.1/../../../../arm-none-eabi/lib/thumb/v7-m/nofp\libc_nano.a(libc_a-fwalk.o)
                              D:/Cube/STM32CubeIDE_1.15.1/STM32CubeIDE/plugins/com.st.stm32cube.ide.mcu.externaltools.gnu-tools-for-stm32.12.3.rel1.win32_1.0.100.202403111256/tools/bin/../lib/gcc/arm-none-eabi/12.3.1/../../../../arm-none-eabi/lib/thumb/v7-m/nofp\libc_nano.a(libc_a-findfp.o) (_fwalk_sglue)
D:/Cube/STM32CubeIDE_1.15.1/STM32CubeIDE/plugins/com.st.stm32cube.ide.mcu.externaltools.gnu-tools-for-stm32.12.3.rel1.win32_1.0.100.202403111256/tools/bin/../lib/gcc/arm-none-eabi/12.3.1/../../../../arm-none-eabi/lib/thumb/v7-m/nofp\libc_nano.a(libc_a-stdio.o)
                              D:/Cube/STM32CubeIDE_1.15.1/STM32CubeIDE/plugins/com.st.stm32cube.ide.mcu.externaltools.gnu-tools-for-stm32.12.3.rel1.win32_1.0.100.202403111256/tools/bin/../lib/gcc/arm-none-eabi/12.3.1/../../../../arm-none-eabi/lib/thumb/v7-m/nofp\libc_nano.a(libc_a-findfp.o) (__sread)
D:/Cube/STM32CubeIDE_1.15.1/STM32CubeIDE/plugins/com.st.stm32cube.ide.mcu.externaltools.gnu-tools-for-stm32.12.3.rel1.win32_1.0.100.202403111256/tools/bin/../lib/gcc/arm-none-eabi/12.3.1/../../../../arm-none-eabi/lib/thumb/v7-m/nofp\libc_nano.a(libc_a-memset.o)
                              D:/Cube/STM32CubeIDE_1.15.1/STM32CubeIDE/plugins/com.st.stm32cube.ide.mcu.externaltools.gnu-tools-for-stm32.12.3.rel1.win32_1.0.100.202403111256/tools/bin/../lib/gcc/arm-none-eabi/12.3.1/../../../../arm-none-eabi/lib/thumb/v7-m/nofp/crt0.o (memset)
D:/Cube/STM32CubeIDE_1.15.1/STM32CubeIDE/plugins/com.st.stm32cube.ide.mcu.externaltools.gnu-tools-for-stm32.12.3.rel1.win32_1.0.100.202403111256/tools/bin/../lib/gcc/arm-none-eabi/12.3.1/../../../../arm-none-eabi/lib/thumb/v7-m/nofp\libc_nano.a(libc_a-closer.o)
                              D:/Cube/STM32CubeIDE_1.15.1/STM32CubeIDE/plugins/com.st.stm32cube.ide.mcu.externaltools.gnu-tools-for-stm32.12.3.rel1.win32_1.0.100.202403111256/tools/bin/../lib/gcc/arm-none-eabi/12.3.1/../../../../arm-none-eabi/lib/thumb/v7-m/nofp\libc_nano.a(libc_a-stdio.o) (_close_r)
D:/Cube/STM32CubeIDE_1.15.1/STM32CubeIDE/plugins/com.st.stm32cube.ide.mcu.externaltools.gnu-tools-for-stm32.12.3.rel1.win32_1.0.100.202403111256/tools/bin/../lib/gcc/arm-none-eabi/12.3.1/../../../../arm-none-eabi/lib/thumb/v7-m/nofp\libc_nano.a(libc_a-reent.o)
                              D:/Cube/STM32CubeIDE_1.15.1/STM32CubeIDE/plugins/com.st.stm32cube.ide.mcu.externaltools.gnu-tools-for-stm32.12.3.rel1.win32_1.0.100.202403111256/tools/bin/../lib/gcc/arm-none-eabi/12.3.1/../../../../arm-none-eabi/lib/thumb/v7-m/nofp\libc_nano.a(libc_a-closer.o) (errno)
D:/Cube/STM32CubeIDE_1.15.1/STM32CubeIDE/plugins/com.st.stm32cube.ide.mcu.externaltools.gnu-tools-for-stm32.12.3.rel1.win32_1.0.100.202403111256/tools/bin/../lib/gcc/arm-none-eabi/12.3.1/../../../../arm-none-eabi/lib/thumb/v7-m/nofp\libc_nano.a(libc_a-impure.o)
                              D:/Cube/STM32CubeIDE_1.15.1/STM32CubeIDE/plugins/com.st.stm32cube.ide.mcu.externaltools.gnu-tools-for-stm32.12.3.rel1.win32_1.0.100.202403111256/tools/bin/../lib/gcc/arm-none-eabi/12.3.1/../../../../arm-none-eabi/lib/thumb/v7-m/nofp\libc_nano.a(libc_a-reent.o) (_impure_ptr)
D:/Cube/STM32CubeIDE_1.15.1/STM32CubeIDE/plugins/com.st.stm32cube.ide.mcu.externaltools.gnu-tools-for-stm32.12.3.rel1.win32_1.0.100.202403111256/tools/bin/../lib/gcc/arm-none-eabi/12.3.1/../../../../arm-none-eabi/lib/thumb/v7-m/nofp\libc_nano.a(libc_a-lseekr.o)
[...]
Memory Configuration

Name             Origin             Length             Attributes
RAM              0x20000000         0x00002800         xrw
FLASH            0x08000000         0x00008000         xr
*default*        0x00000000         0xffffffff

Linker script and memory map

LOAD D:/Cube/STM32CubeIDE_1.15.1/STM32CubeIDE/plugins/com.st.stm32cube.ide.mcu.externaltools.gnu-tools-for-stm32.12.3.rel1.win32_1.0.100.202403111256/tools/bin/../lib/gcc/arm-none-eabi/12.3.1/thumb/v7-m/nofp/crti.o
LOAD D:/Cube/STM32CubeIDE_1.15.1/STM32CubeIDE/plugins/com.st.stm32cube.ide.mcu.externaltools.gnu-tools-for-stm32.12.3.rel1.win32_1.0.100.202403111256/tools/bin/../lib/gcc/arm-none-eabi/12.3.1/thumb/v7-m/nofp/crtbegin.o
LOAD D:/Cube/STM32CubeIDE_1.15.1/STM32CubeIDE/plugins/com.st.stm32cube.ide.mcu.externaltools.gnu-tools-for-stm32.12.3.rel1.win32_1.0.100.202403111256/tools/bin/../lib/gcc/arm-none-eabi/12.3.1/../../../../arm-none-eabi/lib/thumb/v7-m/nofp/crt0.o
LOAD ./CMSIS/Src/system_stm32f1xx.o
LOAD ./Src/ds18b20.o
LOAD ./Src/main.o
LOAD ./Src/syscalls.o
LOAD ./Src/sysmem.o
LOAD ./Startup/startup_stm32f103c6tx.o
START GROUP
LOAD D:/Cube/STM32CubeIDE_1.15.1/STM32CubeIDE/plugins/com.st.stm32cube.ide.mcu.externaltools.gnu-tools-for-stm32.12.3.rel1.win32_1.0.100.202403111256/tools/bin/../lib/gcc/arm-none-eabi/12.3.1/../../../../arm-none-eabi/lib/thumb/v7-m/nofp\libc_nano.a
LOAD D:/Cube/STM32CubeIDE_1.15.1/STM32CubeIDE/plugins/com.st.stm32cube.ide.mcu.externaltools.gnu-tools-for-stm32.12.3.rel1.win32_1.0.100.202403111256/tools/bin/../lib/gcc/arm-none-eabi/12.3.1/../../../../arm-none-eabi/lib/thumb/v7-m/nofp\libm.a
END GROUP
START GROUP
LOAD D:/Cube/STM32CubeIDE_1.15.1/STM32CubeIDE/plugins/com.st.stm32cube.ide.mcu.externaltools.gnu-tools-for-stm32.12.3.rel1.win32_1.0.100.202403111256/tools/bin/../lib/gcc/arm-none-eabi/12.3.1/thumb/v7-m/nofp\libgcc.a
LOAD D:/Cube/STM32CubeIDE_1.15.1/STM32CubeIDE/plugins/com.st.stm32cube.ide.mcu.externaltools.gnu-tools-for-stm32.12.3.rel1.win32_1.0.100.202403111256/tools/bin/../lib/gcc/arm-none-eabi/12.3.1/../../../../arm-none-eabi/lib/thumb/v7-m/nofp\libc_nano.a
END GROUP
START GROUP
LOAD D:/Cube/STM32CubeIDE_1.15.1/STM32CubeIDE/plugins/com.st.stm32cube.ide.mcu.externaltools.gnu-tools-for-stm32.12.3.rel1.win32_1.0.100.202403111256/tools/bin/../lib/gcc/arm-none-eabi/12.3.1/thumb/v7-m/nofp\libgcc.a
LOAD D:/Cube/STM32CubeIDE_1.15.1/STM32CubeIDE/plugins/com.st.stm32cube.ide.mcu.externaltools.gnu-tools-for-stm32.12.3.rel1.win32_1.0.100.202403111256/tools/bin/../lib/gcc/arm-none-eabi/12.3.1/../../../../arm-none-eabi/lib/thumb/v7-m/nofp\libc_nano.a
LOAD D:/Cube/STM32CubeIDE_1.15.1/STM32CubeIDE/plugins/com.st.stm32cube.ide.mcu.externaltools.gnu-tools-for-stm32.12.3.rel1.win32_1.0.100.202403111256/tools/bin/../lib/gcc/arm-none-eabi/12.3.1/../../../../arm-none-eabi/lib/thumb/v7-m/nofp\libnosys.a
END GROUP
START GROUP
LOAD D:/Cube/STM32CubeIDE_1.15.1/STM32CubeIDE/plugins/com.st.stm32cube.ide.mcu.externaltools.gnu-tools-for-stm32.12.3.rel1.win32_1.0.100.202403111256/tools/bin/../lib/gcc/arm-none-eabi/12.3.1/thumb/v7-m/nofp\libgcc.a
LOAD D:/Cube/STM32CubeIDE_1.15.1/STM32CubeIDE/plugins/com.st.stm32cube.ide.mcu.externaltools.gnu-tools-for-stm32.12.3.rel1.win32_1.0.100.202403111256/tools/bin/../lib/gcc/arm-none-eabi/12.3.1/../../../../arm-none-eabi/lib/thumb/v7-m/nofp\libc_nano.a
LOAD D:/Cube/STM32CubeIDE_1.15.1/STM32CubeIDE/plugins/com.st.stm32cube.ide.mcu.externaltools.gnu-tools-for-stm32.12.3.rel1.win32_1.0.100.202403111256/tools/bin/../lib/gcc/arm-none-eabi/12.3.1/../../../../arm-none-eabi/lib/thumb/v7-m/nofp\libnosys.a
END GROUP
LOAD D:/Cube/STM32CubeIDE_1.15.1/STM32CubeIDE/plugins/com.st.stm32cube.ide.mcu.externaltools.gnu-tools-for-stm32.12.3.rel1.win32_1.0.100.202403111256/tools/bin/../lib/gcc/arm-none-eabi/12.3.1/thumb/v7-m/nofp/crtend.o
LOAD D:/Cube/STM32CubeIDE_1.15.1/STM32CubeIDE/plugins/com.st.stm32cube.ide.mcu.externaltools.gnu-tools-for-stm32.12.3.rel1.win32_1.0.100.202403111256/tools/bin/../lib/gcc/arm-none-eabi/12.3.1/thumb/v7-m/nofp/crtn.o
                0x20002800                        _estack = (ORIGIN (RAM) + LENGTH (RAM))
                0x00000200                        _Min_Heap_Size = 0x200
                0x00000400                        _Min_Stack_Size = 0x400

.isr_vector     0x08000000      0x130
                0x08000000                        . = ALIGN (0x4)
 *(.isr_vector)
 .isr_vector    0x08000000      0x130 ./Startup/startup_stm32f103c6tx.o
                0x08000000                g_pfnVectors
                0x08000130                        . = ALIGN (0x4)

.text           0x08000130      0x9bc
                0x08000130                        . = ALIGN (0x4)
 *(.text)
 .text          0x08000130       0x40 D:/Cube/STM32CubeIDE_1.15.1/STM32CubeIDE/plugins/com.st.stm32cube.ide.mcu.externaltools.gnu-tools-for-stm32.12.3.rel1.win32_1.0.100.202403111256/tools/bin/../lib/gcc/arm-none-eabi/12.3.1/thumb/v7-m/nofp/crtbegin.o
 .text          0x08000170      0x168 D:/Cube/STM32CubeIDE_1.15.1/STM32CubeIDE/plugins/com.st.stm32cube.ide.mcu.externaltools.gnu-tools-for-stm32.12.3.rel1.win32_1.0.100.202403111256/tools/bin/../lib/gcc/arm-none-eabi/12.3.1/thumb/v7-m/nofp\libgcc.a(_arm_mulsf3.o)
                0x08000170                __aeabi_fmul
                0x08000170                __mulsf3
 .text          0x080002d8      0x21c D:/Cube/STM32CubeIDE_1.15.1/STM32CubeIDE/plugins/com.st.stm32cube.ide.mcu.externaltools.gnu-tools-for-stm32.12.3.rel1.win32_1.0.100.202403111256/tools/bin/../lib/gcc/arm-none-eabi/12.3.1/thumb/v7-m/nofp\libgcc.a(_arm_addsubsf3.o)
                0x080002d8                __aeabi_frsub
                0x080002e0                __subsf3
                0x080002e0                __aeabi_fsub
                0x080002e4                __aeabi_fadd
                0x080002e4                __addsf3
                0x08000444                __aeabi_ui2f
                0x08000444                __floatunsisf
                0x0800044c                __aeabi_i2f
                0x0800044c                __floatsisf
                0x08000468                __aeabi_ul2f
                0x08000468                __floatundisf
                0x08000478                __aeabi_l2f
                0x08000478                __floatdisf
 *(.text*)
 .text.SystemInit
                0x080004f4        0xc ./CMSIS/Src/system_stm32f1xx.o
                0x080004f4                SystemInit
 .text.__NVIC_EnableIRQ
                0x08000500       0x38 ./Src/ds18b20.o
 .text.__NVIC_SetPriority
                0x08000538       0x54 ./Src/ds18b20.o
 .text.TIM2_IRQHandler
                0x0800058c       0x38 ./Src/ds18b20.o
                0x0800058c                TIM2_IRQHandler
 .text.init_Gpio_for_ds
                0x080005c4       0x68 ./Src/ds18b20.o
                0x080005c4                init_Gpio_for_ds
 .text.init_tim1_for_us
                0x0800062c       0x30 ./Src/ds18b20.o
                0x0800062c                init_tim1_for_us
 .text.init_tim2_for_delay
                0x0800065c       0x54 ./Src/ds18b20.o
                0x0800065c                init_tim2_for_delay
 .text.ds_reset_pulse
                0x080006b0       0x9c ./Src/ds18b20.o
                0x080006b0                ds_reset_pulse
 .text.ds_write_bit
                0x0800074c       0x78 ./Src/ds18b20.o
                0x0800074c                ds_write_bit
 .text.ds_write_byte
                0x080007c4       0x40 ./Src/ds18b20.o
                0x080007c4                ds_write_byte
 .text.ds_read_bit
                0x08000804       0x7c ./Src/ds18b20.o
                0x08000804                ds_read_bit
 .text.ds_read_byte
                0x08000880       0x40 ./Src/ds18b20.o
                0x08000880                ds_read_byte
 .text.TIM_1sec_on
                0x080008c0       0x24 ./Src/ds18b20.o
                0x080008c0                TIM_1sec_on
 .text.temperature_measurment_start
                0x080008e4       0x2c ./Src/ds18b20.o
                0x080008e4                temperature_measurment_start
 .text.temprepature_measurment_read
                0x08000910       0xa4 ./Src/ds18b20.o
                0x08000910                temprepature_measurment_read
 .text.init_DS18B20
                0x080009b4       0x14 ./Src/ds18b20.o
                0x080009b4                init_DS18B20
 .text.DS18B20_measure_temperature
                0x080009c8       0x60 ./Src/ds18b20.o
                0x080009c8                DS18B20_measure_temperature
 .text.main     0x08000a28        0xe ./Src/main.o
                0x08000a28                main
 *fill*         0x08000a36        0x2 
 .text.Reset_Handler
                0x08000a38       0x50 ./Startup/startup_stm32f103c6tx.o
                0x08000a38                Reset_Handler
 .text.Default_Handler
                0x08000a88        0x2 ./Startup/startup_stm32f103c6tx.o
                0x08000a88                EXTI2_IRQHandler
                0x08000a88                TIM8_TRG_COM_IRQHandler
                0x08000a88                TIM8_CC_IRQHandler
                0x08000a88                DebugMon_Handler
                0x08000a88                TIM1_CC_IRQHandler
                0x08000a88                HardFault_Handler
                0x08000a88                TIM6_IRQHandler
                0x08000a88                SysTick_Handler
                0x08000a88                PVD_IRQHandler
                0x08000a88                SDIO_IRQHandler
                0x08000a88                PendSV_Handler
                0x08000a88                NMI_Handler
                0x08000a88                EXTI3_IRQHandler
                0x08000a88                USB_HP_CAN_TX_IRQHandler
                0x08000a88                EXTI0_IRQHandler
                0x08000a88                I2C2_EV_IRQHandler
                0x08000a88                UsageFault_Handler
                0x08000a88                ADC1_2_IRQHandler
                0x08000a88                SPI1_IRQHandler
                0x08000a88                CAN_SCE_IRQHandler
                0x08000a88                TAMPER_IRQHandler
                0x08000a88                TIM8_UP_IRQHandler
                0x08000a88                DMA2_Channel2_IRQHandler
                0x08000a88                DMA1_Channel4_IRQHandler
                0x08000a88                USART3_IRQHandler
                0x08000a88                RTC_IRQHandler
                0x08000a88                DMA1_Channel7_IRQHandler
                0x08000a88                UART5_IRQHandler
                0x08000a88                ADC3_IRQHandler
                0x08000a88                TIM4_IRQHandler
                0x08000a88                CAN_RX1_IRQHandler
                0x08000a88                DMA2_Channel1_IRQHandler
                0x08000a88                I2C1_EV_IRQHandler
                0x08000a88                DMA1_Channel6_IRQHandler
                0x08000a88                UART4_IRQHandler
                0x08000a88                TIM3_IRQHandler
                0x08000a88                RCC_IRQHandler
                0x08000a88                TIM1_TRG_COM_IRQHandler
                0x08000a88                DMA1_Channel1_IRQHandler
                0x08000a88                Default_Handler
                0x08000a88                EXTI15_10_IRQHandler
                0x08000a88                TIM7_IRQHandler
                0x08000a88                TIM5_IRQHandler
                0x08000a88                EXTI9_5_IRQHandler
                0x08000a88                SPI2_IRQHandler
                0x08000a88                USB_LP_CAN_RX0_IRQHandler
                0x08000a88                MemManage_Handler
                0x08000a88                SVC_Handler
                0x08000a88                DMA1_Channel5_IRQHandler
                0x08000a88                EXTI4_IRQHandler
                0x08000a88                DMA1_Channel3_IRQHandler
                0x08000a88                FSMC_IRQHandler
                0x08000a88                TIM1_UP_IRQHandler
                0x08000a88                WWDG_IRQHandler
                0x08000a88                TIM1_BRK_IRQHandler
                0x08000a88                EXTI1_IRQHandler
                0x08000a88                RTCAlarm_IRQHandler
                0x08000a88                DMA2_Channel4_5_IRQHandler
                0x08000a88                USART2_IRQHandler
                0x08000a88                I2C2_ER_IRQHandler
                0x08000a88                DMA1_Channel2_IRQHandler
                0x08000a88                TIM8_BRK_IRQHandler
                0x08000a88                FLASH_IRQHandler
                0x08000a88                BusFault_Handler
                0x08000a88                USART1_IRQHandler
                0x08000a88                SPI3_IRQHandler
                0x08000a88                I2C1_ER_IRQHandler
                0x08000a88                DMA2_Channel3_IRQHandler
 *fill*         0x08000a8a        0x2 
 .text.__libc_init_array
                0x08000a8c       0x48 D:/Cube/STM32CubeIDE_1.15.1/STM32CubeIDE/plugins/com.st.stm32cube.ide.mcu.externaltools.gnu-tools-for-stm32.12.3.rel1.win32_1.0.100.202403111256/tools/bin/../lib/gcc/arm-none-eabi/12.3.1/../../../../arm-none-eabi/lib/thumb/v7-m/nofp\libc_nano.a(libc_a-init.o)
                0x08000a8c                __libc_init_array
 *(.glue_7)
 .glue_7        0x08000ad4        0x0 linker stubs
 *(.glue_7t)
 .glue_7t       0x08000ad4        0x0 linker stubs
 *(.eh_frame)
 .eh_frame      0x08000ad4        0x0 D:/Cube/STM32CubeIDE_1.15.1/STM32CubeIDE/plugins/com.st.stm32cube.ide.mcu.externaltools.gnu-tools-for-stm32.12.3.rel1.win32_1.0.100.202403111256/tools/bin/../lib/gcc/arm-none-eabi/12.3.1/thumb/v7-m/nofp/crtbegin.o
 *(.init)
 .init          0x08000ad4        0x4 D:/Cube/STM32CubeIDE_1.15.1/STM32CubeIDE/plugins/com.st.stm32cube.ide.mcu.externaltools.gnu-tools-for-stm32.12.3.rel1.win32_1.0.100.202403111256/tools/bin/../lib/gcc/arm-none-eabi/12.3.1/thumb/v7-m/nofp/crti.o
                0x08000ad4                _init
 .init          0x08000ad8        0x8 D:/Cube/STM32CubeIDE_1.15.1/STM32CubeIDE/plugins/com.st.stm32cube.ide.mcu.externaltools.gnu-tools-for-stm32.12.3.rel1.win32_1.0.100.202403111256/tools/bin/../lib/gcc/arm-none-eabi/12.3.1/thumb/v7-m/nofp/crtn.o
 *(.fini)
 .fini          0x08000ae0        0x4 D:/Cube/STM32CubeIDE_1.15.1/STM32CubeIDE/plugins/com.st.stm32cube.ide.mcu.externaltools.gnu-tools-for-stm32.12.3.rel1.win32_1.0.100.202403111256/tools/bin/../lib/gcc/arm-none-eabi/12.3.1/thumb/v7-m/nofp/crti.o
                0x08000ae0                _fini
 .fini          0x08000ae4        0x8 D:/Cube/STM32CubeIDE_1.15.1/STM32CubeIDE/plugins/com.st.stm32cube.ide.mcu.externaltools.gnu-tools-for-stm32.12.3.rel1.win32_1.0.100.202403111256/tools/bin/../lib/gcc/arm-none-eabi/12.3.1/thumb/v7-m/nofp/crtn.o
                0x08000aec                        . = ALIGN (0x4)
                0x08000aec                        _etext = .

.vfp11_veneer   0x08000aec        0x0
 .vfp11_veneer  0x08000aec        0x0 linker stubs

.v4_bx          0x08000aec        0x0
 .v4_bx         0x08000aec        0x0 linker stubs

.iplt           0x08000aec        0x0
 .iplt          0x08000aec        0x0 D:/Cube/STM32CubeIDE_1.15.1/STM32CubeIDE/plugins/com.st.stm32cube.ide.mcu.externaltools.gnu-tools-for-stm32.12.3.rel1.win32_1.0.100.202403111256/tools/bin/../lib/gcc/arm-none-eabi/12.3.1/thumb/v7-m/nofp/crtbegin.o

.rodata         0x08000aec        0x0
                0x08000aec                        . = ALIGN (0x4)
 *(.rodata)
 *(.rodata*)
                0x08000aec                        . = ALIGN (0x4)

.ARM.extab      0x08000aec        0x0
                0x08000aec                        . = ALIGN (0x4)
 *(.ARM.extab* .gnu.linkonce.armextab.*)
                0x08000aec                        . = ALIGN (0x4)

.ARM            0x08000aec        0x0
                0x08000aec                        . = ALIGN (0x4)
                0x08000aec                        __exidx_start = .
 *(.ARM.exidx*)
                0x08000aec                        __exidx_end = .
                0x08000aec                        . = ALIGN (0x4)

.preinit_array  0x08000aec        0x0
                0x08000aec                        . = ALIGN (0x4)
                0x08000aec                        PROVIDE (__preinit_array_start = .)
 *(.preinit_array*)
                0x08000aec                        PROVIDE (__preinit_array_end = .)
                0x08000aec                        . = ALIGN (0x4)

.init_array     0x08000aec        0x4
                0x08000aec                        . = ALIGN (0x4)
                0x08000aec                        PROVIDE (__init_array_start = .)
 *(SORT_BY_NAME(.init_array.*))
 *(.init_array*)
 .init_array    0x08000aec        0x4 D:/Cube/STM32CubeIDE_1.15.1/STM32CubeIDE/plugins/com.st.stm32cube.ide.mcu.externaltools.gnu-tools-for-stm32.12.3.rel1.win32_1.0.100.202403111256/tools/bin/../lib/gcc/arm-none-eabi/12.3.1/thumb/v7-m/nofp/crtbegin.o
                0x08000af0                        PROVIDE (__init_array_end = .)
                0x08000af0                        . = ALIGN (0x4)

.fini_array     0x08000af0        0x4
                0x08000af0                        . = ALIGN (0x4)
                [!provide]                        PROVIDE (__fini_array_start = .)
 *(SORT_BY_NAME(.fini_array.*))
 *(.fini_array*)
 .fini_array    0x08000af0        0x4 D:/Cube/STM32CubeIDE_1.15.1/STM32CubeIDE/plugins/com.st.stm32cube.ide.mcu.externaltools.gnu-tools-for-stm32.12.3.rel1.win32_1.0.100.202403111256/tools/bin/../lib/gcc/arm-none-eabi/12.3.1/thumb/v7-m/nofp/crtbegin.o
                [!provide]                        PROVIDE (__fini_array_end = .)
                0x08000af4                        . = ALIGN (0x4)
                0x08000af4                        _sidata = LOADADDR (.data)

.rel.dyn        0x08000af4        0x0
 .rel.iplt      0x08000af4        0x0 D:/Cube/STM32CubeIDE_1.15.1/STM32CubeIDE/plugins/com.st.stm32cube.ide.mcu.externaltools.gnu-tools-for-stm32.12.3.rel1.win32_1.0.100.202403111256/tools/bin/../lib/gcc/arm-none-eabi/12.3.1/thumb/v7-m/nofp/crtbegin.o

.data           0x20000000        0x0 load address 0x08000af4
                0x20000000                        . = ALIGN (0x4)
                0x20000000                        _sdata = .
 *(.data)
 *(.data*)
 *(.RamFunc)
 *(.RamFunc*)
                0x20000000                        . = ALIGN (0x4)
                0x20000000                        _edata = .

.igot.plt       0x20000000        0x0 load address 0x08000af4
 .igot.plt      0x20000000        0x0 D:/Cube/STM32CubeIDE_1.15.1/STM32CubeIDE/plugins/com.st.stm32cube.ide.mcu.externaltools.gnu-tools-for-stm32.12.3.rel1.win32_1.0.100.202403111256/tools/bin/../lib/gcc/arm-none-eabi/12.3.1/thumb/v7-m/nofp/crtbegin.o
                0x20000000                        . = ALIGN (0x4)

.bss            0x20000000       0x30 load address 0x08000af4
                0x20000000                        _sbss = .
                0x20000000                        __bss_start__ = _sbss
 *(.bss)
 .bss           0x20000000       0x1c D:/Cube/STM32CubeIDE_1.15.1/STM32CubeIDE/plugins/com.st.stm32cube.ide.mcu.externaltools.gnu-tools-for-stm32.12.3.rel1.win32_1.0.100.202403111256/tools/bin/../lib/gcc/arm-none-eabi/12.3.1/thumb/v7-m/nofp/crtbegin.o
 *(.bss*)
 .bss.ds18b20_cmd
                0x2000001c        0x1 ./Src/ds18b20.o
                0x2000001c                ds18b20_cmd
 *fill*         0x2000001d        0x3 
 .bss.ds_buff   0x20000020        0x9 ./Src/ds18b20.o
                0x20000020                ds_buff
 *fill*         0x20000029        0x1 
 .bss.temp      0x2000002a        0x2 ./Src/ds18b20.o
                0x2000002a                temp
 .bss.temperature
                0x2000002c        0x4 ./Src/ds18b20.o
                0x2000002c                temperature
 *(COMMON)
                0x20000030                        . = ALIGN (0x4)
                0x20000030                        _ebss = .
                0x20000030                        __bss_end__ = _ebss

._user_heap_stack
                0x20000030      0x600 load address 0x08000af4
                0x20000030                        . = ALIGN (0x8)
                [!provide]                        PROVIDE (end = .)
                0x20000030                        PROVIDE (_end = .)
                0x20000230                        . = (. + _Min_Heap_Size)
 *fill*         0x20000030      0x200 
                0x20000630                        . = (. + _Min_Stack_Size)
 *fill*         0x20000230      0x400 
                0x20000630                        . = ALIGN (0x8)

/DISCARD/
 libc.a(*)
 libm.a(*)
 libgcc.a(*)

.ARM.attributes
                0x00000000       0x29
 *(.ARM.attributes)
 .ARM.attributes
                0x00000000       0x1d D:/Cube/STM32CubeIDE_1.15.1/STM32CubeIDE/plugins/com.st.stm32cube.ide.mcu.externaltools.gnu-tools-for-stm32.12.3.rel1.win32_1.0.100.202403111256/tools/bin/../lib/gcc/arm-none-eabi/12.3.1/thumb/v7-m/nofp/crti.o
 .ARM.attributes
                0x0000001d       0x2d D:/Cube/STM32CubeIDE_1.15.1/STM32CubeIDE/plugins/com.st.stm32cube.ide.mcu.externaltools.gnu-tools-for-stm32.12.3.rel1.win32_1.0.100.202403111256/tools/bin/../lib/gcc/arm-none-eabi/12.3.1/thumb/v7-m/nofp/crtbegin.o
 .ARM.attributes
                0x0000004a       0x2d ./CMSIS/Src/system_stm32f1xx.o
 .ARM.attributes
                0x00000077       0x2d ./Src/ds18b20.o
 .ARM.attributes
                0x000000a4       0x2d ./Src/main.o
 .ARM.attributes
                0x000000d1       0x21 ./Startup/startup_stm32f103c6tx.o
 .ARM.attributes
                0x000000f2       0x2d D:/Cube/STM32CubeIDE_1.15.1/STM32CubeIDE/plugins/com.st.stm32cube.ide.mcu.externaltools.gnu-tools-for-stm32.12.3.rel1.win32_1.0.100.202403111256/tools/bin/../lib/gcc/arm-none-eabi/12.3.1/../../../../arm-none-eabi/lib/thumb/v7-m/nofp\libc_nano.a(libc_a-init.o)
 .ARM.attributes
                0x0000011f       0x1d D:/Cube/STM32CubeIDE_1.15.1/STM32CubeIDE/plugins/com.st.stm32cube.ide.mcu.externaltools.gnu-tools-for-stm32.12.3.rel1.win32_1.0.100.202403111256/tools/bin/../lib/gcc/arm-none-eabi/12.3.1/thumb/v7-m/nofp\libgcc.a(_arm_mulsf3.o)
 .ARM.attributes
                0x0000013c       0x1d D:/Cube/STM32CubeIDE_1.15.1/STM32CubeIDE/plugins/com.st.stm32cube.ide.mcu.externaltools.gnu-tools-for-stm32.12.3.rel1.win32_1.0.100.202403111256/tools/bin/../lib/gcc/arm-none-eabi/12.3.1/thumb/v7-m/nofp\libgcc.a(_arm_addsubsf3.o)
 .ARM.attributes
                0x00000159       0x1d D:/Cube/STM32CubeIDE_1.15.1/STM32CubeIDE/plugins/com.st.stm32cube.ide.mcu.externaltools.gnu-tools-for-stm32.12.3.rel1.win32_1.0.100.202403111256/tools/bin/../lib/gcc/arm-none-eabi/12.3.1/thumb/v7-m/nofp/crtn.o
OUTPUT(Comitas_hackathon_CMSIS.elf elf32-littlearm)
LOAD linker stubs
LOAD D:/Cube/STM32CubeIDE_1.15.1/STM32CubeIDE/plugins/com.st.stm32cube.ide.mcu.externaltools.gnu-tools-for-stm32.12.3.rel1.win32_1.0.100.202403111256/tools/bin/../lib/gcc/arm-none-eabi/12.3.1/../../../../arm-none-eabi/lib/thumb/v7-m/nofp\libc.a
LOAD D:/Cube/STM32CubeIDE_1.15.1/STM32CubeIDE/plugins/com.st.stm32cube.ide.mcu.externaltools.gnu-tools-for-stm32.12.3.rel1.win32_1.0.100.202403111256/tools/bin/../lib/gcc/arm-none-eabi/12.3.1/../../../../arm-none-eabi/lib/thumb/v7-m/nofp\libm.a
LOAD D:/Cube/STM32CubeIDE_1.15.1/STM32CubeIDE/plugins/com.st.stm32cube.ide.mcu.externaltools.gnu-tools-for-stm32.12.3.rel1.win32_1.0.100.202403111256/tools/bin/../lib/gcc/arm-none-eabi/12.3.1/thumb/v7-m/nofp\libgcc.a

.debug_info     0x00000000      0xcab
 .debug_info    0x00000000      0x21b ./CMSIS/Src/system_stm32f1xx.o
 .debug_info    0x0000021b      0x9c1 ./Src/ds18b20.o
 .debug_info    0x00000bdc       0x9f ./Src/main.o
 .debug_info    0x00000c7b       0x30 ./Startup/startup_stm32f103c6tx.o

.debug_abbrev   0x00000000      0x44c
 .debug_abbrev  0x00000000      0x13f ./CMSIS/Src/system_stm32f1xx.o
 .debug_abbrev  0x0000013f      0x288 ./Src/ds18b20.o
 .debug_abbrev  0x000003c7       0x61 ./Src/main.o
 .debug_abbrev  0x00000428       0x24 ./Startup/startup_stm32f103c6tx.o

.debug_aranges  0x00000000      0x108
 .debug_aranges
                0x00000000       0x28 ./CMSIS/Src/system_stm32f1xx.o
 .debug_aranges
                0x00000028       0x98 ./Src/ds18b20.o
 .debug_aranges
                0x000000c0       0x20 ./Src/main.o
 .debug_aranges
                0x000000e0       0x28 ./Startup/startup_stm32f103c6tx.o

.debug_rnglists
                0x00000000       0xb5
 .debug_rnglists
                0x00000000       0x1a ./CMSIS/Src/system_stm32f1xx.o
 .debug_rnglists
                0x0000001a       0x6f ./Src/ds18b20.o
 .debug_rnglists
                0x00000089       0x13 ./Src/main.o
 .debug_rnglists
                0x0000009c       0x19 ./Startup/startup_stm32f103c6tx.o

.debug_macro    0x00000000     0xff09
 .debug_macro   0x00000000       0xc6 ./CMSIS/Src/system_stm32f1xx.o
 .debug_macro   0x000000c6      0xaae ./CMSIS/Src/system_stm32f1xx.o
 .debug_macro   0x00000b74       0x2e ./CMSIS/Src/system_stm32f1xx.o
 .debug_macro   0x00000ba2       0x22 ./CMSIS/Src/system_stm32f1xx.o
 .debug_macro   0x00000bc4       0x22 ./CMSIS/Src/system_stm32f1xx.o
 .debug_macro   0x00000be6       0x8e ./CMSIS/Src/system_stm32f1xx.o
 .debug_macro   0x00000c74       0x51 ./CMSIS/Src/system_stm32f1xx.o
 .debug_macro   0x00000cc5      0x103 ./CMSIS/Src/system_stm32f1xx.o
 .debug_macro   0x00000dc8       0x6a ./CMSIS/Src/system_stm32f1xx.o
 .debug_macro   0x00000e32      0x1df ./CMSIS/Src/system_stm32f1xx.o
 .debug_macro   0x00001011       0x1c ./CMSIS/Src/system_stm32f1xx.o
 .debug_macro   0x0000102d       0x22 ./CMSIS/Src/system_stm32f1xx.o
 .debug_macro   0x0000104f       0xbd ./CMSIS/Src/system_stm32f1xx.o
 .debug_macro   0x0000110c      0xd23 ./CMSIS/Src/system_stm32f1xx.o
 .debug_macro   0x00001e2f     0xde75 ./CMSIS/Src/system_stm32f1xx.o
 .debug_macro   0x0000fca4       0x6d ./CMSIS/Src/system_stm32f1xx.o
 .debug_macro   0x0000fd11       0xd3 ./Src/ds18b20.o
 .debug_macro   0x0000fde4       0x52 ./Src/ds18b20.o
 .debug_macro   0x0000fe36       0xd3 ./Src/main.o

.debug_line     0x00000000     0x143e
 .debug_line    0x00000000      0x575 ./CMSIS/Src/system_stm32f1xx.o
 .debug_line    0x00000575      0x917 ./Src/ds18b20.o
 .debug_line    0x00000e8c      0x537 ./Src/main.o
 .debug_line    0x000013c3       0x7b ./Startup/startup_stm32f103c6tx.o

.debug_str      0x00000000    0x53963
 .debug_str     0x00000000    0x532cf ./CMSIS/Src/system_stm32f1xx.o
                              0x534f9 (size before relaxing)
 .debug_str     0x000532cf      0x642 ./Src/ds18b20.o
                              0x53b4c (size before relaxing)
 .debug_str     0x00053911       0x13 ./Src/main.o
                              0x5357d (size before relaxing)
 .debug_str     0x00053924       0x3f ./Startup/startup_stm32f103c6tx.o
                                 0x85 (size before relaxing)

.comment        0x00000000       0x43
 .comment       0x00000000       0x43 ./CMSIS/Src/system_stm32f1xx.o
                                 0x44 (size before relaxing)
 .comment       0x00000043       0x44 ./Src/ds18b20.o
 .comment       0x00000043       0x44 ./Src/main.o

.debug_frame    0x00000000      0x354
 .debug_frame   0x00000000       0x58 ./CMSIS/Src/system_stm32f1xx.o
 .debug_frame   0x00000058      0x234 ./Src/ds18b20.o
 .debug_frame   0x0000028c       0x2c ./Src/main.o
 .debug_frame   0x000002b8       0x2c D:/Cube/STM32CubeIDE_1.15.1/STM32CubeIDE/plugins/com.st.stm32cube.ide.mcu.externaltools.gnu-tools-for-stm32.12.3.rel1.win32_1.0.100.202403111256/tools/bin/../lib/gcc/arm-none-eabi/12.3.1/../../../../arm-none-eabi/lib/thumb/v7-m/nofp\libc_nano.a(libc_a-init.o)
 .debug_frame   0x000002e4       0x24 D:/Cube/STM32CubeIDE_1.15.1/STM32CubeIDE/plugins/com.st.stm32cube.ide.mcu.externaltools.gnu-tools-for-stm32.12.3.rel1.win32_1.0.100.202403111256/tools/bin/../lib/gcc/arm-none-eabi/12.3.1/thumb/v7-m/nofp\libgcc.a(_arm_mulsf3.o)
 .debug_frame   0x00000308       0x4c D:/Cube/STM32CubeIDE_1.15.1/STM32CubeIDE/plugins/com.st.stm32cube.ide.mcu.externaltools.gnu-tools-for-stm32.12.3.rel1.win32_1.0.100.202403111256/tools/bin/../lib/gcc/arm-none-eabi/12.3.1/thumb/v7-m/nofp\libgcc.a(_arm_addsubsf3.o)

.debug_line_str
                0x00000000       0x69
 .debug_line_str
                0x00000000       0x69 ./Startup/startup_stm32f103c6tx.o
